Archive member included to satisfy reference by file (symbol)

d:/env/tools/gnu_gcc/arm_gcc/mingw/bin/../lib/gcc/arm-none-eabi/5.4.1/armv7e-m/fpu\libgcc.a(_arm_addsubdf3.o)
                              build\kernel\components\libc\compilers\minilibc\math.o (__aeabi_dsub)
d:/env/tools/gnu_gcc/arm_gcc/mingw/bin/../lib/gcc/arm-none-eabi/5.4.1/armv7e-m/fpu\libgcc.a(_arm_muldivdf3.o)
                              build\kernel\components\libc\compilers\minilibc\math.o (__aeabi_dmul)
d:/env/tools/gnu_gcc/arm_gcc/mingw/bin/../lib/gcc/arm-none-eabi/5.4.1/armv7e-m/fpu\libgcc.a(_arm_fixdfsi.o)
                              build\kernel\components\libc\compilers\minilibc\math.o (__aeabi_d2iz)
d:/env/tools/gnu_gcc/arm_gcc/mingw/bin/../lib/gcc/arm-none-eabi/5.4.1/armv7e-m/fpu\libgcc.a(_aeabi_uldivmod.o)
                              E:\sources\rt-thread\bsp\stm32\libraries\STM32F4xx_HAL\STM32F4xx_HAL_Driver\Src\stm32f4xx_hal_rcc.o (__aeabi_uldivmod)
d:/env/tools/gnu_gcc/arm_gcc/mingw/bin/../lib/gcc/arm-none-eabi/5.4.1/armv7e-m/fpu\libgcc.a(_udivmoddi4.o)
                              d:/env/tools/gnu_gcc/arm_gcc/mingw/bin/../lib/gcc/arm-none-eabi/5.4.1/armv7e-m/fpu\libgcc.a(_aeabi_uldivmod.o) (__udivmoddi4)
d:/env/tools/gnu_gcc/arm_gcc/mingw/bin/../lib/gcc/arm-none-eabi/5.4.1/armv7e-m/fpu\libgcc.a(_dvmd_tls.o)
                              d:/env/tools/gnu_gcc/arm_gcc/mingw/bin/../lib/gcc/arm-none-eabi/5.4.1/armv7e-m/fpu\libgcc.a(_aeabi_uldivmod.o) (__aeabi_ldiv0)
d:/env/tools/gnu_gcc/arm_gcc/mingw/bin/../lib/gcc/arm-none-eabi/5.4.1/../../../../arm-none-eabi/lib/armv7e-m/fpu\libc.a(lib_a-exit.o)
                              d:/env/tools/gnu_gcc/arm_gcc/mingw/bin/../lib/gcc/arm-none-eabi/5.4.1/../../../../arm-none-eabi/lib/armv7e-m/fpu/crt0.o (exit)
d:/env/tools/gnu_gcc/arm_gcc/mingw/bin/../lib/gcc/arm-none-eabi/5.4.1/../../../../arm-none-eabi/lib/armv7e-m/fpu\libc.a(lib_a-impure.o)
                              d:/env/tools/gnu_gcc/arm_gcc/mingw/bin/../lib/gcc/arm-none-eabi/5.4.1/../../../../arm-none-eabi/lib/armv7e-m/fpu\libc.a(lib_a-exit.o) (_global_impure_ptr)
d:/env/tools/gnu_gcc/arm_gcc/mingw/bin/../lib/gcc/arm-none-eabi/5.4.1/../../../../arm-none-eabi/lib/armv7e-m/fpu\libc.a(lib_a-init.o)
                              d:/env/tools/gnu_gcc/arm_gcc/mingw/bin/../lib/gcc/arm-none-eabi/5.4.1/../../../../arm-none-eabi/lib/armv7e-m/fpu/crt0.o (__libc_init_array)
d:/env/tools/gnu_gcc/arm_gcc/mingw/bin/../lib/gcc/arm-none-eabi/5.4.1/../../../../arm-none-eabi/lib/armv7e-m/fpu\libc.a(lib_a-__call_atexit.o)
                              d:/env/tools/gnu_gcc/arm_gcc/mingw/bin/../lib/gcc/arm-none-eabi/5.4.1/../../../../arm-none-eabi/lib/armv7e-m/fpu\libc.a(lib_a-exit.o) (__call_exitprocs)
d:/env/tools/gnu_gcc/arm_gcc/mingw/bin/../lib/gcc/arm-none-eabi/5.4.1/../../../../arm-none-eabi/lib/armv7e-m/fpu\libc.a(lib_a-atexit.o)
                              d:/env/tools/gnu_gcc/arm_gcc/mingw/bin/../lib/gcc/arm-none-eabi/5.4.1/../../../../arm-none-eabi/lib/armv7e-m/fpu\libc.a(lib_a-__call_atexit.o) (atexit)
d:/env/tools/gnu_gcc/arm_gcc/mingw/bin/../lib/gcc/arm-none-eabi/5.4.1/../../../../arm-none-eabi/lib/armv7e-m/fpu\libc.a(lib_a-fini.o)
                              d:/env/tools/gnu_gcc/arm_gcc/mingw/bin/../lib/gcc/arm-none-eabi/5.4.1/../../../../arm-none-eabi/lib/armv7e-m/fpu\libc.a(lib_a-__call_atexit.o) (__libc_fini_array)
d:/env/tools/gnu_gcc/arm_gcc/mingw/bin/../lib/gcc/arm-none-eabi/5.4.1/../../../../arm-none-eabi/lib/armv7e-m/fpu\libc.a(lib_a-__atexit.o)
                              d:/env/tools/gnu_gcc/arm_gcc/mingw/bin/../lib/gcc/arm-none-eabi/5.4.1/../../../../arm-none-eabi/lib/armv7e-m/fpu\libc.a(lib_a-atexit.o) (__register_exitproc)

Allocating common symbols
Common symbol       size              file

rt_interrupt_to_thread
                    0x4               build\kernel\libcpu\arm\cortex-m4\cpuport.o
rt_interrupt_from_thread
                    0x4               build\kernel\libcpu\arm\cortex-m4\cpuport.o
shell               0x4               build\kernel\components\finsh\shell.o
rt_thread_switch_interrupt_flag
                    0x4               build\kernel\libcpu\arm\cortex-m4\cpuport.o
uwTick              0x4               E:\sources\rt-thread\bsp\stm32\libraries\STM32F4xx_HAL\STM32F4xx_HAL_Driver\Src\stm32f4xx_hal.o
rt_thread_priority_table
                    0x100             build\kernel\src\scheduler.o
rt_object_put_hook  0x4               build\kernel\src\object.o
rt_current_priority
                    0x1               build\kernel\src\scheduler.o
rt_assert_hook      0x4               build\kernel\src\kservice.o
rt_object_take_hook
                    0x4               build\kernel\src\object.o
rt_current_thread   0x4               build\kernel\src\scheduler.o
rt_thread_ready_priority_group
                    0x4               build\kernel\src\scheduler.o
rt_thread_defunct   0x8               build\kernel\src\scheduler.o
rt_object_trytake_hook
[...]
Memory Configuration

Name             Origin             Length             Attributes
CODE             0x08000000         0x00100000         xr
RAM1             0x20000000         0x00020000         rw
RAM2             0x10000000         0x00010000         rw
*default*        0x00000000         0xffffffff

Linker script and memory map

LOAD d:/env/tools/gnu_gcc/arm_gcc/mingw/bin/../lib/gcc/arm-none-eabi/5.4.1/armv7e-m/fpu/crti.o
LOAD d:/env/tools/gnu_gcc/arm_gcc/mingw/bin/../lib/gcc/arm-none-eabi/5.4.1/armv7e-m/fpu/crtbegin.o
LOAD d:/env/tools/gnu_gcc/arm_gcc/mingw/bin/../lib/gcc/arm-none-eabi/5.4.1/../../../../arm-none-eabi/lib/armv7e-m/fpu/crt0.o
LOAD build\applications\main.o
LOAD build\board\board.o
LOAD build\board\CubeMX_Config\Src\stm32f4xx_hal_msp.o
LOAD E:\sources\rt-thread\bsp\stm32\libraries\STM32F4xx_HAL\CMSIS\Device\ST\STM32F4xx\Source\Templates\gcc\startup_stm32f407xx.o
LOAD build\kernel\src\clock.o
LOAD build\kernel\src\components.o
LOAD build\kernel\src\cpu.o
LOAD build\kernel\src\device.o
LOAD build\kernel\src\idle.o
LOAD build\kernel\src\ipc.o
LOAD build\kernel\src\irq.o
LOAD build\kernel\src\kservice.o
LOAD build\kernel\src\mem.o
LOAD build\kernel\src\mempool.o
LOAD build\kernel\src\object.o
LOAD build\kernel\src\scheduler.o
LOAD build\kernel\src\signal.o
LOAD build\kernel\src\thread.o
LOAD build\kernel\src\timer.o
LOAD build\kernel\libcpu\arm\common\backtrace.o
LOAD build\kernel\libcpu\arm\common\div0.o
LOAD build\kernel\libcpu\arm\common\showmem.o
LOAD build\kernel\libcpu\arm\cortex-m4\cpuport.o
LOAD build\kernel\libcpu\arm\cortex-m4\context_gcc.o
LOAD build\kernel\components\drivers\misc\pin.o
LOAD build\kernel\components\drivers\serial\serial.o
LOAD build\kernel\components\drivers\src\completion.o
LOAD build\kernel\components\drivers\src\dataqueue.o
LOAD build\kernel\components\drivers\src\pipe.o
LOAD build\kernel\components\drivers\src\ringblk_buf.o
LOAD build\kernel\components\drivers\src\ringbuffer.o
LOAD build\kernel\components\drivers\src\waitqueue.o
LOAD build\kernel\components\drivers\src\workqueue.o
LOAD build\kernel\components\drivers\usb\usbhost\core\core.o
LOAD build\kernel\components\drivers\usb\usbhost\core\driver.o
LOAD build\kernel\components\drivers\usb\usbhost\core\usbhost.o
LOAD build\kernel\components\drivers\usb\usbhost\core\hub.o
LOAD build\kernel\components\drivers\wlan\wlan_cfg.o
LOAD build\kernel\components\drivers\wlan\wlan_cmd.o
LOAD build\kernel\components\drivers\wlan\wlan_dev.o
LOAD build\kernel\components\drivers\wlan\wlan_lwip.o
LOAD build\kernel\components\drivers\wlan\wlan_mgnt.o
LOAD build\kernel\components\drivers\wlan\wlan_prot.o
LOAD build\kernel\components\drivers\wlan\wlan_workqueue.o
LOAD build\kernel\components\finsh\shell.o
LOAD build\kernel\components\finsh\symbol.o
LOAD build\kernel\components\finsh\cmd.o
LOAD build\kernel\components\finsh\msh.o
LOAD build\kernel\components\finsh\msh_cmd.o
LOAD build\kernel\components\finsh\msh_file.o
LOAD build\kernel\components\libc\compilers\minilibc\ctype.o
LOAD build\kernel\components\libc\compilers\minilibc\math.o
LOAD build\kernel\components\libc\compilers\minilibc\qsort.o
LOAD build\kernel\components\libc\compilers\minilibc\rand.o
LOAD build\kernel\components\libc\compilers\minilibc\stdlib.o
LOAD build\kernel\components\libc\compilers\minilibc\string.o
LOAD build\kernel\components\libc\compilers\minilibc\time.o
LOAD E:\sources\rt-thread\bsp\stm32\libraries\STM32F4xx_HAL\CMSIS\Device\ST\STM32F4xx\Source\Templates\system_stm32f4xx.o
LOAD E:\sources\rt-thread\bsp\stm32\libraries\STM32F4xx_HAL\STM32F4xx_HAL_Driver\Src\stm32f4xx_hal.o
LOAD E:\sources\rt-thread\bsp\stm32\libraries\STM32F4xx_HAL\STM32F4xx_HAL_Driver\Src\stm32f4xx_hal_cec.o
LOAD E:\sources\rt-thread\bsp\stm32\libraries\STM32F4xx_HAL\STM32F4xx_HAL_Driver\Src\stm32f4xx_hal_cortex.o
LOAD E:\sources\rt-thread\bsp\stm32\libraries\STM32F4xx_HAL\STM32F4xx_HAL_Driver\Src\stm32f4xx_hal_crc.o
LOAD E:\sources\rt-thread\bsp\stm32\libraries\STM32F4xx_HAL\STM32F4xx_HAL_Driver\Src\stm32f4xx_hal_cryp.o
LOAD E:\sources\rt-thread\bsp\stm32\libraries\STM32F4xx_HAL\STM32F4xx_HAL_Driver\Src\stm32f4xx_hal_cryp_ex.o
LOAD E:\sources\rt-thread\bsp\stm32\libraries\STM32F4xx_HAL\STM32F4xx_HAL_Driver\Src\stm32f4xx_hal_dma.o
LOAD E:\sources\rt-thread\bsp\stm32\libraries\STM32F4xx_HAL\STM32F4xx_HAL_Driver\Src\stm32f4xx_hal_dma_ex.o
LOAD E:\sources\rt-thread\bsp\stm32\libraries\STM32F4xx_HAL\STM32F4xx_HAL_Driver\Src\stm32f4xx_hal_pwr.o
LOAD E:\sources\rt-thread\bsp\stm32\libraries\STM32F4xx_HAL\STM32F4xx_HAL_Driver\Src\stm32f4xx_hal_pwr_ex.o
LOAD E:\sources\rt-thread\bsp\stm32\libraries\STM32F4xx_HAL\STM32F4xx_HAL_Driver\Src\stm32f4xx_hal_rcc.o
LOAD E:\sources\rt-thread\bsp\stm32\libraries\STM32F4xx_HAL\STM32F4xx_HAL_Driver\Src\stm32f4xx_hal_rcc_ex.o
LOAD E:\sources\rt-thread\bsp\stm32\libraries\STM32F4xx_HAL\STM32F4xx_HAL_Driver\Src\stm32f4xx_hal_rng.o
LOAD E:\sources\rt-thread\bsp\stm32\libraries\STM32F4xx_HAL\STM32F4xx_HAL_Driver\Src\stm32f4xx_hal_gpio.o
LOAD E:\sources\rt-thread\bsp\stm32\libraries\STM32F4xx_HAL\STM32F4xx_HAL_Driver\Src\stm32f4xx_hal_uart.o
LOAD E:\sources\rt-thread\bsp\stm32\libraries\STM32F4xx_HAL\STM32F4xx_HAL_Driver\Src\stm32f4xx_hal_usart.o
LOAD E:\sources\rt-thread\bsp\stm32\libraries\STM32F4xx_HAL\STM32F4xx_HAL_Driver\Src\stm32f4xx_hal_pccard.o
LOAD E:\sources\rt-thread\bsp\stm32\libraries\STM32F4xx_HAL\STM32F4xx_HAL_Driver\Src\stm32f4xx_hal_pcd.o
LOAD E:\sources\rt-thread\bsp\stm32\libraries\STM32F4xx_HAL\STM32F4xx_HAL_Driver\Src\stm32f4xx_hal_pcd_ex.o
LOAD E:\sources\rt-thread\bsp\stm32\libraries\STM32F4xx_HAL\STM32F4xx_HAL_Driver\Src\stm32f4xx_hal_hcd.o
LOAD E:\sources\rt-thread\bsp\stm32\libraries\STM32F4xx_HAL\STM32F4xx_HAL_Driver\Src\stm32f4xx_ll_usb.o
LOAD E:\sources\rt-thread\bsp\stm32\libraries\HAL_Drivers\drv_gpio.o
LOAD E:\sources\rt-thread\bsp\stm32\libraries\HAL_Drivers\drv_usart.o
LOAD E:\sources\rt-thread\bsp\stm32\libraries\HAL_Drivers\drv_common.o
START GROUP
LOAD d:/env/tools/gnu_gcc/arm_gcc/mingw/bin/../lib/gcc/arm-none-eabi/5.4.1/armv7e-m/fpu\libgcc.a
LOAD d:/env/tools/gnu_gcc/arm_gcc/mingw/bin/../lib/gcc/arm-none-eabi/5.4.1/../../../../arm-none-eabi/lib/armv7e-m/fpu\libc.a
END GROUP
LOAD d:/env/tools/gnu_gcc/arm_gcc/mingw/bin/../lib/gcc/arm-none-eabi/5.4.1/armv7e-m/fpu/crtend.o
LOAD d:/env/tools/gnu_gcc/arm_gcc/mingw/bin/../lib/gcc/arm-none-eabi/5.4.1/armv7e-m/fpu/crtn.o
                0x00000200                _system_stack_size = 0x200

.text           0x08000000    0x11750
                0x08000000                . = ALIGN (0x4)
                0x08000000                _stext = .
 *(.isr_vector)
 .isr_vector    0x08000000      0x188 E:\sources\rt-thread\bsp\stm32\libraries\STM32F4xx_HAL\CMSIS\Device\ST\STM32F4xx\Source\Templates\gcc\startup_stm32f407xx.o
                0x08000000                g_pfnVectors
                0x08000188                . = ALIGN (0x4)
 *(.text)
 .text          0x08000188       0x5c d:/env/tools/gnu_gcc/arm_gcc/mingw/bin/../lib/gcc/arm-none-eabi/5.4.1/armv7e-m/fpu/crtbegin.o
 .text          0x080001e4      0x138 build\kernel\libcpu\arm\cortex-m4\context_gcc.o
                0x080001e4                rt_hw_interrupt_disable
                0x080001ec                rt_hw_interrupt_enable
                0x080001f2                rt_hw_context_switch_interrupt
                0x080001f2                rt_hw_context_switch
                0x08000212                PendSV_Handler
                0x0800027e                rt_hw_context_switch_to
                0x080002c6                rt_hw_interrupt_thread_switch
                0x080002ca                HardFault_Handler
 .text          0x0800031c       0x30 d:/env/tools/gnu_gcc/arm_gcc/mingw/bin/../lib/gcc/arm-none-eabi/5.4.1/armv7e-m/fpu\libgcc.a(_aeabi_uldivmod.o)
                0x0800031c                __aeabi_uldivmod
 .text          0x0800034c      0x2e4 d:/env/tools/gnu_gcc/arm_gcc/mingw/bin/../lib/gcc/arm-none-eabi/5.4.1/armv7e-m/fpu\libgcc.a(_udivmoddi4.o)
                0x0800034c                __udivmoddi4
 .text          0x08000630        0x4 d:/env/tools/gnu_gcc/arm_gcc/mingw/bin/../lib/gcc/arm-none-eabi/5.4.1/armv7e-m/fpu\libgcc.a(_dvmd_tls.o)
                0x08000630                __aeabi_idiv0
                0x08000630                __aeabi_ldiv0
 *(.text.*)
 .text.main     0x08000634       0x90 build\applications\main.o
                0x08000634                main
 .text.SystemClock_Config
                0x080006c4      0x118 build\board\board.o
                0x080006c4                SystemClock_Config
 .text.HAL_MspInit
                0x080007dc       0x50 build\board\CubeMX_Config\Src\stm32f4xx_hal_msp.o
                0x080007dc                HAL_MspInit
 .text.HAL_UART_MspInit
                0x0800082c      0x110 build\board\CubeMX_Config\Src\stm32f4xx_hal_msp.o
                0x0800082c                HAL_UART_MspInit
 .text.Reset_Handler
                0x0800093c       0x4c E:\sources\rt-thread\bsp\stm32\libraries\STM32F4xx_HAL\CMSIS\Device\ST\STM32F4xx\Source\Templates\gcc\startup_stm32f407xx.o
                0x0800093c                Reset_Handler
 .text.Default_Handler
                0x08000988        0x2 E:\sources\rt-thread\bsp\stm32\libraries\STM32F4xx_HAL\CMSIS\Device\ST\STM32F4xx\Source\Templates\gcc\startup_stm32f407xx.o
                0x08000988                RTC_Alarm_IRQHandler
                0x08000988                HASH_RNG_IRQHandler
                0x08000988                TIM8_CC_IRQHandler
                0x08000988                DebugMon_Handler
                0x08000988                TIM1_CC_IRQHandler
                0x08000988                DMA2_Stream5_IRQHandler
                0x08000988                DMA1_Stream5_IRQHandler
                0x08000988                PVD_IRQHandler
                0x08000988                SDIO_IRQHandler
                0x08000988                TAMP_STAMP_IRQHandler
                0x08000988                NMI_Handler
                0x08000988                CAN2_RX1_IRQHandler
                0x08000988                TIM8_TRG_COM_TIM14_IRQHandler
                0x08000988                TIM1_UP_TIM10_IRQHandler
                0x08000988                TIM8_UP_TIM13_IRQHandler
                0x08000988                I2C3_ER_IRQHandler
                0x08000988                I2C2_EV_IRQHandler
                0x08000988                DMA1_Stream2_IRQHandler
                0x08000988                CAN1_RX0_IRQHandler
                0x08000988                FPU_IRQHandler
                0x08000988                OTG_HS_WKUP_IRQHandler
                0x08000988                UsageFault_Handler
                0x08000988                CAN2_SCE_IRQHandler
                0x08000988                DMA2_Stream2_IRQHandler
                0x08000988                SPI1_IRQHandler
                0x08000988                TIM6_DAC_IRQHandler
                0x08000988                TIM1_BRK_TIM9_IRQHandler
                0x08000988                DCMI_IRQHandler
                0x08000988                CAN2_RX0_IRQHandler
                0x08000988                DMA2_Stream3_IRQHandler
                0x08000988                USART6_IRQHandler
                0x08000988                USART3_IRQHandler
                0x08000988                CAN1_RX1_IRQHandler
                0x08000988                UART5_IRQHandler
                0x08000988                DMA2_Stream0_IRQHandler
                0x08000988                TIM4_IRQHandler
                0x08000988                I2C1_EV_IRQHandler
                0x08000988                DMA1_Stream6_IRQHandler
                0x08000988                DMA1_Stream1_IRQHandler
                0x08000988                UART4_IRQHandler
                0x08000988                TIM3_IRQHandler
                0x08000988                RCC_IRQHandler
                0x08000988                TIM8_BRK_TIM12_IRQHandler
                0x08000988                Default_Handler
                0x08000988                ADC_IRQHandler
                0x08000988                DMA1_Stream7_IRQHandler
                0x08000988                TIM7_IRQHandler
                0x08000988                CAN2_TX_IRQHandler
                0x08000988                TIM5_IRQHandler
                0x08000988                DMA2_Stream7_IRQHandler
                0x08000988                I2C3_EV_IRQHandler
                0x08000988                RTC_WKUP_IRQHandler
                0x08000988                ETH_WKUP_IRQHandler
                0x08000988                SPI2_IRQHandler
                0x08000988                OTG_HS_EP1_IN_IRQHandler
                0x08000988                MemManage_Handler
                0x08000988                DMA1_Stream0_IRQHandler
                0x08000988                CAN1_TX_IRQHandler
                0x08000988                SVC_Handler
                0x08000988                FSMC_IRQHandler
                0x08000988                ETH_IRQHandler
                0x08000988                OTG_HS_EP1_OUT_IRQHandler
                0x08000988                WWDG_IRQHandler
                0x08000988                TIM2_IRQHandler
                0x08000988                OTG_FS_WKUP_IRQHandler
                0x08000988                TIM1_TRG_COM_TIM11_IRQHandler
                0x08000988                OTG_HS_IRQHandler
                0x08000988                USART2_IRQHandler
                0x08000988                I2C2_ER_IRQHandler
                0x08000988                DMA2_Stream1_IRQHandler
                0x08000988                CAN1_SCE_IRQHandler
                0x08000988                FLASH_IRQHandler
                0x08000988                DMA2_Stream4_IRQHandler
                0x08000988                BusFault_Handler
                0x08000988                OTG_FS_IRQHandler
                0x08000988                SPI3_IRQHandler
                0x08000988                DMA1_Stream4_IRQHandler
                0x08000988                I2C1_ER_IRQHandler
                0x08000988                DMA2_Stream6_IRQHandler
                0x08000988                DMA1_Stream3_IRQHandler
 *fill*         0x0800098a        0x2 00000000
 .text.rt_tick_get
                0x0800098c       0x18 build\kernel\src\clock.o
                0x0800098c                rt_tick_get
 .text.rt_tick_increase
                0x080009a4       0x44 build\kernel\src\clock.o
                0x080009a4                rt_tick_increase
 .text.rt_tick_from_millisecond
                0x080009e8       0x78 build\kernel\src\clock.o
                0x080009e8                rt_tick_from_millisecond
 .text.rti_start
                0x08000a60       0x10 build\kernel\src\components.o
 .text.rti_board_start
                0x08000a70       0x10 build\kernel\src\components.o
 .text.rti_board_end
                0x08000a80       0x10 build\kernel\src\components.o
 .text.rti_end  0x08000a90       0x10 build\kernel\src\components.o
 .text.rt_components_board_init
                0x08000aa0       0x30 build\kernel\src\components.o
                0x08000aa0                rt_components_board_init
 .text.rt_components_init
                0x08000ad0       0x30 build\kernel\src\components.o
                0x08000ad0                rt_components_init
 .text.entry    0x08000b00       0x14 build\kernel\src\components.o
                0x08000b00                entry
 .text.main_thread_entry
                0x08000b14       0x18 build\kernel\src\components.o
                0x08000b14                main_thread_entry
 .text.rt_application_init
                0x08000b2c       0x4c build\kernel\src\components.o
                0x08000b2c                rt_application_init
 .text.rtthread_startup
                0x08000b78       0x30 build\kernel\src\components.o
                0x08000b78                rtthread_startup
 .text.rt_device_register
                0x08000ba8       0x54 build\kernel\src\device.o
                0x08000ba8                rt_device_register
 .text.rt_device_find
                0x08000bfc       0x90 build\kernel\src\device.o
                0x08000bfc                rt_device_find
 .text.rt_device_open
                0x08000c8c      0x11c build\kernel\src\device.o
                0x08000c8c                rt_device_open
 .text.rt_device_close
                0x08000da8       0x9c build\kernel\src\device.o
                0x08000da8                rt_device_close
 .text.rt_device_read
                0x08000e44       0x88 build\kernel\src\device.o
                0x08000e44                rt_device_read
 .text.rt_device_write
                0x08000ecc       0x88 build\kernel\src\device.o
                0x08000ecc                rt_device_write
 .text.rt_device_control
                0x08000f54       0x68 build\kernel\src\device.o
                0x08000f54                rt_device_control
 .text.rt_device_set_rx_indicate
                0x08000fbc       0x54 build\kernel\src\device.o
                0x08000fbc                rt_device_set_rx_indicate
 .text.rt_list_remove
                0x08001010       0x38 build\kernel\src\idle.o
 .text._has_defunct_thread
                0x08001048       0x2c build\kernel\src\idle.o
 .text.rt_thread_idle_excute
                0x08001074       0xc8 build\kernel\src\idle.o
                0x08001074                rt_thread_idle_excute
 .text.rt_thread_idle_entry
                0x0800113c       0x3c build\kernel\src\idle.o
 .text.rt_thread_idle_init
                0x08001178       0x74 build\kernel\src\idle.o
                0x08001178                rt_thread_idle_init
 .text.rt_list_init
                0x080011ec       0x24 build\kernel\src\ipc.o
 .text.rt_list_insert_before
                0x08001210       0x34 build\kernel\src\ipc.o
 .text.rt_list_isempty
                0x08001244       0x24 build\kernel\src\ipc.o
 .text.rt_ipc_object_init
                0x08001268       0x1c build\kernel\src\ipc.o
 .text.rt_ipc_list_suspend
                0x08001284       0x90 build\kernel\src\ipc.o
 .text.rt_ipc_list_resume
                0x08001314       0x20 build\kernel\src\ipc.o
 .text.rt_ipc_list_resume_all
                0x08001334       0x48 build\kernel\src\ipc.o
 .text.rt_sem_init
                0x0800137c       0x54 build\kernel\src\ipc.o
                0x0800137c                rt_sem_init
 .text.rt_sem_take
                0x080013d0      0x160 build\kernel\src\ipc.o
                0x080013d0                rt_sem_take
 .text.rt_sem_trytake
                0x08001530       0x1c build\kernel\src\ipc.o
                0x08001530                rt_sem_trytake
 .text.rt_sem_release
                0x0800154c       0xa0 build\kernel\src\ipc.o
                0x0800154c                rt_sem_release
 .text.rt_mutex_init
                0x080015ec       0x64 build\kernel\src\ipc.o
                0x080015ec                rt_mutex_init
 .text.rt_mutex_take
                0x08001650      0x1d0 build\kernel\src\ipc.o
                0x08001650                rt_mutex_take
 .text.rt_mutex_release
                0x08001820      0x190 build\kernel\src\ipc.o
                0x08001820                rt_mutex_release
 .text.rt_event_init
                0x080019b0       0x54 build\kernel\src\ipc.o
                0x080019b0                rt_event_init
 .text.rt_event_detach
                0x08001a04       0x7c build\kernel\src\ipc.o
                0x08001a04                rt_event_detach
 .text.rt_event_recv
                0x08001a80      0x1fc build\kernel\src\ipc.o
                0x08001a80                rt_event_recv
 .text.rt_interrupt_enter
                0x08001c7c       0x40 build\kernel\src\irq.o
                0x08001c7c                rt_interrupt_enter
 .text.rt_interrupt_leave
                0x08001cbc       0x40 build\kernel\src\irq.o
                0x08001cbc                rt_interrupt_leave
 .text.rt_interrupt_get_nest
                0x08001cfc       0x28 build\kernel\src\irq.o
                0x08001cfc                rt_interrupt_get_nest
 .text.rt_set_errno
                0x08001d24       0x40 build\kernel\src\kservice.o
                0x08001d24                rt_set_errno
 .text.rt_memset
                0x08001d64       0xb8 build\kernel\src\kservice.o
                0x08001d64                rt_memset
                0x08001d64                memset
 .text.rt_memcpy
                0x08001e1c       0xd4 build\kernel\src\kservice.o
                0x08001e1c                rt_memcpy
                0x08001e1c                memcpy
 .text.rt_memmove
                0x08001ef0       0x84 build\kernel\src\kservice.o
                0x08001ef0                rt_memmove
                0x08001ef0                memmove
 .text.rt_memcmp
                0x08001f74       0x58 build\kernel\src\kservice.o
                0x08001f74                rt_memcmp
                0x08001f74                memcmp
 .text.rt_strncpy
                0x08001fcc       0x64 build\kernel\src\kservice.o
                0x08001fcc                rt_strncpy
 .text.rt_strncmp
                0x08002030       0x4c build\kernel\src\kservice.o
                0x08002030                rt_strncmp
 .text.rt_strcmp
                0x0800207c       0x44 build\kernel\src\kservice.o
                0x0800207c                rt_strcmp
 .text.rt_strlen
                0x080020c0       0x30 build\kernel\src\kservice.o
                0x080020c0                strlen
                0x080020c0                rt_strlen
 .text.rt_show_version
                0x080020f0       0x44 build\kernel\src\kservice.o
                0x080020f0                rt_show_version
 .text.divide   0x08002134       0x68 build\kernel\src\kservice.o
 .text.skip_atoi
                0x0800219c       0x40 build\kernel\src\kservice.o
 .text.print_number
                0x080021dc      0x1dc build\kernel\src\kservice.o
 .text.rt_vsnprintf
                0x080023b8      0x548 build\kernel\src\kservice.o
                0x080023b8                rt_vsnprintf
 .text.rt_vsprintf
                0x08002900       0x24 build\kernel\src\kservice.o
                0x08002900                rt_vsprintf
                0x08002900                vsprintf
 .text.rt_sprintf
                0x08002924       0x2c build\kernel\src\kservice.o
                0x08002924                sprintf
                0x08002924                rt_sprintf
 .text.rt_console_get_device
                0x08002950       0x18 build\kernel\src\kservice.o
                0x08002950                rt_console_get_device
 .text.rt_console_set_device
                0x08002968       0x4c build\kernel\src\kservice.o
                0x08002968                rt_console_set_device
 .text.rt_hw_console_output
                0x080029b4       0x14 build\kernel\src\kservice.o
                0x080029b4                rt_hw_console_output
 .text.rt_kprintf
                0x080029c8       0x80 build\kernel\src\kservice.o
                0x080029c8                rt_kprintf
 .text.__rt_ffs
                0x08002a48       0x70 build\kernel\src\kservice.o
                0x08002a48                __rt_ffs
 .text.rt_assert_handler
                0x08002ab8       0x4c build\kernel\src\kservice.o
                0x08002ab8                rt_assert_handler
 .text.plug_holes
                0x08002b04      0x100 build\kernel\src\mem.o
 .text.rt_system_heap_init
                0x08002c04      0x118 build\kernel\src\mem.o
                0x08002c04                rt_system_heap_init
 .text.rt_malloc
                0x08002d1c      0x294 build\kernel\src\mem.o
                0x08002d1c                rt_malloc
 .text.rt_calloc
                0x08002fb0       0x3c build\kernel\src\mem.o
                0x08002fb0                rt_calloc
 .text.rt_free  0x08002fec      0x188 build\kernel\src\mem.o
                0x08002fec                rt_free
 .text.list_mem
                0x08003174       0x44 build\kernel\src\mem.o
                0x08003174                list_mem
 .text.rt_list_insert_after
                0x080031b8       0x34 build\kernel\src\object.o
 .text.rt_list_remove
                0x080031ec       0x38 build\kernel\src\object.o
 .text.rt_object_get_information
                0x08003224       0x48 build\kernel\src\object.o
                0x08003224                rt_object_get_information
 .text.rt_object_init
                0x0800326c       0x80 build\kernel\src\object.o
                0x0800326c                rt_object_init
 .text.rt_object_detach
                0x080032ec       0x5c build\kernel\src\object.o
                0x080032ec                rt_object_detach
 .text.rt_object_allocate
                0x08003348       0xd8 build\kernel\src\object.o
                0x08003348                rt_object_allocate
 .text.rt_object_delete
                0x08003420       0x7c build\kernel\src\object.o
                0x08003420                rt_object_delete
 .text.rt_object_is_systemobject
                0x0800349c       0x3c build\kernel\src\object.o
                0x0800349c                rt_object_is_systemobject
 .text.rt_object_get_type
                0x080034d8       0x34 build\kernel\src\object.o
                0x080034d8                rt_object_get_type
 .text.rt_list_init
                0x0800350c       0x24 build\kernel\src\scheduler.o
 .text.rt_list_insert_before
                0x08003530       0x34 build\kernel\src\scheduler.o
 .text.rt_list_remove
                0x08003564       0x38 build\kernel\src\scheduler.o
 .text.rt_list_isempty
                0x0800359c       0x24 build\kernel\src\scheduler.o
 .text._rt_scheduler_stack_check
                0x080035c0       0x98 build\kernel\src\scheduler.o
 .text._get_highest_priority_thread
                0x08003658       0x38 build\kernel\src\scheduler.o
 .text.rt_system_scheduler_init
                0x08003690       0x40 build\kernel\src\scheduler.o
                0x08003690                rt_system_scheduler_init
 .text.rt_system_scheduler_start
                0x080036d0       0x38 build\kernel\src\scheduler.o
                0x080036d0                rt_system_scheduler_start
 .text.rt_schedule
                0x08003708      0x14c build\kernel\src\scheduler.o
                0x08003708                rt_schedule
 .text.rt_schedule_insert_thread
                0x08003854       0xac build\kernel\src\scheduler.o
                0x08003854                rt_schedule_insert_thread
 .text.rt_schedule_remove_thread
                0x08003900       0x70 build\kernel\src\scheduler.o
                0x08003900                rt_schedule_remove_thread
 .text.rt_enter_critical
                0x08003970       0x2c build\kernel\src\scheduler.o
                0x08003970                rt_enter_critical
 .text.rt_exit_critical
                0x0800399c       0x48 build\kernel\src\scheduler.o
                0x0800399c                rt_exit_critical
 .text.rt_list_init
                0x080039e4       0x24 build\kernel\src\thread.o
 .text.rt_list_insert_after
                0x08003a08       0x34 build\kernel\src\thread.o
 .text.rt_list_remove
                0x08003a3c       0x38 build\kernel\src\thread.o
 .text.rt_thread_exit
                0x08003a74       0x68 build\kernel\src\thread.o
                0x08003a74                rt_thread_exit
 .text._rt_thread_init
                0x08003adc       0xf8 build\kernel\src\thread.o
 .text.rt_thread_init
                0x08003bd4       0x6c build\kernel\src\thread.o
                0x08003bd4                rt_thread_init
 .text.rt_thread_self
                0x08003c40       0x18 build\kernel\src\thread.o
                0x08003c40                rt_thread_self
 .text.rt_thread_startup
                0x08003c58       0xa0 build\kernel\src\thread.o
                0x08003c58                rt_thread_startup
 .text.rt_thread_create
                0x08003cf8       0x64 build\kernel\src\thread.o
                0x08003cf8                rt_thread_create
 .text.rt_thread_delete
                0x08003d5c       0xa8 build\kernel\src\thread.o
                0x08003d5c                rt_thread_delete
 .text.rt_thread_yield
                0x08003e04       0x10 build\kernel\src\thread.o
                0x08003e04                rt_thread_yield
 .text.rt_thread_sleep
                0x08003e14       0x8c build\kernel\src\thread.o
                0x08003e14                rt_thread_sleep
 .text.rt_thread_mdelay
                0x08003ea0       0x20 build\kernel\src\thread.o
                0x08003ea0                rt_thread_mdelay
 .text.rt_thread_control
                0x08003ec0       0xd4 build\kernel\src\thread.o
                0x08003ec0                rt_thread_control
 .text.rt_thread_suspend
                0x08003f94       0xcc build\kernel\src\thread.o
                0x08003f94                rt_thread_suspend
 .text.rt_thread_resume
                0x08004060       0x98 build\kernel\src\thread.o
                0x08004060                rt_thread_resume
 .text.rt_thread_timeout
                0x080040f8       0x84 build\kernel\src\thread.o
                0x080040f8                rt_thread_timeout
 .text.rt_list_init
                0x0800417c       0x24 build\kernel\src\timer.o
 .text.rt_list_insert_after
                0x080041a0       0x34 build\kernel\src\timer.o
 .text.rt_list_remove
                0x080041d4       0x38 build\kernel\src\timer.o
 .text.rt_list_isempty
                0x0800420c       0x24 build\kernel\src\timer.o
 .text._rt_timer_init
                0x08004230       0x68 build\kernel\src\timer.o
 .text._rt_timer_remove
                0x08004298       0x34 build\kernel\src\timer.o
 .text.rt_timer_init
                0x080042cc       0x48 build\kernel\src\timer.o
                0x080042cc                rt_timer_init
 .text.rt_timer_detach
                0x08004314       0x7c build\kernel\src\timer.o
                0x08004314                rt_timer_detach
 .text.rt_timer_start
                0x08004390      0x1fc build\kernel\src\timer.o
                0x08004390                rt_timer_start
 .text.rt_timer_stop
                0x0800458c       0x94 build\kernel\src\timer.o
                0x0800458c                rt_timer_stop
 .text.rt_timer_control
                0x08004620       0xa0 build\kernel\src\timer.o
                0x08004620                rt_timer_control
 .text.rt_timer_check
                0x080046c0       0xcc build\kernel\src\timer.o
                0x080046c0                rt_timer_check
 .text.rt_system_timer_init
                0x0800478c       0x34 build\kernel\src\timer.o
                0x0800478c                rt_system_timer_init
 .text.rt_system_timer_thread_init
                0x080047c0       0x10 build\kernel\src\timer.o
                0x080047c0                rt_system_timer_thread_init
 .text.rt_hw_stack_init
                0x080047d0       0x90 build\kernel\libcpu\arm\cortex-m4\cpuport.o
                0x080047d0                rt_hw_stack_init
 .text.usage_fault_track
                0x08004860       0xc4 build\kernel\libcpu\arm\cortex-m4\cpuport.o
 .text.bus_fault_track
                0x08004924       0xcc build\kernel\libcpu\arm\cortex-m4\cpuport.o
 .text.mem_manage_fault_track
                0x080049f0       0xb4 build\kernel\libcpu\arm\cortex-m4\cpuport.o
 .text.hard_fault_track
                0x08004aa4       0x78 build\kernel\libcpu\arm\cortex-m4\cpuport.o
 .text.rt_hw_hard_fault_exception
                0x08004b1c      0x184 build\kernel\libcpu\arm\cortex-m4\cpuport.o
                0x08004b1c                rt_hw_hard_fault_exception
 .text.rt_hw_cpu_reset
                0x08004ca0       0x1c build\kernel\libcpu\arm\cortex-m4\cpuport.o
                0x08004ca0                rt_hw_cpu_reset
 .text._pin_read
                0x08004cbc       0x60 build\kernel\components\drivers\misc\pin.o
 .text._pin_write
                0x08004d1c       0x5c build\kernel\components\drivers\misc\pin.o
 .text._pin_control
                0x08004d78       0x58 build\kernel\components\drivers\misc\pin.o
 .text.rt_device_pin_register
                0x08004dd0       0x74 build\kernel\components\drivers\misc\pin.o
                0x08004dd0                rt_device_pin_register
 .text.rt_pin_mode
                0x08004e44       0x40 build\kernel\components\drivers\misc\pin.o
                0x08004e44                rt_pin_mode
 .text.rt_pin_write
                0x08004e84       0x40 build\kernel\components\drivers\misc\pin.o
                0x08004e84                rt_pin_write
 .text.rt_pin_read
                0x08004ec4       0x3c build\kernel\components\drivers\misc\pin.o
                0x08004ec4                rt_pin_read
 .text._serial_poll_rx
                0x08004f00       0x74 build\kernel\components\drivers\serial\serial.o
 .text._serial_poll_tx
                0x08004f74       0x7c build\kernel\components\drivers\serial\serial.o
 .text._serial_int_rx
                0x08004ff0       0xd8 build\kernel\components\drivers\serial\serial.o
 .text._serial_int_tx
                0x080050c8       0x90 build\kernel\components\drivers\serial\serial.o
 .text._serial_fifo_calc_recved_len
                0x08005158       0x88 build\kernel\components\drivers\serial\serial.o
 .text.rt_dma_calc_recved_len
                0x080051e0       0x18 build\kernel\components\drivers\serial\serial.o
 .text.rt_dma_recv_update_get_index
                0x080051f8       0xa4 build\kernel\components\drivers\serial\serial.o
 .text.rt_dma_recv_update_put_index
                0x0800529c      0x10c build\kernel\components\drivers\serial\serial.o
 .text._serial_dma_rx
                0x080053a8      0x198 build\kernel\components\drivers\serial\serial.o
 .text._serial_dma_tx
                0x08005540       0x70 build\kernel\components\drivers\serial\serial.o
 .text.rt_serial_init
                0x080055b0       0x5c build\kernel\components\drivers\serial\serial.o
 .text.rt_serial_open
                0x0800560c      0x35c build\kernel\components\drivers\serial\serial.o
 .text.rt_serial_close
                0x08005968      0x1a8 build\kernel\components\drivers\serial\serial.o
 .text.rt_serial_read
                0x08005b10       0x84 build\kernel\components\drivers\serial\serial.o
 .text.rt_serial_write
                0x08005b94       0x84 build\kernel\components\drivers\serial\serial.o
 .text.rt_serial_control
                0x08005c18       0xd0 build\kernel\components\drivers\serial\serial.o
 .text.rt_hw_serial_register
                0x08005ce8       0x9c build\kernel\components\drivers\serial\serial.o
                0x08005ce8                rt_hw_serial_register
 .text.rt_hw_serial_isr
                0x08005d84      0x260 build\kernel\components\drivers\serial\serial.o
                0x08005d84                rt_hw_serial_isr
 .text.rt_list_init
                0x08005fe4       0x24 build\kernel\components\drivers\src\completion.o
 .text.rt_list_insert_before
                0x08006008       0x34 build\kernel\components\drivers\src\completion.o
 .text.rt_list_isempty
                0x0800603c       0x24 build\kernel\components\drivers\src\completion.o
 .text.rt_completion_init
                0x08006060       0x44 build\kernel\components\drivers\src\completion.o
                0x08006060                rt_completion_init
 .text.rt_completion_wait
                0x080060a4       0xfc build\kernel\components\drivers\src\completion.o
                0x080060a4                rt_completion_wait
 .text.rt_completion_done
                0x080061a0       0x70 build\kernel\components\drivers\src\completion.o
                0x080061a0                rt_completion_done
 .text.rt_list_init
                0x08006210       0x24 build\kernel\components\drivers\src\dataqueue.o
 .text.rt_list_insert_before
                0x08006234       0x34 build\kernel\components\drivers\src\dataqueue.o
 .text.rt_list_isempty
                0x08006268       0x24 build\kernel\components\drivers\src\dataqueue.o
 .text.rt_data_queue_init
                0x0800628c       0x84 build\kernel\components\drivers\src\dataqueue.o
                0x0800628c                rt_data_queue_init
 .text.rt_data_queue_push
                0x08006310      0x190 build\kernel\components\drivers\src\dataqueue.o
                0x08006310                rt_data_queue_push
 .text.rt_data_queue_pop
                0x080064a0      0x1e4 build\kernel\components\drivers\src\dataqueue.o
                0x080064a0                rt_data_queue_pop
 .text.rt_data_queue_peak
                0x08006684       0x9c build\kernel\components\drivers\src\dataqueue.o
                0x08006684                rt_data_queue_peak
 .text.rt_list_init
                0x08006720       0x24 build\kernel\components\drivers\src\workqueue.o
 .text.rt_list_insert_after
                0x08006744       0x34 build\kernel\components\drivers\src\workqueue.o
 .text.rt_list_remove
                0x08006778       0x38 build\kernel\components\drivers\src\workqueue.o
 .text.rt_list_isempty
                0x080067b0       0x24 build\kernel\components\drivers\src\workqueue.o
 .text._workqueue_work_completion
                0x080067d4       0x4c build\kernel\components\drivers\src\workqueue.o
 .text._workqueue_thread_entry
                0x08006820       0x8c build\kernel\components\drivers\src\workqueue.o
 .text.rt_workqueue_create
                0x080068ac       0x8c build\kernel\components\drivers\src\workqueue.o
                0x080068ac                rt_workqueue_create
 .text.rt_workqueue_dowork
                0x08006938       0x98 build\kernel\components\drivers\src\workqueue.o
                0x08006938                rt_workqueue_dowork
 .text.rt_wlan_cfg_init
                0x080069d0       0x48 build\kernel\components\drivers\wlan\wlan_cfg.o
                0x080069d0                rt_wlan_cfg_init
 .text.rt_wlan_cfg_get_num
                0x08006a18       0x18 build\kernel\components\drivers\wlan\wlan_cfg.o
                0x08006a18                rt_wlan_cfg_get_num
 .text.rt_wlan_cfg_read_index
                0x08006a30       0x78 build\kernel\components\drivers\wlan\wlan_cfg.o
                0x08006a30                rt_wlan_cfg_read_index
 .text.wifi_help
                0x08006aa8       0x70 build\kernel\components\drivers\wlan\wlan_cmd.o
 .text.wifi_status
                0x08006b18      0x190 build\kernel\components\drivers\wlan\wlan_cmd.o
 .text.wifi_scan
                0x08006ca8      0x288 build\kernel\components\drivers\wlan\wlan_cmd.o
 .text.wifi_join
                0x08006f30       0x8c build\kernel\components\drivers\wlan\wlan_cmd.o
 .text.wifi_ap  0x08006fbc       0x4c build\kernel\components\drivers\wlan\wlan_cmd.o
 .text.wifi_list_sta
                0x08007008      0x110 build\kernel\components\drivers\wlan\wlan_cmd.o
 .text.wifi_disconnect
                0x08007118       0x24 build\kernel\components\drivers\wlan\wlan_cmd.o
 .text.wifi_ap_stop
                0x0800713c       0x24 build\kernel\components\drivers\wlan\wlan_cmd.o
 .text.wifi_msh
                0x08007160       0xa0 build\kernel\components\drivers\wlan\wlan_cmd.o
 .text.rt_wlan_dev_connect
                0x08007200       0xdc build\kernel\components\drivers\wlan\wlan_dev.o
                0x08007200                rt_wlan_dev_connect
 .text.rt_wlan_dev_disconnect
                0x080072dc       0x30 build\kernel\components\drivers\wlan\wlan_dev.o
                0x080072dc                rt_wlan_dev_disconnect
 .text.rt_wlan_dev_ap_start
                0x0800730c       0xd0 build\kernel\components\drivers\wlan\wlan_dev.o
                0x0800730c                rt_wlan_dev_ap_start
 .text.rt_wlan_dev_ap_stop
                0x080073dc       0x30 build\kernel\components\drivers\wlan\wlan_dev.o
                0x080073dc                rt_wlan_dev_ap_stop
 .text.rt_wlan_dev_get_rssi
                0x0800740c       0x4c build\kernel\components\drivers\wlan\wlan_dev.o
                0x0800740c                rt_wlan_dev_get_rssi
 .text.rt_wlan_dev_scan
                0x08007458       0xb0 build\kernel\components\drivers\wlan\wlan_dev.o
                0x08007458                rt_wlan_dev_scan
 .text.rt_list_init
                0x08007508       0x24 build\kernel\components\drivers\wlan\wlan_mgnt.o
 .text.rt_work_init
                0x0800752c       0x28 build\kernel\components\drivers\wlan\wlan_mgnt.o
 .text._sta_is_null
                0x08007554       0x20 build\kernel\components\drivers\wlan\wlan_mgnt.o
 .text._ap_is_null
                0x08007574       0x20 build\kernel\components\drivers\wlan\wlan_mgnt.o
 .text._is_do_connect
                0x08007594       0x34 build\kernel\components\drivers\wlan\wlan_mgnt.o
 .text.rt_wlan_auto_connect_run
                0x080075c8       0xdc build\kernel\components\drivers\wlan\wlan_mgnt.o
 .text.rt_wlan_cyclic_check
                0x080076a4       0x70 build\kernel\components\drivers\wlan\wlan_mgnt.o
 .text.rt_wlan_complete_create
                0x08007714       0xc8 build\kernel\components\drivers\wlan\wlan_mgnt.o
 .text.rt_wlan_complete_wait
                0x080077dc       0x5c build\kernel\components\drivers\wlan\wlan_mgnt.o
 .text.rt_wlan_complete_delete
                0x08007838       0x4c build\kernel\components\drivers\wlan\wlan_mgnt.o
 .text.rt_wlan_find_best_by_cache
                0x08007884      0x174 build\kernel\components\drivers\wlan\wlan_mgnt.o
                0x08007884                rt_wlan_find_best_by_cache
 .text.rt_wlan_connect
                0x080079f8      0x204 build\kernel\components\drivers\wlan\wlan_mgnt.o
                0x080079f8                rt_wlan_connect
 .text.rt_wlan_connect_adv
                0x08007bfc      0x24c build\kernel\components\drivers\wlan\wlan_mgnt.o
                0x08007bfc                rt_wlan_connect_adv
 .text.rt_wlan_disconnect
                0x08007e48      0x114 build\kernel\components\drivers\wlan\wlan_mgnt.o
                0x08007e48                rt_wlan_disconnect
 .text.rt_wlan_is_connected
                0x08007f5c       0x38 build\kernel\components\drivers\wlan\wlan_mgnt.o
                0x08007f5c                rt_wlan_is_connected
 .text.rt_wlan_get_info
                0x08007f94       0x4c build\kernel\components\drivers\wlan\wlan_mgnt.o
                0x08007f94                rt_wlan_get_info
 .text.rt_wlan_get_rssi
                0x08007fe0       0x48 build\kernel\components\drivers\wlan\wlan_mgnt.o
                0x08007fe0                rt_wlan_get_rssi
 .text.rt_wlan_start_ap
                0x08008028      0x188 build\kernel\components\drivers\wlan\wlan_mgnt.o
                0x08008028                rt_wlan_start_ap
 .text.rt_wlan_start_ap_adv
                0x080081b0      0x15c build\kernel\components\drivers\wlan\wlan_mgnt.o
                0x080081b0                rt_wlan_start_ap_adv
 .text.rt_wlan_ap_is_active
                0x0800830c       0x3c build\kernel\components\drivers\wlan\wlan_mgnt.o
                0x0800830c                rt_wlan_ap_is_active
 .text.rt_wlan_ap_stop
                0x08008348      0x114 build\kernel\components\drivers\wlan\wlan_mgnt.o
                0x08008348                rt_wlan_ap_stop
 .text.rt_wlan_ap_get_info
                0x0800845c       0x44 build\kernel\components\drivers\wlan\wlan_mgnt.o
                0x0800845c                rt_wlan_ap_get_info
 .text.rt_wlan_ap_get_sta_num
                0x080084a0       0x34 build\kernel\components\drivers\wlan\wlan_mgnt.o
                0x080084a0                rt_wlan_ap_get_sta_num
 .text.rt_wlan_ap_get_sta_info
                0x080084d4       0x90 build\kernel\components\drivers\wlan\wlan_mgnt.o
                0x080084d4                rt_wlan_ap_get_sta_info
 .text.rt_wlan_get_autoreconnect_mode
                0x08008564       0x34 build\kernel\components\drivers\wlan\wlan_mgnt.o
                0x08008564                rt_wlan_get_autoreconnect_mode
 .text.rt_wlan_scan_sync
                0x08008598       0x2c build\kernel\components\drivers\wlan\wlan_mgnt.o
                0x08008598                rt_wlan_scan_sync
 .text.rt_wlan_scan_with_info
                0x080085c4      0x134 build\kernel\components\drivers\wlan\wlan_mgnt.o
                0x080085c4                rt_wlan_scan_with_info
 .text.rt_wlan_scan_result_clean
                0x080086f8       0x54 build\kernel\components\drivers\wlan\wlan_mgnt.o
                0x080086f8                rt_wlan_scan_result_clean
 .text.rt_wlan_init
                0x0800874c       0xcc build\kernel\components\drivers\wlan\wlan_mgnt.o
                0x0800874c                rt_wlan_init
 .text.rt_wlan_get_workqueue
                0x08008818       0x18 build\kernel\components\drivers\wlan\wlan_workqueue.o
                0x08008818                rt_wlan_get_workqueue
 .text.rt_wlan_workqueue_init
                0x08008830       0x70 build\kernel\components\drivers\wlan\wlan_workqueue.o
                0x08008830                rt_wlan_workqueue_init
 .text.finsh_get_prompt
                0x080088a0       0xa0 build\kernel\components\finsh\shell.o
                0x080088a0                finsh_get_prompt
 .text.finsh_set_prompt_mode
                0x08008940       0x48 build\kernel\components\finsh\shell.o
                0x08008940                finsh_set_prompt_mode
 .text.finsh_getchar
                0x08008988       0x5c build\kernel\components\finsh\shell.o
 .text.finsh_rx_ind
                0x080089e4       0x3c build\kernel\components\finsh\shell.o
 .text.finsh_set_device
                0x08008a20       0xd8 build\kernel\components\finsh\shell.o
                0x08008a20                finsh_set_device
 .text.shell_auto_complete
                0x08008af8       0x40 build\kernel\components\finsh\shell.o
 .text.shell_handle_history
                0x08008b38       0x34 build\kernel\components\finsh\shell.o
 .text.shell_push_history
                0x08008b6c      0x160 build\kernel\components\finsh\shell.o
 .text.finsh_thread_entry
                0x08008ccc      0x5dc build\kernel\components\finsh\shell.o
                0x08008ccc                finsh_thread_entry
 .text.finsh_system_function_init
                0x080092a8       0x2c build\kernel\components\finsh\shell.o
                0x080092a8                finsh_system_function_init
 .text.finsh_system_var_init
                0x080092d4       0x2c build\kernel\components\finsh\shell.o
                0x080092d4                finsh_system_var_init
 .text.finsh_system_init
                0x08009300       0xac build\kernel\components\finsh\shell.o
                0x08009300                finsh_system_init
 .text.rt_list_isempty
                0x080093ac       0x24 build\kernel\components\finsh\cmd.o
 .text.rt_list_len
                0x080093d0       0x38 build\kernel\components\finsh\cmd.o
 .text.hello    0x08009408       0x14 build\kernel\components\finsh\cmd.o
                0x08009408                hello
 .text.version  0x0800941c       0x10 build\kernel\components\finsh\cmd.o
                0x0800941c                version
 .text.object_split
                0x0800942c       0x28 build\kernel\components\finsh\cmd.o
 .text.list_find_init
                0x08009454       0x48 build\kernel\components\finsh\cmd.o
 .text.list_get_next
                0x0800949c       0xc8 build\kernel\components\finsh\cmd.o
 .text.list_thread
                0x08009564      0x208 build\kernel\components\finsh\cmd.o
                0x08009564                list_thread
 .text.show_wait_queue
                0x0800976c       0x50 build\kernel\components\finsh\cmd.o
 .text.list_sem
                0x080097bc      0x12c build\kernel\components\finsh\cmd.o
                0x080097bc                list_sem
 .text.list_event
                0x080098e8      0x118 build\kernel\components\finsh\cmd.o
                0x080098e8                list_event
 .text.list_mutex
                0x08009a00       0xe8 build\kernel\components\finsh\cmd.o
                0x08009a00                list_mutex
 .text.list_mailbox
                0x08009ae8      0x13c build\kernel\components\finsh\cmd.o
                0x08009ae8                list_mailbox
 .text.list_msgqueue
                0x08009c24      0x12c build\kernel\components\finsh\cmd.o
                0x08009c24                list_msgqueue
 .text.list_mempool
                0x08009d50      0x128 build\kernel\components\finsh\cmd.o
                0x08009d50                list_mempool
 .text.list_timer
                0x08009e78      0x108 build\kernel\components\finsh\cmd.o
                0x08009e78                list_timer
 .text.list_device
                0x08009f80       0xf0 build\kernel\components\finsh\cmd.o
                0x08009f80                list_device
 .text.list     0x0800a070       0x6c build\kernel\components\finsh\cmd.o
                0x0800a070                list
 .text.msh_is_used
                0x0800a0dc       0x10 build\kernel\components\finsh\msh.o
                0x0800a0dc                msh_is_used
 .text.msh_help
                0x0800a0ec       0x7c build\kernel\components\finsh\msh.o
                0x0800a0ec                msh_help
 .text.msh_split
                0x0800a168      0x170 build\kernel\components\finsh\msh.o
 .text.msh_get_cmd
                0x0800a2d8       0x80 build\kernel\components\finsh\msh.o
 .text._msh_exec_cmd
                0x0800a358       0xd4 build\kernel\components\finsh\msh.o
 .text.msh_exec
                0x0800a42c       0x84 build\kernel\components\finsh\msh.o
                0x0800a42c                msh_exec
 .text.str_common
                0x0800a4b0       0x4c build\kernel\components\finsh\msh.o
 .text.msh_auto_complete
                0x0800a4fc       0xd0 build\kernel\components\finsh\msh.o
                0x0800a4fc                msh_auto_complete
 .text.cmd_ps   0x0800a5cc       0x18 build\kernel\components\finsh\msh_cmd.o
                0x0800a5cc                cmd_ps
 .text.cmd_time
                0x0800a5e4       0x18 build\kernel\components\finsh\msh_cmd.o
                0x0800a5e4                cmd_time
 .text.cmd_free
                0x0800a5fc       0x18 build\kernel\components\finsh\msh_cmd.o
                0x0800a5fc                cmd_free
 .text.malloc   0x0800a614       0x18 build\kernel\components\libc\compilers\minilibc\stdlib.o
                0x0800a614                malloc
 .text.strncpy  0x0800a62c       0x20 build\kernel\components\libc\compilers\minilibc\string.o
                0x0800a62c                strncpy
 .text.strncmp  0x0800a64c       0x4c build\kernel\components\libc\compilers\minilibc\string.o
                0x0800a64c                strncmp
 .text.SystemInit
                0x0800a698       0x6c E:\sources\rt-thread\bsp\stm32\libraries\STM32F4xx_HAL\CMSIS\Device\ST\STM32F4xx\Source\Templates\system_stm32f4xx.o
                0x0800a698                SystemInit
 .text.HAL_Init
                0x0800a704       0x44 E:\sources\rt-thread\bsp\stm32\libraries\STM32F4xx_HAL\STM32F4xx_HAL_Driver\Src\stm32f4xx_hal.o
                0x0800a704                HAL_Init
 .text.HAL_IncTick
                0x0800a748       0x28 E:\sources\rt-thread\bsp\stm32\libraries\STM32F4xx_HAL\STM32F4xx_HAL_Driver\Src\stm32f4xx_hal.o
                0x0800a748                HAL_IncTick
 .text.NVIC_SetPriorityGrouping
                0x0800a770       0x48 E:\sources\rt-thread\bsp\stm32\libraries\STM32F4xx_HAL\STM32F4xx_HAL_Driver\Src\stm32f4xx_hal_cortex.o
 .text.NVIC_GetPriorityGrouping
                0x0800a7b8       0x1c E:\sources\rt-thread\bsp\stm32\libraries\STM32F4xx_HAL\STM32F4xx_HAL_Driver\Src\stm32f4xx_hal_cortex.o
 .text.NVIC_EnableIRQ
                0x0800a7d4       0x34 E:\sources\rt-thread\bsp\stm32\libraries\STM32F4xx_HAL\STM32F4xx_HAL_Driver\Src\stm32f4xx_hal_cortex.o
 .text.NVIC_DisableIRQ
                0x0800a808       0x34 E:\sources\rt-thread\bsp\stm32\libraries\STM32F4xx_HAL\STM32F4xx_HAL_Driver\Src\stm32f4xx_hal_cortex.o
 .text.NVIC_SetPriority
                0x0800a83c       0x54 E:\sources\rt-thread\bsp\stm32\libraries\STM32F4xx_HAL\STM32F4xx_HAL_Driver\Src\stm32f4xx_hal_cortex.o
 .text.NVIC_EncodePriority
                0x0800a890       0x64 E:\sources\rt-thread\bsp\stm32\libraries\STM32F4xx_HAL\STM32F4xx_HAL_Driver\Src\stm32f4xx_hal_cortex.o
 .text.SysTick_Config
                0x0800a8f4       0x44 E:\sources\rt-thread\bsp\stm32\libraries\STM32F4xx_HAL\STM32F4xx_HAL_Driver\Src\stm32f4xx_hal_cortex.o
 .text.HAL_NVIC_SetPriorityGrouping
                0x0800a938       0x18 E:\sources\rt-thread\bsp\stm32\libraries\STM32F4xx_HAL\STM32F4xx_HAL_Driver\Src\stm32f4xx_hal_cortex.o
                0x0800a938                HAL_NVIC_SetPriorityGrouping
 .text.HAL_NVIC_SetPriority
                0x0800a950       0x38 E:\sources\rt-thread\bsp\stm32\libraries\STM32F4xx_HAL\STM32F4xx_HAL_Driver\Src\stm32f4xx_hal_cortex.o
                0x0800a950                HAL_NVIC_SetPriority
 .text.HAL_NVIC_EnableIRQ
                0x0800a988       0x1c E:\sources\rt-thread\bsp\stm32\libraries\STM32F4xx_HAL\STM32F4xx_HAL_Driver\Src\stm32f4xx_hal_cortex.o
                0x0800a988                HAL_NVIC_EnableIRQ
 .text.HAL_NVIC_DisableIRQ
                0x0800a9a4       0x1c E:\sources\rt-thread\bsp\stm32\libraries\STM32F4xx_HAL\STM32F4xx_HAL_Driver\Src\stm32f4xx_hal_cortex.o
                0x0800a9a4                HAL_NVIC_DisableIRQ
 .text.HAL_SYSTICK_Config
                0x0800a9c0       0x18 E:\sources\rt-thread\bsp\stm32\libraries\STM32F4xx_HAL\STM32F4xx_HAL_Driver\Src\stm32f4xx_hal_cortex.o
                0x0800a9c0                HAL_SYSTICK_Config
 .text.HAL_SYSTICK_CLKSourceConfig
                0x0800a9d8       0x38 E:\sources\rt-thread\bsp\stm32\libraries\STM32F4xx_HAL\STM32F4xx_HAL_Driver\Src\stm32f4xx_hal_cortex.o
                0x0800a9d8                HAL_SYSTICK_CLKSourceConfig
 .text.HAL_DMA_Init
                0x0800aa10      0x15c E:\sources\rt-thread\bsp\stm32\libraries\STM32F4xx_HAL\STM32F4xx_HAL_Driver\Src\stm32f4xx_hal_dma.o
                0x0800aa10                HAL_DMA_Init
 .text.HAL_DMA_DeInit
                0x0800ab6c       0x98 E:\sources\rt-thread\bsp\stm32\libraries\STM32F4xx_HAL\STM32F4xx_HAL_Driver\Src\stm32f4xx_hal_dma.o
                0x0800ab6c                HAL_DMA_DeInit
 .text.HAL_DMA_Start_IT
                0x0800ac04       0xc0 E:\sources\rt-thread\bsp\stm32\libraries\STM32F4xx_HAL\STM32F4xx_HAL_Driver\Src\stm32f4xx_hal_dma.o
                0x0800ac04                HAL_DMA_Start_IT
 .text.DMA_SetConfig
                0x0800acc4       0x5c E:\sources\rt-thread\bsp\stm32\libraries\STM32F4xx_HAL\STM32F4xx_HAL_Driver\Src\stm32f4xx_hal_dma.o
 .text.DMA_CalcBaseAndBitshift
                0x0800ad20       0x6c E:\sources\rt-thread\bsp\stm32\libraries\STM32F4xx_HAL\STM32F4xx_HAL_Driver\Src\stm32f4xx_hal_dma.o
 .text.DMA_CheckFifoParam
                0x0800ad8c       0xf4 E:\sources\rt-thread\bsp\stm32\libraries\STM32F4xx_HAL\STM32F4xx_HAL_Driver\Src\stm32f4xx_hal_dma.o
 .text.HAL_RCC_OscConfig
                0x0800ae80      0x480 E:\sources\rt-thread\bsp\stm32\libraries\STM32F4xx_HAL\STM32F4xx_HAL_Driver\Src\stm32f4xx_hal_rcc.o
                0x0800ae80                HAL_RCC_OscConfig
 .text.HAL_RCC_ClockConfig
                0x0800b300      0x1c4 E:\sources\rt-thread\bsp\stm32\libraries\STM32F4xx_HAL\STM32F4xx_HAL_Driver\Src\stm32f4xx_hal_rcc.o
                0x0800b300                HAL_RCC_ClockConfig
 .text.HAL_RCC_GetSysClockFreq
                0x0800b4c4      0x1ac E:\sources\rt-thread\bsp\stm32\libraries\STM32F4xx_HAL\STM32F4xx_HAL_Driver\Src\stm32f4xx_hal_rcc.o
                0x0800b4c4                HAL_RCC_GetSysClockFreq
 .text.HAL_RCC_GetHCLKFreq
                0x0800b670       0x18 E:\sources\rt-thread\bsp\stm32\libraries\STM32F4xx_HAL\STM32F4xx_HAL_Driver\Src\stm32f4xx_hal_rcc.o
                0x0800b670                HAL_RCC_GetHCLKFreq
 .text.HAL_RCC_GetPCLK1Freq
                0x0800b688       0x28 E:\sources\rt-thread\bsp\stm32\libraries\STM32F4xx_HAL\STM32F4xx_HAL_Driver\Src\stm32f4xx_hal_rcc.o
                0x0800b688                HAL_RCC_GetPCLK1Freq
 .text.HAL_RCC_GetPCLK2Freq
                0x0800b6b0       0x28 E:\sources\rt-thread\bsp\stm32\libraries\STM32F4xx_HAL\STM32F4xx_HAL_Driver\Src\stm32f4xx_hal_rcc.o
                0x0800b6b0                HAL_RCC_GetPCLK2Freq
 .text.HAL_RCCEx_PeriphCLKConfig
                0x0800b6d8      0x1c4 E:\sources\rt-thread\bsp\stm32\libraries\STM32F4xx_HAL\STM32F4xx_HAL_Driver\Src\stm32f4xx_hal_rcc_ex.o
                0x0800b6d8                HAL_RCCEx_PeriphCLKConfig
 .text.HAL_GPIO_Init
                0x0800b89c      0x334 E:\sources\rt-thread\bsp\stm32\libraries\STM32F4xx_HAL\STM32F4xx_HAL_Driver\Src\stm32f4xx_hal_gpio.o
                0x0800b89c                HAL_GPIO_Init
 .text.HAL_GPIO_DeInit
                0x0800bbd0      0x1f8 E:\sources\rt-thread\bsp\stm32\libraries\STM32F4xx_HAL\STM32F4xx_HAL_Driver\Src\stm32f4xx_hal_gpio.o
                0x0800bbd0                HAL_GPIO_DeInit
 .text.HAL_GPIO_ReadPin
                0x0800bdc8       0x30 E:\sources\rt-thread\bsp\stm32\libraries\STM32F4xx_HAL\STM32F4xx_HAL_Driver\Src\stm32f4xx_hal_gpio.o
                0x0800bdc8                HAL_GPIO_ReadPin
 .text.HAL_GPIO_WritePin
                0x0800bdf8       0x34 E:\sources\rt-thread\bsp\stm32\libraries\STM32F4xx_HAL\STM32F4xx_HAL_Driver\Src\stm32f4xx_hal_gpio.o
                0x0800bdf8                HAL_GPIO_WritePin
 .text.HAL_GPIO_EXTI_IRQHandler
                0x0800be2c       0x30 E:\sources\rt-thread\bsp\stm32\libraries\STM32F4xx_HAL\STM32F4xx_HAL_Driver\Src\stm32f4xx_hal_gpio.o
                0x0800be2c                HAL_GPIO_EXTI_IRQHandler
 .text.HAL_UART_Init
                0x0800be5c       0x9c E:\sources\rt-thread\bsp\stm32\libraries\STM32F4xx_HAL\STM32F4xx_HAL_Driver\Src\stm32f4xx_hal_uart.o
                0x0800be5c                HAL_UART_Init
 .text.HAL_UART_Receive_DMA
                0x0800bef8      0x100 E:\sources\rt-thread\bsp\stm32\libraries\STM32F4xx_HAL\STM32F4xx_HAL_Driver\Src\stm32f4xx_hal_uart.o
                0x0800bef8                HAL_UART_Receive_DMA
 .text.HAL_UART_RxHalfCpltCallback
                0x0800bff8       0x14 E:\sources\rt-thread\bsp\stm32\libraries\STM32F4xx_HAL\STM32F4xx_HAL_Driver\Src\stm32f4xx_hal_uart.o
                0x0800bff8                HAL_UART_RxHalfCpltCallback
 .text.UART_DMAReceiveCplt
                0x0800c00c       0x68 E:\sources\rt-thread\bsp\stm32\libraries\STM32F4xx_HAL\STM32F4xx_HAL_Driver\Src\stm32f4xx_hal_uart.o
 .text.UART_DMARxHalfCplt
                0x0800c074       0x1c E:\sources\rt-thread\bsp\stm32\libraries\STM32F4xx_HAL\STM32F4xx_HAL_Driver\Src\stm32f4xx_hal_uart.o
 .text.UART_DMAError
                0x0800c090       0x94 E:\sources\rt-thread\bsp\stm32\libraries\STM32F4xx_HAL\STM32F4xx_HAL_Driver\Src\stm32f4xx_hal_uart.o
 .text.UART_EndTxTransfer
                0x0800c124       0x2c E:\sources\rt-thread\bsp\stm32\libraries\STM32F4xx_HAL\STM32F4xx_HAL_Driver\Src\stm32f4xx_hal_uart.o
 .text.UART_EndRxTransfer
                0x0800c150       0x3c E:\sources\rt-thread\bsp\stm32\libraries\STM32F4xx_HAL\STM32F4xx_HAL_Driver\Src\stm32f4xx_hal_uart.o
 .text.UART_SetConfig
                0x0800c18c      0x438 E:\sources\rt-thread\bsp\stm32\libraries\STM32F4xx_HAL\STM32F4xx_HAL_Driver\Src\stm32f4xx_hal_uart.o
 .text.get_pin  0x0800c5c4       0x48 E:\sources\rt-thread\bsp\stm32\libraries\HAL_Drivers\drv_gpio.o
 .text.stm32_pin_write
                0x0800c60c       0x3c E:\sources\rt-thread\bsp\stm32\libraries\HAL_Drivers\drv_gpio.o
 .text.stm32_pin_read
                0x0800c648       0x44 E:\sources\rt-thread\bsp\stm32\libraries\HAL_Drivers\drv_gpio.o
 .text.stm32_pin_mode
                0x0800c68c       0x98 E:\sources\rt-thread\bsp\stm32\libraries\HAL_Drivers\drv_gpio.o
 .text.bit2bitno
                0x0800c724       0x40 E:\sources\rt-thread\bsp\stm32\libraries\HAL_Drivers\drv_gpio.o
 .text.get_pin_irq_map
                0x0800c764       0x34 E:\sources\rt-thread\bsp\stm32\libraries\HAL_Drivers\drv_gpio.o
 .text.stm32_pin_attach_irq
                0x0800c798      0x148 E:\sources\rt-thread\bsp\stm32\libraries\HAL_Drivers\drv_gpio.o
 .text.stm32_pin_dettach_irq
                0x0800c8e0       0xd0 E:\sources\rt-thread\bsp\stm32\libraries\HAL_Drivers\drv_gpio.o
 .text.stm32_pin_irq_enable
                0x0800c9b0      0x1e0 E:\sources\rt-thread\bsp\stm32\libraries\HAL_Drivers\drv_gpio.o
 .text.pin_irq_hdr
                0x0800cb90       0x54 E:\sources\rt-thread\bsp\stm32\libraries\HAL_Drivers\drv_gpio.o
 .text.HAL_GPIO_EXTI_Callback
                0x0800cbe4       0x24 E:\sources\rt-thread\bsp\stm32\libraries\HAL_Drivers\drv_gpio.o
                0x0800cbe4                HAL_GPIO_EXTI_Callback
 .text.EXTI0_IRQHandler
                0x0800cc08       0x18 E:\sources\rt-thread\bsp\stm32\libraries\HAL_Drivers\drv_gpio.o
                0x0800cc08                EXTI0_IRQHandler
 .text.EXTI1_IRQHandler
                0x0800cc20       0x18 E:\sources\rt-thread\bsp\stm32\libraries\HAL_Drivers\drv_gpio.o
                0x0800cc20                EXTI1_IRQHandler
 .text.EXTI2_IRQHandler
                0x0800cc38       0x18 E:\sources\rt-thread\bsp\stm32\libraries\HAL_Drivers\drv_gpio.o
                0x0800cc38                EXTI2_IRQHandler
 .text.EXTI3_IRQHandler
                0x0800cc50       0x18 E:\sources\rt-thread\bsp\stm32\libraries\HAL_Drivers\drv_gpio.o
                0x0800cc50                EXTI3_IRQHandler
 .text.EXTI4_IRQHandler
                0x0800cc68       0x18 E:\sources\rt-thread\bsp\stm32\libraries\HAL_Drivers\drv_gpio.o
                0x0800cc68                EXTI4_IRQHandler
 .text.EXTI9_5_IRQHandler
                0x0800cc80       0x34 E:\sources\rt-thread\bsp\stm32\libraries\HAL_Drivers\drv_gpio.o
                0x0800cc80                EXTI9_5_IRQHandler
 .text.EXTI15_10_IRQHandler
                0x0800ccb4       0x40 E:\sources\rt-thread\bsp\stm32\libraries\HAL_Drivers\drv_gpio.o
                0x0800ccb4                EXTI15_10_IRQHandler
 .text.rt_hw_pin_init
                0x0800ccf4      0x124 E:\sources\rt-thread\bsp\stm32\libraries\HAL_Drivers\drv_gpio.o
                0x0800ccf4                rt_hw_pin_init
 .text.NVIC_EnableIRQ
                0x0800ce18       0x34 E:\sources\rt-thread\bsp\stm32\libraries\HAL_Drivers\drv_usart.o
 .text.NVIC_DisableIRQ
                0x0800ce4c       0x34 E:\sources\rt-thread\bsp\stm32\libraries\HAL_Drivers\drv_usart.o
 .text.stm32_configure
                0x0800ce80      0x128 E:\sources\rt-thread\bsp\stm32\libraries\HAL_Drivers\drv_usart.o
 .text.stm32_control
                0x0800cfa8       0xac E:\sources\rt-thread\bsp\stm32\libraries\HAL_Drivers\drv_usart.o
 .text.stm32_putc
                0x0800d054       0x58 E:\sources\rt-thread\bsp\stm32\libraries\HAL_Drivers\drv_usart.o
 .text.stm32_getc
                0x0800d0ac       0x64 E:\sources\rt-thread\bsp\stm32\libraries\HAL_Drivers\drv_usart.o
 .text.uart_isr
                0x0800d110      0x1fc E:\sources\rt-thread\bsp\stm32\libraries\HAL_Drivers\drv_usart.o
 .text.USART1_IRQHandler
                0x0800d30c       0x1c E:\sources\rt-thread\bsp\stm32\libraries\HAL_Drivers\drv_usart.o
                0x0800d30c                USART1_IRQHandler
 .text.stm32_dma_config
                0x0800d328      0x18c E:\sources\rt-thread\bsp\stm32\libraries\HAL_Drivers\drv_usart.o
 .text.HAL_UART_ErrorCallback
                0x0800d4b4       0x30 E:\sources\rt-thread\bsp\stm32\libraries\HAL_Drivers\drv_usart.o
                0x0800d4b4                HAL_UART_ErrorCallback
 .text.HAL_UART_RxCpltCallback
                0x0800d4e4       0x74 E:\sources\rt-thread\bsp\stm32\libraries\HAL_Drivers\drv_usart.o
                0x0800d4e4                HAL_UART_RxCpltCallback
 .text.stm32_uart_get_dma_config
                0x0800d558       0x10 E:\sources\rt-thread\bsp\stm32\libraries\HAL_Drivers\drv_usart.o
 .text.rt_hw_usart_init
                0x0800d568      0x108 E:\sources\rt-thread\bsp\stm32\libraries\HAL_Drivers\drv_usart.o
                0x0800d568                rt_hw_usart_init
 .text.reboot   0x0800d670       0x18 E:\sources\rt-thread\bsp\stm32\libraries\HAL_Drivers\drv_common.o
 .text.rt_hw_systick_init
                0x0800d688       0x34 E:\sources\rt-thread\bsp\stm32\libraries\HAL_Drivers\drv_common.o
                0x0800d688                rt_hw_systick_init
 .text.SysTick_Handler
                0x0800d6bc       0x18 E:\sources\rt-thread\bsp\stm32\libraries\HAL_Drivers\drv_common.o
                0x0800d6bc                SysTick_Handler
 .text.HAL_GetTick
                0x0800d6d4       0x24 E:\sources\rt-thread\bsp\stm32\libraries\HAL_Drivers\drv_common.o
                0x0800d6d4                HAL_GetTick
 .text.HAL_InitTick
                0x0800d6f8       0x18 E:\sources\rt-thread\bsp\stm32\libraries\HAL_Drivers\drv_common.o
                0x0800d6f8                HAL_InitTick
 .text._Error_Handler
                0x0800d710        0xc E:\sources\rt-thread\bsp\stm32\libraries\HAL_Drivers\drv_common.o
                0x0800d710                _Error_Handler
 .text.rt_hw_board_init
                0x0800d71c       0x3c E:\sources\rt-thread\bsp\stm32\libraries\HAL_Drivers\drv_common.o
                0x0800d71c                rt_hw_board_init
 .text.startup.register_fini
                0x0800d758       0x14 d:/env/tools/gnu_gcc/arm_gcc/mingw/bin/../lib/gcc/arm-none-eabi/5.4.1/../../../../arm-none-eabi/lib/armv7e-m/fpu\libc.a(lib_a-__call_atexit.o)
 .text.atexit   0x0800d76c        0xc d:/env/tools/gnu_gcc/arm_gcc/mingw/bin/../lib/gcc/arm-none-eabi/5.4.1/../../../../arm-none-eabi/lib/armv7e-m/fpu\libc.a(lib_a-atexit.o)
                0x0800d76c                atexit
 .text.__libc_fini_array
                0x0800d778       0x28 d:/env/tools/gnu_gcc/arm_gcc/mingw/bin/../lib/gcc/arm-none-eabi/5.4.1/../../../../arm-none-eabi/lib/armv7e-m/fpu\libc.a(lib_a-fini.o)
                0x0800d778                __libc_fini_array
 .text.__register_exitproc
                0x0800d7a0       0xa4 d:/env/tools/gnu_gcc/arm_gcc/mingw/bin/../lib/gcc/arm-none-eabi/5.4.1/../../../../arm-none-eabi/lib/armv7e-m/fpu\libc.a(lib_a-__atexit.o)
                0x0800d7a0                __register_exitproc
 *(.rodata)
 .rodata        0x0800d844        0xe build\board\board.o
 *fill*         0x0800d852        0x2 00000000
 .rodata        0x0800d854       0x17 build\kernel\src\components.o
 *fill*         0x0800d86b        0x1 00000000
 .rodata        0x0800d86c      0x10c build\kernel\src\device.o
 .rodata        0x0800d978       0x34 build\kernel\src\idle.o
 .rodata        0x0800d9ac      0x462 build\kernel\src\ipc.o
 *fill*         0x0800de0e        0x2 00000000
 .rodata        0x0800de10       0xc7 build\kernel\src\kservice.o
 *fill*         0x0800ded7        0x1 00000000
 .rodata        0x0800ded8      0x2fa build\kernel\src\mem.o
 *fill*         0x0800e1d2        0x2 00000000
 .rodata        0x0800e1d4       0x81 build\kernel\src\object.o
 *fill*         0x0800e255        0x3 00000000
 .rodata        0x0800e258       0x65 build\kernel\src\scheduler.o
 *fill*         0x0800e2bd        0x3 00000000
 .rodata        0x0800e2c0      0x1a7 build\kernel\src\thread.o
 *fill*         0x0800e467        0x1 00000000
 .rodata        0x0800e468       0xd7 build\kernel\src\timer.o
 *fill*         0x0800e53f        0x1 00000000
 .rodata        0x0800e540      0x2ce build\kernel\libcpu\arm\cortex-m4\cpuport.o
 *fill*         0x0800e80e        0x2 00000000
 .rodata        0x0800e810       0x27 build\kernel\components\drivers\misc\pin.o
 *fill*         0x0800e837        0x1 00000000
 .rodata        0x0800e838      0x126 build\kernel\components\drivers\serial\serial.o
 *fill*         0x0800e95e        0x2 00000000
 .rodata        0x0800e960       0x72 build\kernel\components\drivers\src\completion.o
 *fill*         0x0800e9d2        0x2 00000000
 .rodata        0x0800e9d4       0x64 build\kernel\components\drivers\src\dataqueue.o
 .rodata        0x0800ea38       0x2c build\kernel\components\drivers\src\workqueue.o
 .rodata        0x0800ea64      0x1a9 build\kernel\components\drivers\wlan\wlan_cfg.o
 *fill*         0x0800ec0d        0x3 00000000
 .rodata        0x0800ec10      0x3b0 build\kernel\components\drivers\wlan\wlan_cmd.o
 .rodata        0x0800efc0      0x139 build\kernel\components\drivers\wlan\wlan_dev.o
 *fill*         0x0800f0f9        0x3 00000000
 .rodata        0x0800f0fc      0x6d1 build\kernel\components\drivers\wlan\wlan_mgnt.o
 *fill*         0x0800f7cd        0x3 00000000
 .rodata        0x0800f7d0       0xc8 build\kernel\components\drivers\wlan\wlan_workqueue.o
 .rodata        0x0800f898       0xb1 build\kernel\components\finsh\shell.o
 *fill*         0x0800f949        0x3 00000000
 .rodata        0x0800f94c      0x621 build\kernel\components\finsh\cmd.o
 *fill*         0x0800ff6d        0x3 00000000
 .rodata        0x0800ff70       0x80 build\kernel\components\finsh\msh.o
 .rodata        0x0800fff0        0x4 E:\sources\rt-thread\bsp\stm32\libraries\HAL_Drivers\drv_gpio.o
 .rodata        0x0800fff4       0x6c E:\sources\rt-thread\bsp\stm32\libraries\HAL_Drivers\drv_usart.o
 .rodata        0x08010060        0x6 E:\sources\rt-thread\bsp\stm32\libraries\HAL_Drivers\drv_common.o
 *(.rodata*)
 *fill*         0x08010066        0x2 00000000
 .rodata.__FUNCTION__.5294
                0x08010068       0x14 build\kernel\src\components.o
 .rodata.__FUNCTION__.5184
                0x0801007c        0xf build\kernel\src\device.o
 *fill*         0x0801008b        0x1 00000000
 .rodata.__FUNCTION__.5208
                0x0801008c        0xf build\kernel\src\device.o
 *fill*         0x0801009b        0x1 00000000
 .rodata.__FUNCTION__.5213
                0x0801009c       0x10 build\kernel\src\device.o
 .rodata.__FUNCTION__.5220
                0x080100ac        0xf build\kernel\src\device.o
 *fill*         0x080100bb        0x1 00000000
 .rodata.__FUNCTION__.5227
                0x080100bc       0x10 build\kernel\src\device.o
 .rodata.__FUNCTION__.5233
                0x080100cc       0x12 build\kernel\src\device.o
 *fill*         0x080100de        0x2 00000000
 .rodata.__FUNCTION__.5240
                0x080100e0       0x1a build\kernel\src\device.o
 *fill*         0x080100fa        0x2 00000000
 .rodata.__FUNCTION__.5274
                0x080100fc       0x16 build\kernel\src\idle.o
 *fill*         0x08010112        0x2 00000000
 .rodata.__FUNCTION__.5280
                0x08010114        0xc build\kernel\src\ipc.o
 .rodata.__FUNCTION__.5304
                0x08010120        0xc build\kernel\src\ipc.o
 .rodata.__FUNCTION__.5315
                0x0801012c        0xf build\kernel\src\ipc.o
 *fill*         0x0801013b        0x1 00000000
 .rodata.__FUNCTION__.5329
                0x0801013c        0xe build\kernel\src\ipc.o
 *fill*         0x0801014a        0x2 00000000
 .rodata.__FUNCTION__.5353
                0x0801014c        0xe build\kernel\src\ipc.o
 *fill*         0x0801015a        0x2 00000000
 .rodata.__FUNCTION__.5362
                0x0801015c       0x11 build\kernel\src\ipc.o
 *fill*         0x0801016d        0x3 00000000
 .rodata.__FUNCTION__.5376
                0x08010170        0xe build\kernel\src\ipc.o
 *fill*         0x0801017e        0x2 00000000
 .rodata.__FUNCTION__.5380
                0x08010180       0x10 build\kernel\src\ipc.o
 .rodata.__FUNCTION__.5417
                0x08010190        0xe build\kernel\src\ipc.o
 *fill*         0x0801019e        0x2 00000000
 .rodata.__lowest_bit_bitmap
                0x080101a0      0x100 build\kernel\src\kservice.o
                0x080101a0                __lowest_bit_bitmap
 .rodata.large_digits.5414
                0x080102a0       0x11 build\kernel\src\kservice.o
 *fill*         0x080102b1        0x3 00000000
 .rodata.small_digits.5413
                0x080102b4       0x11 build\kernel\src\kservice.o
 *fill*         0x080102c5        0x3 00000000
 .rodata.name   0x080102c8       0x2a build\kernel\src\mem.o
                0x080102c8                __fsym_list_mem_name
                0x080102d4                __fsym_list_mem_desc
 *fill*         0x080102f2        0x2 00000000
 .rodata.__FUNCTION__.5271
                0x080102f4        0xb build\kernel\src\mem.o
 *fill*         0x080102ff        0x1 00000000
 .rodata.__FUNCTION__.5280
                0x08010300       0x14 build\kernel\src\mem.o
 .rodata.__FUNCTION__.5289
                0x08010314        0xa build\kernel\src\mem.o
 *fill*         0x0801031e        0x2 00000000
 .rodata.__FUNCTION__.5318
                0x08010320        0x8 build\kernel\src\mem.o
 .rodata.__FUNCTION__.5299
                0x08010328        0xf build\kernel\src\object.o
 *fill*         0x08010337        0x1 00000000
 .rodata.__FUNCTION__.5304
                0x08010338       0x11 build\kernel\src\object.o
 *fill*         0x08010349        0x3 00000000
 .rodata.__FUNCTION__.5313
                0x0801034c       0x13 build\kernel\src\object.o
 *fill*         0x0801035f        0x1 00000000
 .rodata.__FUNCTION__.5318
                0x08010360       0x11 build\kernel\src\object.o
 *fill*         0x08010371        0x3 00000000
 .rodata.__FUNCTION__.5322
                0x08010374       0x1a build\kernel\src\object.o
 *fill*         0x0801038e        0x2 00000000
 .rodata.__FUNCTION__.5326
                0x08010390       0x13 build\kernel\src\object.o
 *fill*         0x080103a3        0x1 00000000
 .rodata.__FUNCTION__.5258
                0x080103a4       0x1a build\kernel\src\scheduler.o
 *fill*         0x080103be        0x2 00000000
 .rodata.__FUNCTION__.5299
                0x080103c0       0x1a build\kernel\src\scheduler.o
 *fill*         0x080103da        0x2 00000000
 .rodata.__FUNCTION__.5305
                0x080103dc       0x1a build\kernel\src\scheduler.o
 *fill*         0x080103f6        0x2 00000000
 .rodata.__FUNCTION__.5275
                0x080103f8       0x10 build\kernel\src\thread.o
 .rodata.__FUNCTION__.5287
                0x08010408        0xf build\kernel\src\thread.o
 *fill*         0x08010417        0x1 00000000
 .rodata.__FUNCTION__.5296
                0x08010418       0x12 build\kernel\src\thread.o
 *fill*         0x0801042a        0x2 00000000
 .rodata.__FUNCTION__.5317
                0x0801042c       0x11 build\kernel\src\thread.o
 *fill*         0x0801043d        0x3 00000000
 .rodata.__FUNCTION__.5326
                0x08010440       0x10 build\kernel\src\thread.o
 .rodata.__FUNCTION__.5340
                0x08010450       0x12 build\kernel\src\thread.o
 *fill*         0x08010462        0x2 00000000
 .rodata.__FUNCTION__.5351
                0x08010464       0x12 build\kernel\src\thread.o
 *fill*         0x08010476        0x2 00000000
 .rodata.__FUNCTION__.5356
                0x08010478       0x11 build\kernel\src\thread.o
 *fill*         0x08010489        0x3 00000000
 .rodata.__FUNCTION__.5361
                0x0801048c       0x12 build\kernel\src\thread.o
 *fill*         0x0801049e        0x2 00000000
 .rodata.__FUNCTION__.5289
                0x080104a0        0xe build\kernel\src\timer.o
 *fill*         0x080104ae        0x2 00000000
 .rodata.__FUNCTION__.5294
                0x080104b0       0x10 build\kernel\src\timer.o
 .rodata.__FUNCTION__.5318
                0x080104c0        0xf build\kernel\src\timer.o
 *fill*         0x080104cf        0x1 00000000
 .rodata.__FUNCTION__.5335
                0x080104d0        0xe build\kernel\src\timer.o
 *fill*         0x080104de        0x2 00000000
 .rodata.__FUNCTION__.5341
                0x080104e0       0x11 build\kernel\src\timer.o
 *fill*         0x080104f1        0x3 00000000
 .rodata.name   0x080104f4       0x6e build\kernel\components\drivers\misc\pin.o
                0x080104f4                __fsym_pinMode_name
                0x080104fc                __fsym_pinMode_desc
                0x08010514                __fsym_pinWrite_name
                0x08010520                __fsym_pinWrite_desc
                0x0801053c                __fsym_pinRead_name
                0x08010544                __fsym_pinRead_desc
 *fill*         0x08010562        0x2 00000000
 .rodata.__FUNCTION__.6892
                0x08010564        0xa build\kernel\components\drivers\misc\pin.o
 *fill*         0x0801056e        0x2 00000000
 .rodata.__FUNCTION__.6901
                0x08010570        0xb build\kernel\components\drivers\misc\pin.o
 *fill*         0x0801057b        0x1 00000000
 .rodata.__FUNCTION__.6909
                0x0801057c        0xd build\kernel\components\drivers\misc\pin.o
 *fill*         0x08010589        0x3 00000000
 .rodata.__FUNCTION__.6936
                0x0801058c        0xc build\kernel\components\drivers\misc\pin.o
 .rodata.__FUNCTION__.6944
                0x08010598        0xd build\kernel\components\drivers\misc\pin.o
 *fill*         0x080105a5        0x3 00000000
 .rodata.__FUNCTION__.6951
                0x080105a8        0xc build\kernel\components\drivers\misc\pin.o
 .rodata.__FUNCTION__.6782
                0x080105b4       0x1d build\kernel\components\drivers\serial\serial.o
 *fill*         0x080105d1        0x3 00000000
 .rodata.__FUNCTION__.6791
                0x080105d4       0x1d build\kernel\components\drivers\serial\serial.o
 *fill*         0x080105f1        0x3 00000000
 .rodata.__FUNCTION__.6797
                0x080105f4       0x1d build\kernel\components\drivers\serial\serial.o
 *fill*         0x08010611        0x3 00000000
 .rodata.__FUNCTION__.6823
                0x08010614        0xf build\kernel\components\drivers\serial\serial.o
 *fill*         0x08010623        0x1 00000000
 .rodata.__FUNCTION__.6830
                0x08010624        0xf build\kernel\components\drivers\serial\serial.o
 *fill*         0x08010633        0x1 00000000
 .rodata.__FUNCTION__.6840
                0x08010634       0x10 build\kernel\components\drivers\serial\serial.o
 .rodata.__FUNCTION__.6853
                0x08010644        0xf build\kernel\components\drivers\serial\serial.o
 *fill*         0x08010653        0x1 00000000
 .rodata.__FUNCTION__.6761
                0x08010654        0xf build\kernel\components\drivers\serial\serial.o
 *fill*         0x08010663        0x1 00000000
 .rodata.__FUNCTION__.6804
                0x08010664        0xf build\kernel\components\drivers\serial\serial.o
 *fill*         0x08010673        0x1 00000000
 .rodata.__FUNCTION__.6740
                0x08010674       0x10 build\kernel\components\drivers\serial\serial.o
 .rodata.__FUNCTION__.6861
                0x08010684       0x10 build\kernel\components\drivers\serial\serial.o
 .rodata.__FUNCTION__.6774
                0x08010694        0xf build\kernel\components\drivers\serial\serial.o
 *fill*         0x080106a3        0x1 00000000
 .rodata.__FUNCTION__.6750
                0x080106a4       0x10 build\kernel\components\drivers\serial\serial.o
 .rodata.__FUNCTION__.6869
                0x080106b4       0x12 build\kernel\components\drivers\serial\serial.o
 *fill*         0x080106c6        0x2 00000000
 .rodata.__FUNCTION__.6884
                0x080106c8       0x16 build\kernel\components\drivers\serial\serial.o
 *fill*         0x080106de        0x2 00000000
 .rodata.__FUNCTION__.6893
                0x080106e0       0x11 build\kernel\components\drivers\serial\serial.o
 *fill*         0x080106f1        0x3 00000000
 .rodata.__FUNCTION__.6737
                0x080106f4       0x13 build\kernel\components\drivers\src\completion.o
 *fill*         0x08010707        0x1 00000000
 .rodata.__FUNCTION__.6745
                0x08010708       0x13 build\kernel\components\drivers\src\completion.o
 *fill*         0x0801071b        0x1 00000000
 .rodata.__FUNCTION__.6752
                0x0801071c       0x13 build\kernel\components\drivers\src\completion.o
 *fill*         0x0801072f        0x1 00000000
 .rodata.__FUNCTION__.6743
                0x08010730       0x13 build\kernel\components\drivers\src\dataqueue.o
 *fill*         0x08010743        0x1 00000000
 .rodata.__FUNCTION__.6753
                0x08010744       0x13 build\kernel\components\drivers\src\dataqueue.o
 *fill*         0x08010757        0x1 00000000
 .rodata.__FUNCTION__.6768
                0x08010758       0x12 build\kernel\components\drivers\src\dataqueue.o
 *fill*         0x0801076a        0x2 00000000
 .rodata.__FUNCTION__.6780
                0x0801076c       0x13 build\kernel\components\drivers\src\dataqueue.o
 *fill*         0x0801077f        0x1 00000000
 .rodata.__FUNCTION__.6745
                0x08010780       0x18 build\kernel\components\drivers\src\workqueue.o
 .rodata.__FUNCTION__.6762
                0x08010798       0x14 build\kernel\components\drivers\src\workqueue.o
 .rodata.cmd_tab
                0x080107ac       0x48 build\kernel\components\drivers\wlan\wlan_cmd.o
 .rodata.name   0x080107f4       0x1a build\kernel\components\drivers\wlan\wlan_cmd.o
                0x080107f4                __fsym___cmd_wifi_name
                0x08010800                __fsym___cmd_wifi_desc
 *fill*         0x0801080e        0x2 00000000
 .rodata.__FUNCTION__.6155
                0x08010810       0x18 build\kernel\components\drivers\wlan\wlan_mgnt.o
 .rodata.__FUNCTION__.6209
                0x08010828       0x10 build\kernel\components\drivers\wlan\wlan_mgnt.o
 .rodata.__FUNCTION__.6216
                0x08010838       0x14 build\kernel\components\drivers\wlan\wlan_mgnt.o
 .rodata.__FUNCTION__.6224
                0x0801084c       0x13 build\kernel\components\drivers\wlan\wlan_mgnt.o
 *fill*         0x0801085f        0x1 00000000
 .rodata.__FUNCTION__.6260
                0x08010860       0x11 build\kernel\components\drivers\wlan\wlan_mgnt.o
 *fill*         0x08010871        0x3 00000000
 .rodata.__FUNCTION__.6267
                0x08010874       0x15 build\kernel\components\drivers\wlan\wlan_mgnt.o
 *fill*         0x08010889        0x3 00000000
 .rodata.__FUNCTION__.6279
                0x0801088c       0x10 build\kernel\components\drivers\wlan\wlan_mgnt.o
 .rodata.__FUNCTION__.6337
                0x0801089c       0x17 build\kernel\components\drivers\wlan\wlan_mgnt.o
 *fill*         0x080108b3        0x1 00000000
 .rodata.__FUNCTION__.5307
                0x080108b4       0x17 build\kernel\components\drivers\wlan\wlan_workqueue.o
 *fill*         0x080108cb        0x1 00000000
 .rodata.__FUNCTION__.5527
                0x080108cc       0x16 build\kernel\components\finsh\shell.o
 *fill*         0x080108e2        0x2 00000000
 .rodata.__FUNCTION__.5532
                0x080108e4        0xe build\kernel\components\finsh\shell.o
 *fill*         0x080108f2        0x2 00000000
 .rodata.__FUNCTION__.5540
                0x080108f4        0xd build\kernel\components\finsh\shell.o
 *fill*         0x08010901        0x3 00000000
 .rodata.__FUNCTION__.5545
                0x08010904       0x11 build\kernel\components\finsh\shell.o
 *fill*         0x08010915        0x3 00000000
 .rodata.name   0x08010918      0x37a build\kernel\components\finsh\cmd.o
                0x08010918                __fsym_hello_name
                0x08010920                __fsym_hello_desc
                0x08010930                __fsym_version_name
                0x08010938                __fsym_version_desc
                0x0801095c                __fsym___cmd_version_name
                0x0801096c                __fsym___cmd_version_desc
                0x08010990                __fsym_list_thread_name
                0x0801099c                __fsym_list_thread_desc
                0x080109a8                __fsym___cmd_list_thread_name
                0x080109bc                __fsym___cmd_list_thread_desc
                0x080109c8                __fsym_list_sem_name
                0x080109d4                __fsym_list_sem_desc
                0x080109f0                __fsym___cmd_list_sem_name
                0x08010a00                __fsym___cmd_list_sem_desc
                0x08010a1c                __fsym_list_event_name
                0x08010a28                __fsym_list_event_desc
                0x08010a40                __fsym___cmd_list_event_name
                0x08010a54                __fsym___cmd_list_event_desc
                0x08010a6c                __fsym_list_mutex_name
                0x08010a78                __fsym_list_mutex_desc
                0x08010a90                __fsym___cmd_list_mutex_name
                0x08010aa4                __fsym___cmd_list_mutex_desc
                0x08010abc                __fsym_list_mailbox_name
                0x08010acc                __fsym_list_mailbox_desc
                0x08010ae4                __fsym___cmd_list_mailbox_name
                0x08010af8                __fsym___cmd_list_mailbox_desc
                0x08010b10                __fsym_list_msgqueue_name
                0x08010b20                __fsym_list_msgqueue_desc
                0x08010b40                __fsym___cmd_list_msgqueue_name
                0x08010b54                __fsym___cmd_list_msgqueue_desc
                0x08010b74                __fsym_list_mempool_name
                0x08010b84                __fsym_list_mempool_desc
                0x08010ba0                __fsym___cmd_list_mempool_name
                0x08010bb4                __fsym___cmd_list_mempool_desc
                0x08010bd0                __fsym_list_timer_name
                0x08010bdc                __fsym_list_timer_desc
                0x08010bf4                __fsym___cmd_list_timer_name
                0x08010c08                __fsym___cmd_list_timer_desc
                0x08010c20                __fsym_list_device_name
                0x08010c2c                __fsym_list_device_desc
                0x08010c44                __fsym___cmd_list_device_name
                0x08010c58                __fsym___cmd_list_device_desc
                0x08010c70                __fsym_list_name
                0x08010c78                __fsym_list_desc
 *fill*         0x08010c92        0x2 00000000
 .rodata.device_type_str
                0x08010c94       0x54 build\kernel\components\finsh\cmd.o
 .rodata.name   0x08010ce8       0x22 build\kernel\components\finsh\msh.o
                0x08010ce8                __fsym___cmd_help_name
                0x08010cf4                __fsym___cmd_help_desc
 *fill*         0x08010d0a        0x2 00000000
 .rodata.__FUNCTION__.5499
                0x08010d0c        0xe build\kernel\components\finsh\msh.o
 *fill*         0x08010d1a        0x2 00000000
 .rodata.name   0x08010d1c       0x81 build\kernel\components\finsh\msh_cmd.o
                0x08010d1c                __fsym___cmd_ps_name
                0x08010d28                __fsym___cmd_ps_desc
                0x08010d44                __fsym___cmd_time_name
                0x08010d50                __fsym___cmd_time_desc
                0x08010d6c                __fsym___cmd_free_name
                0x08010d78                __fsym___cmd_free_desc
 *fill*         0x08010d9d        0x3 00000000
 .rodata.AHBPrescTable
                0x08010da0       0x10 E:\sources\rt-thread\bsp\stm32\libraries\STM32F4xx_HAL\CMSIS\Device\ST\STM32F4xx\Source\Templates\system_stm32f4xx.o
                0x08010da0                AHBPrescTable
 .rodata.APBPrescTable
                0x08010db0        0x8 E:\sources\rt-thread\bsp\stm32\libraries\STM32F4xx_HAL\CMSIS\Device\ST\STM32F4xx\Source\Templates\system_stm32f4xx.o
                0x08010db0                APBPrescTable
 .rodata.flagBitshiftOffset.8683
                0x08010db8        0x8 E:\sources\rt-thread\bsp\stm32\libraries\STM32F4xx_HAL\STM32F4xx_HAL_Driver\Src\stm32f4xx_hal_dma.o
 .rodata.pins   0x08010dc0      0x6c0 E:\sources\rt-thread\bsp\stm32\libraries\HAL_Drivers\drv_gpio.o
 .rodata.pin_irq_map
                0x08011480       0x40 E:\sources\rt-thread\bsp\stm32\libraries\HAL_Drivers\drv_gpio.o
 .rodata._stm32_pin_ops
                0x080114c0       0x18 E:\sources\rt-thread\bsp\stm32\libraries\HAL_Drivers\drv_gpio.o
 .rodata.stm32_uart_ops
                0x080114d8       0x14 E:\sources\rt-thread\bsp\stm32\libraries\HAL_Drivers\drv_usart.o
 .rodata.__FUNCTION__.10177
                0x080114ec       0x10 E:\sources\rt-thread\bsp\stm32\libraries\HAL_Drivers\drv_usart.o
 .rodata.__FUNCTION__.10198
                0x080114fc        0xe E:\sources\rt-thread\bsp\stm32\libraries\HAL_Drivers\drv_usart.o
 *fill*         0x0801150a        0x2 00000000
 .rodata.__FUNCTION__.10208
                0x0801150c        0xb E:\sources\rt-thread\bsp\stm32\libraries\HAL_Drivers\drv_usart.o
 *fill*         0x08011517        0x1 00000000
 .rodata.__FUNCTION__.10217
                0x08011518        0xb E:\sources\rt-thread\bsp\stm32\libraries\HAL_Drivers\drv_usart.o
 *fill*         0x08011523        0x1 00000000
 .rodata.__FUNCTION__.10226
                0x08011524        0x9 E:\sources\rt-thread\bsp\stm32\libraries\HAL_Drivers\drv_usart.o
 *fill*         0x0801152d        0x3 00000000
 .rodata.__FUNCTION__.10238
                0x08011530       0x11 E:\sources\rt-thread\bsp\stm32\libraries\HAL_Drivers\drv_usart.o
 *fill*         0x08011541        0x3 00000000
 .rodata.__FUNCTION__.10245
                0x08011544       0x17 E:\sources\rt-thread\bsp\stm32\libraries\HAL_Drivers\drv_usart.o
 *fill*         0x0801155b        0x1 00000000
 .rodata.__FUNCTION__.10254
                0x0801155c       0x18 E:\sources\rt-thread\bsp\stm32\libraries\HAL_Drivers\drv_usart.o
 .rodata.__FUNCTION__.10265
                0x08011574       0x11 E:\sources\rt-thread\bsp\stm32\libraries\HAL_Drivers\drv_usart.o
 *fill*         0x08011585        0x3 00000000
 .rodata.name   0x08011588       0x1e E:\sources\rt-thread\bsp\stm32\libraries\HAL_Drivers\drv_common.o
                0x08011588                __fsym___cmd_reboot_name
                0x08011598                __fsym___cmd_reboot_desc
 *fill*         0x080115a6        0x2 00000000
 .rodata._global_impure_ptr
                0x080115a8        0x4 d:/env/tools/gnu_gcc/arm_gcc/mingw/bin/../lib/gcc/arm-none-eabi/5.4.1/../../../../arm-none-eabi/lib/armv7e-m/fpu\libc.a(lib_a-impure.o)
                0x080115a8                _global_impure_ptr
 *(.glue_7)
 .glue_7        0x080115ac        0x0 linker stubs
 *(.glue_7t)
 .glue_7t       0x080115ac        0x0 linker stubs
 *(.gnu.linkonce.t*)
                0x080115ac                . = ALIGN (0x4)
                0x080115ac                __fsymtab_start = .
 *(FSymTab)
 FSymTab        0x080115ac        0xc build\kernel\src\mem.o
                0x080115ac                __fsym_list_mem
 FSymTab        0x080115b8       0x24 build\kernel\components\drivers\misc\pin.o
                0x080115b8                __fsym_pinMode
                0x080115c4                __fsym_pinWrite
                0x080115d0                __fsym_pinRead
 FSymTab        0x080115dc        0xc build\kernel\components\drivers\wlan\wlan_cmd.o
                0x080115dc                __fsym___cmd_wifi
 FSymTab        0x080115e8      0x108 build\kernel\components\finsh\cmd.o
                0x080115e8                __fsym_hello
                0x080115f4                __fsym_version
                0x08011600                __fsym___cmd_version
                0x0801160c                __fsym_list_thread
                0x08011618                __fsym___cmd_list_thread
                0x08011624                __fsym_list_sem
                0x08011630                __fsym___cmd_list_sem
                0x0801163c                __fsym_list_event
                0x08011648                __fsym___cmd_list_event
                0x08011654                __fsym_list_mutex
                0x08011660                __fsym___cmd_list_mutex
                0x0801166c                __fsym_list_mailbox
                0x08011678                __fsym___cmd_list_mailbox
                0x08011684                __fsym_list_msgqueue
                0x08011690                __fsym___cmd_list_msgqueue
                0x0801169c                __fsym_list_mempool
                0x080116a8                __fsym___cmd_list_mempool
                0x080116b4                __fsym_list_timer
                0x080116c0                __fsym___cmd_list_timer
                0x080116cc                __fsym_list_device
                0x080116d8                __fsym___cmd_list_device
                0x080116e4                __fsym_list
 FSymTab        0x080116f0        0xc build\kernel\components\finsh\msh.o
                0x080116f0                __fsym___cmd_help
 FSymTab        0x080116fc       0x24 build\kernel\components\finsh\msh_cmd.o
                0x080116fc                __fsym___cmd_ps
                0x08011708                __fsym___cmd_time
                0x08011714                __fsym___cmd_free
 FSymTab        0x08011720        0xc E:\sources\rt-thread\bsp\stm32\libraries\HAL_Drivers\drv_common.o
                0x08011720                __fsym___cmd_reboot
                0x0801172c                __fsymtab_end = .
                0x0801172c                . = ALIGN (0x4)
                0x0801172c                __vsymtab_start = .
 *(VSymTab)
                0x0801172c                __vsymtab_end = .
                0x0801172c                . = ALIGN (0x4)
                0x0801172c                __rt_init_start = .
 *(SORT(.rti_fn*))
 .rti_fn.0      0x0801172c        0x4 build\kernel\src\components.o
                0x0801172c                __rt_init_rti_start
 .rti_fn.0.end  0x08011730        0x4 build\kernel\src\components.o
                0x08011730                __rt_init_rti_board_start
 .rti_fn.1.end  0x08011734        0x4 build\kernel\src\components.o
                0x08011734                __rt_init_rti_board_end
 .rti_fn.2      0x08011738        0x4 build\kernel\components\drivers\wlan\wlan_mgnt.o
                0x08011738                __rt_init_rt_wlan_init
 .rti_fn.2      0x0801173c        0x4 build\kernel\components\drivers\wlan\wlan_workqueue.o
                0x0801173c                __rt_init_rt_wlan_workqueue_init
 .rti_fn.6      0x08011740        0x4 build\kernel\components\finsh\shell.o
                0x08011740                __rt_init_finsh_system_init
 .rti_fn.6.end  0x08011744        0x4 build\kernel\src\components.o
                0x08011744                __rt_init_rti_end