Archive member included to satisfy reference by file (symbol)

d:/env/tools/gnu_gcc/arm_gcc/mingw/bin/../lib/gcc/arm-none-eabi/5.4.1/armv7e-m/fpu\libgcc.a(_arm_addsubdf3.o)
                              build\kernel\components\libc\compilers\minilibc\math.o (__aeabi_dsub)
d:/env/tools/gnu_gcc/arm_gcc/mingw/bin/../lib/gcc/arm-none-eabi/5.4.1/armv7e-m/fpu\libgcc.a(_arm_muldivdf3.o)
                              build\kernel\components\libc\compilers\minilibc\math.o (__aeabi_dmul)
d:/env/tools/gnu_gcc/arm_gcc/mingw/bin/../lib/gcc/arm-none-eabi/5.4.1/armv7e-m/fpu\libgcc.a(_arm_fixdfsi.o)
                              build\kernel\components\libc\compilers\minilibc\math.o (__aeabi_d2iz)
d:/env/tools/gnu_gcc/arm_gcc/mingw/bin/../lib/gcc/arm-none-eabi/5.4.1/armv7e-m/fpu\libgcc.a(_aeabi_uldivmod.o)
                              E:\sources\rt-thread\bsp\stm32\libraries\STM32F4xx_HAL\STM32F4xx_HAL_Driver\Src\stm32f4xx_hal_rcc.o (__aeabi_uldivmod)
d:/env/tools/gnu_gcc/arm_gcc/mingw/bin/../lib/gcc/arm-none-eabi/5.4.1/armv7e-m/fpu\libgcc.a(_udivmoddi4.o)
                              d:/env/tools/gnu_gcc/arm_gcc/mingw/bin/../lib/gcc/arm-none-eabi/5.4.1/armv7e-m/fpu\libgcc.a(_aeabi_uldivmod.o) (__udivmoddi4)
d:/env/tools/gnu_gcc/arm_gcc/mingw/bin/../lib/gcc/arm-none-eabi/5.4.1/armv7e-m/fpu\libgcc.a(_dvmd_tls.o)
                              d:/env/tools/gnu_gcc/arm_gcc/mingw/bin/../lib/gcc/arm-none-eabi/5.4.1/armv7e-m/fpu\libgcc.a(_aeabi_uldivmod.o) (__aeabi_ldiv0)
d:/env/tools/gnu_gcc/arm_gcc/mingw/bin/../lib/gcc/arm-none-eabi/5.4.1/../../../../arm-none-eabi/lib/armv7e-m/fpu\libc.a(lib_a-exit.o)
                              d:/env/tools/gnu_gcc/arm_gcc/mingw/bin/../lib/gcc/arm-none-eabi/5.4.1/../../../../arm-none-eabi/lib/armv7e-m/fpu/crt0.o (exit)
d:/env/tools/gnu_gcc/arm_gcc/mingw/bin/../lib/gcc/arm-none-eabi/5.4.1/../../../../arm-none-eabi/lib/armv7e-m/fpu\libc.a(lib_a-impure.o)
                              d:/env/tools/gnu_gcc/arm_gcc/mingw/bin/../lib/gcc/arm-none-eabi/5.4.1/../../../../arm-none-eabi/lib/armv7e-m/fpu\libc.a(lib_a-exit.o) (_global_impure_ptr)
d:/env/tools/gnu_gcc/arm_gcc/mingw/bin/../lib/gcc/arm-none-eabi/5.4.1/../../../../arm-none-eabi/lib/armv7e-m/fpu\libc.a(lib_a-init.o)
                              d:/env/tools/gnu_gcc/arm_gcc/mingw/bin/../lib/gcc/arm-none-eabi/5.4.1/../../../../arm-none-eabi/lib/armv7e-m/fpu/crt0.o (__libc_init_array)
d:/env/tools/gnu_gcc/arm_gcc/mingw/bin/../lib/gcc/arm-none-eabi/5.4.1/../../../../arm-none-eabi/lib/armv7e-m/fpu\libc.a(lib_a-__call_atexit.o)
                              d:/env/tools/gnu_gcc/arm_gcc/mingw/bin/../lib/gcc/arm-none-eabi/5.4.1/../../../../arm-none-eabi/lib/armv7e-m/fpu\libc.a(lib_a-exit.o) (__call_exitprocs)
d:/env/tools/gnu_gcc/arm_gcc/mingw/bin/../lib/gcc/arm-none-eabi/5.4.1/../../../../arm-none-eabi/lib/armv7e-m/fpu\libc.a(lib_a-atexit.o)
                              d:/env/tools/gnu_gcc/arm_gcc/mingw/bin/../lib/gcc/arm-none-eabi/5.4.1/../../../../arm-none-eabi/lib/armv7e-m/fpu\libc.a(lib_a-__call_atexit.o) (atexit)
d:/env/tools/gnu_gcc/arm_gcc/mingw/bin/../lib/gcc/arm-none-eabi/5.4.1/../../../../arm-none-eabi/lib/armv7e-m/fpu\libc.a(lib_a-fini.o)
                              d:/env/tools/gnu_gcc/arm_gcc/mingw/bin/../lib/gcc/arm-none-eabi/5.4.1/../../../../arm-none-eabi/lib/armv7e-m/fpu\libc.a(lib_a-__call_atexit.o) (__libc_fini_array)
d:/env/tools/gnu_gcc/arm_gcc/mingw/bin/../lib/gcc/arm-none-eabi/5.4.1/../../../../arm-none-eabi/lib/armv7e-m/fpu\libc.a(lib_a-__atexit.o)
                              d:/env/tools/gnu_gcc/arm_gcc/mingw/bin/../lib/gcc/arm-none-eabi/5.4.1/../../../../arm-none-eabi/lib/armv7e-m/fpu\libc.a(lib_a-atexit.o) (__register_exitproc)

Allocating common symbols
Common symbol       size              file

memp_memory_NETDB_base
                    0x163             build\kernel\components\net\lwip-2.0.2\src\core\memp.o
netif_list          0x4               build\kernel\components\net\lwip-2.0.2\src\core\netif.o
rt_interrupt_to_thread
                    0x4               build\kernel\libcpu\arm\cortex-m4\cpuport.o
rt_interrupt_from_thread
                    0x4               build\kernel\libcpu\arm\cortex-m4\cpuport.o
lock_tcpip_core     0x4               build\kernel\components\net\lwip-2.0.2\src\api\tcpip.o
ip_data             0x18              build\kernel\components\net\lwip-2.0.2\src\core\ip.o
memp_memory_NETBUF_base
                    0x7b              build\kernel\components\net\lwip-2.0.2\src\core\memp.o
tcp_active_pcbs_changed
                    0x1               build\kernel\components\net\lwip-2.0.2\src\core\tcp.o
tcp_active_pcbs     0x4               build\kernel\components\net\lwip-2.0.2\src\core\tcp.o
udp_pcbs            0x4               build\kernel\components\net\lwip-2.0.2\src\core\udp.o
memp_memory_TCPIP_MSG_INPKT_base
                    0x1e3             build\kernel\components\net\lwip-2.0.2\src\core\memp.o
memp_memory_ARP_QUEUE_base
[...]
Memory Configuration

Name             Origin             Length             Attributes
CODE             0x08000000         0x00100000         xr
RAM1             0x20000000         0x00020000         rw
RAM2             0x10000000         0x00010000         rw
*default*        0x00000000         0xffffffff

Linker script and memory map

LOAD d:/env/tools/gnu_gcc/arm_gcc/mingw/bin/../lib/gcc/arm-none-eabi/5.4.1/armv7e-m/fpu/crti.o
LOAD d:/env/tools/gnu_gcc/arm_gcc/mingw/bin/../lib/gcc/arm-none-eabi/5.4.1/armv7e-m/fpu/crtbegin.o
LOAD d:/env/tools/gnu_gcc/arm_gcc/mingw/bin/../lib/gcc/arm-none-eabi/5.4.1/../../../../arm-none-eabi/lib/armv7e-m/fpu/crt0.o
LOAD build\applications\main.o
LOAD build\board\board.o
LOAD build\board\CubeMX_Config\Src\stm32f4xx_hal_msp.o
LOAD build\board\ports\phy_reset.o
LOAD E:\sources\rt-thread\bsp\stm32\libraries\STM32F4xx_HAL\CMSIS\Device\ST\STM32F4xx\Source\Templates\gcc\startup_stm32f407xx.o
LOAD build\kernel\src\clock.o
LOAD build\kernel\src\components.o
LOAD build\kernel\src\cpu.o
LOAD build\kernel\src\device.o
LOAD build\kernel\src\idle.o
LOAD build\kernel\src\ipc.o
LOAD build\kernel\src\irq.o
LOAD build\kernel\src\kservice.o
LOAD build\kernel\src\mem.o
LOAD build\kernel\src\mempool.o
LOAD build\kernel\src\object.o
LOAD build\kernel\src\scheduler.o
LOAD build\kernel\src\signal.o
LOAD build\kernel\src\thread.o
LOAD build\kernel\src\timer.o
LOAD build\kernel\libcpu\arm\common\backtrace.o
LOAD build\kernel\libcpu\arm\common\div0.o
LOAD build\kernel\libcpu\arm\common\showmem.o
LOAD build\kernel\libcpu\arm\cortex-m4\cpuport.o
LOAD build\kernel\libcpu\arm\cortex-m4\context_gcc.o
LOAD build\kernel\components\drivers\i2c\i2c_core.o
LOAD build\kernel\components\drivers\i2c\i2c_dev.o
LOAD build\kernel\components\drivers\i2c\i2c-bit-ops.o
LOAD build\kernel\components\drivers\misc\pin.o
LOAD build\kernel\components\drivers\serial\serial.o
LOAD build\kernel\components\drivers\src\completion.o
LOAD build\kernel\components\drivers\src\dataqueue.o
LOAD build\kernel\components\drivers\src\pipe.o
LOAD build\kernel\components\drivers\src\ringblk_buf.o
LOAD build\kernel\components\drivers\src\ringbuffer.o
LOAD build\kernel\components\drivers\src\waitqueue.o
LOAD build\kernel\components\drivers\src\workqueue.o
LOAD build\kernel\components\drivers\usb\usbhost\core\core.o
LOAD build\kernel\components\drivers\usb\usbhost\core\driver.o
LOAD build\kernel\components\drivers\usb\usbhost\core\usbhost.o
LOAD build\kernel\components\drivers\usb\usbhost\core\hub.o
LOAD build\kernel\components\drivers\watchdog\watchdog.o
LOAD build\kernel\components\drivers\wlan\wlan_cfg.o
LOAD build\kernel\components\drivers\wlan\wlan_cmd.o
LOAD build\kernel\components\drivers\wlan\wlan_dev.o
LOAD build\kernel\components\drivers\wlan\wlan_lwip.o
LOAD build\kernel\components\drivers\wlan\wlan_mgnt.o
LOAD build\kernel\components\drivers\wlan\wlan_prot.o
LOAD build\kernel\components\drivers\wlan\wlan_workqueue.o
LOAD build\kernel\components\finsh\shell.o
LOAD build\kernel\components\finsh\symbol.o
LOAD build\kernel\components\finsh\cmd.o
LOAD build\kernel\components\finsh\msh.o
LOAD build\kernel\components\finsh\msh_cmd.o
LOAD build\kernel\components\finsh\msh_file.o
LOAD build\kernel\components\libc\compilers\minilibc\ctype.o
LOAD build\kernel\components\libc\compilers\minilibc\math.o
LOAD build\kernel\components\libc\compilers\minilibc\qsort.o
LOAD build\kernel\components\libc\compilers\minilibc\rand.o
LOAD build\kernel\components\libc\compilers\minilibc\stdlib.o
LOAD build\kernel\components\libc\compilers\minilibc\string.o
LOAD build\kernel\components\libc\compilers\minilibc\time.o
LOAD build\kernel\components\net\lwip-2.0.2\src\arch\sys_arch.o
LOAD build\kernel\components\net\lwip-2.0.2\src\api\api_lib.o
LOAD build\kernel\components\net\lwip-2.0.2\src\api\api_msg.o
LOAD build\kernel\components\net\lwip-2.0.2\src\api\err.o
LOAD build\kernel\components\net\lwip-2.0.2\src\api\netbuf.o
LOAD build\kernel\components\net\lwip-2.0.2\src\api\netdb.o
LOAD build\kernel\components\net\lwip-2.0.2\src\api\netifapi.o
LOAD build\kernel\components\net\lwip-2.0.2\src\api\sockets.o
LOAD build\kernel\components\net\lwip-2.0.2\src\api\tcpip.o
LOAD build\kernel\components\net\lwip-2.0.2\src\core\def.o
LOAD build\kernel\components\net\lwip-2.0.2\src\core\dns.o
LOAD build\kernel\components\net\lwip-2.0.2\src\core\inet_chksum.o
LOAD build\kernel\components\net\lwip-2.0.2\src\core\init.o
LOAD build\kernel\components\net\lwip-2.0.2\src\core\ip.o
LOAD build\kernel\components\net\lwip-2.0.2\src\core\memp.o
LOAD build\kernel\components\net\lwip-2.0.2\src\core\netif.o
LOAD build\kernel\components\net\lwip-2.0.2\src\core\pbuf.o
LOAD build\kernel\components\net\lwip-2.0.2\src\core\raw.o
LOAD build\kernel\components\net\lwip-2.0.2\src\core\stats.o
LOAD build\kernel\components\net\lwip-2.0.2\src\core\sys.o
LOAD build\kernel\components\net\lwip-2.0.2\src\core\tcp.o
LOAD build\kernel\components\net\lwip-2.0.2\src\core\tcp_in.o
LOAD build\kernel\components\net\lwip-2.0.2\src\core\tcp_out.o
LOAD build\kernel\components\net\lwip-2.0.2\src\core\timeouts.o
LOAD build\kernel\components\net\lwip-2.0.2\src\core\udp.o
LOAD build\kernel\components\net\lwip-2.0.2\src\netif\ethernet.o
LOAD build\kernel\components\net\lwip-2.0.2\src\netif\ethernetif.o
LOAD build\kernel\components\net\lwip-2.0.2\src\netif\lowpan6.o
LOAD build\kernel\components\net\lwip-2.0.2\src\core\ipv4\autoip.o
LOAD build\kernel\components\net\lwip-2.0.2\src\core\ipv4\dhcp.o
LOAD build\kernel\components\net\lwip-2.0.2\src\core\ipv4\etharp.o
LOAD build\kernel\components\net\lwip-2.0.2\src\core\ipv4\icmp.o
LOAD build\kernel\components\net\lwip-2.0.2\src\core\ipv4\igmp.o
LOAD build\kernel\components\net\lwip-2.0.2\src\core\ipv4\ip4.o
LOAD build\kernel\components\net\lwip-2.0.2\src\core\ipv4\ip4_addr.o
LOAD build\kernel\components\net\lwip-2.0.2\src\core\ipv4\ip4_frag.o
LOAD E:\sources\rt-thread\bsp\stm32\libraries\STM32F4xx_HAL\CMSIS\Device\ST\STM32F4xx\Source\Templates\system_stm32f4xx.o
LOAD E:\sources\rt-thread\bsp\stm32\libraries\STM32F4xx_HAL\STM32F4xx_HAL_Driver\Src\stm32f4xx_hal.o
LOAD E:\sources\rt-thread\bsp\stm32\libraries\STM32F4xx_HAL\STM32F4xx_HAL_Driver\Src\stm32f4xx_hal_cec.o
LOAD E:\sources\rt-thread\bsp\stm32\libraries\STM32F4xx_HAL\STM32F4xx_HAL_Driver\Src\stm32f4xx_hal_cortex.o
LOAD E:\sources\rt-thread\bsp\stm32\libraries\STM32F4xx_HAL\STM32F4xx_HAL_Driver\Src\stm32f4xx_hal_crc.o
LOAD E:\sources\rt-thread\bsp\stm32\libraries\STM32F4xx_HAL\STM32F4xx_HAL_Driver\Src\stm32f4xx_hal_cryp.o
LOAD E:\sources\rt-thread\bsp\stm32\libraries\STM32F4xx_HAL\STM32F4xx_HAL_Driver\Src\stm32f4xx_hal_cryp_ex.o
LOAD E:\sources\rt-thread\bsp\stm32\libraries\STM32F4xx_HAL\STM32F4xx_HAL_Driver\Src\stm32f4xx_hal_dma.o
LOAD E:\sources\rt-thread\bsp\stm32\libraries\STM32F4xx_HAL\STM32F4xx_HAL_Driver\Src\stm32f4xx_hal_dma_ex.o
LOAD E:\sources\rt-thread\bsp\stm32\libraries\STM32F4xx_HAL\STM32F4xx_HAL_Driver\Src\stm32f4xx_hal_pwr.o
LOAD E:\sources\rt-thread\bsp\stm32\libraries\STM32F4xx_HAL\STM32F4xx_HAL_Driver\Src\stm32f4xx_hal_pwr_ex.o
LOAD E:\sources\rt-thread\bsp\stm32\libraries\STM32F4xx_HAL\STM32F4xx_HAL_Driver\Src\stm32f4xx_hal_rcc.o
LOAD E:\sources\rt-thread\bsp\stm32\libraries\STM32F4xx_HAL\STM32F4xx_HAL_Driver\Src\stm32f4xx_hal_rcc_ex.o
LOAD E:\sources\rt-thread\bsp\stm32\libraries\STM32F4xx_HAL\STM32F4xx_HAL_Driver\Src\stm32f4xx_hal_rng.o
LOAD E:\sources\rt-thread\bsp\stm32\libraries\STM32F4xx_HAL\STM32F4xx_HAL_Driver\Src\stm32f4xx_hal_gpio.o
LOAD E:\sources\rt-thread\bsp\stm32\libraries\STM32F4xx_HAL\STM32F4xx_HAL_Driver\Src\stm32f4xx_hal_uart.o
LOAD E:\sources\rt-thread\bsp\stm32\libraries\STM32F4xx_HAL\STM32F4xx_HAL_Driver\Src\stm32f4xx_hal_usart.o
LOAD E:\sources\rt-thread\bsp\stm32\libraries\STM32F4xx_HAL\STM32F4xx_HAL_Driver\Src\stm32f4xx_hal_i2c.o
LOAD E:\sources\rt-thread\bsp\stm32\libraries\STM32F4xx_HAL\STM32F4xx_HAL_Driver\Src\stm32f4xx_hal_i2c_ex.o
LOAD E:\sources\rt-thread\bsp\stm32\libraries\STM32F4xx_HAL\STM32F4xx_HAL_Driver\Src\stm32f4xx_hal_pccard.o
LOAD E:\sources\rt-thread\bsp\stm32\libraries\STM32F4xx_HAL\STM32F4xx_HAL_Driver\Src\stm32f4xx_hal_pcd.o
LOAD E:\sources\rt-thread\bsp\stm32\libraries\STM32F4xx_HAL\STM32F4xx_HAL_Driver\Src\stm32f4xx_hal_pcd_ex.o
LOAD E:\sources\rt-thread\bsp\stm32\libraries\STM32F4xx_HAL\STM32F4xx_HAL_Driver\Src\stm32f4xx_hal_hcd.o
LOAD E:\sources\rt-thread\bsp\stm32\libraries\STM32F4xx_HAL\STM32F4xx_HAL_Driver\Src\stm32f4xx_ll_usb.o
LOAD E:\sources\rt-thread\bsp\stm32\libraries\STM32F4xx_HAL\STM32F4xx_HAL_Driver\Src\stm32f4xx_hal_eth.o
LOAD E:\sources\rt-thread\bsp\stm32\libraries\STM32F4xx_HAL\STM32F4xx_HAL_Driver\Src\stm32f4xx_hal_iwdg.o
LOAD E:\sources\rt-thread\bsp\stm32\libraries\STM32F4xx_HAL\STM32F4xx_HAL_Driver\Src\stm32f4xx_hal_wwdg.o
LOAD E:\sources\rt-thread\bsp\stm32\libraries\HAL_Drivers\drv_gpio.o
LOAD E:\sources\rt-thread\bsp\stm32\libraries\HAL_Drivers\drv_usart.o
LOAD E:\sources\rt-thread\bsp\stm32\libraries\HAL_Drivers\drv_soft_i2c.o
LOAD E:\sources\rt-thread\bsp\stm32\libraries\HAL_Drivers\drv_eth.o
LOAD E:\sources\rt-thread\bsp\stm32\libraries\HAL_Drivers\drv_wdt.o
LOAD E:\sources\rt-thread\bsp\stm32\libraries\HAL_Drivers\drv_common.o
START GROUP
LOAD d:/env/tools/gnu_gcc/arm_gcc/mingw/bin/../lib/gcc/arm-none-eabi/5.4.1/armv7e-m/fpu\libgcc.a
LOAD d:/env/tools/gnu_gcc/arm_gcc/mingw/bin/../lib/gcc/arm-none-eabi/5.4.1/../../../../arm-none-eabi/lib/armv7e-m/fpu\libc.a
END GROUP
LOAD d:/env/tools/gnu_gcc/arm_gcc/mingw/bin/../lib/gcc/arm-none-eabi/5.4.1/armv7e-m/fpu/crtend.o
LOAD d:/env/tools/gnu_gcc/arm_gcc/mingw/bin/../lib/gcc/arm-none-eabi/5.4.1/armv7e-m/fpu/crtn.o
                0x00000200                _system_stack_size = 0x200

.text           0x08000000    0x2560c
                0x08000000                . = ALIGN (0x4)
                0x08000000                _stext = .
 *(.isr_vector)
 .isr_vector    0x08000000      0x188 E:\sources\rt-thread\bsp\stm32\libraries\STM32F4xx_HAL\CMSIS\Device\ST\STM32F4xx\Source\Templates\gcc\startup_stm32f407xx.o
                0x08000000                g_pfnVectors
                0x08000188                . = ALIGN (0x4)
 *(.text)
 .text          0x08000188       0x5c d:/env/tools/gnu_gcc/arm_gcc/mingw/bin/../lib/gcc/arm-none-eabi/5.4.1/armv7e-m/fpu/crtbegin.o
 .text          0x080001e4      0x138 build\kernel\libcpu\arm\cortex-m4\context_gcc.o
                0x080001e4                rt_hw_interrupt_disable
                0x080001ec                rt_hw_interrupt_enable
                0x080001f2                rt_hw_context_switch_interrupt
                0x080001f2                rt_hw_context_switch
                0x08000212                PendSV_Handler
                0x0800027e                rt_hw_context_switch_to
                0x080002c6                rt_hw_interrupt_thread_switch
                0x080002ca                HardFault_Handler
 .text          0x0800031c       0x30 d:/env/tools/gnu_gcc/arm_gcc/mingw/bin/../lib/gcc/arm-none-eabi/5.4.1/armv7e-m/fpu\libgcc.a(_aeabi_uldivmod.o)
                0x0800031c                __aeabi_uldivmod
 .text          0x0800034c      0x2e4 d:/env/tools/gnu_gcc/arm_gcc/mingw/bin/../lib/gcc/arm-none-eabi/5.4.1/armv7e-m/fpu\libgcc.a(_udivmoddi4.o)
                0x0800034c                __udivmoddi4
 .text          0x08000630        0x4 d:/env/tools/gnu_gcc/arm_gcc/mingw/bin/../lib/gcc/arm-none-eabi/5.4.1/armv7e-m/fpu\libgcc.a(_dvmd_tls.o)
                0x08000630                __aeabi_idiv0
                0x08000630                __aeabi_ldiv0
 *(.text.*)
 .text.main     0x08000634       0x90 build\applications\main.o
                0x08000634                main
 .text.SystemClock_Config
                0x080006c4      0x118 build\board\board.o
                0x080006c4                SystemClock_Config
 .text.HAL_MspInit
                0x080007dc       0x50 build\board\CubeMX_Config\Src\stm32f4xx_hal_msp.o
                0x080007dc                HAL_MspInit
 .text.HAL_ETH_MspInit
                0x0800082c      0x14c build\board\CubeMX_Config\Src\stm32f4xx_hal_msp.o
                0x0800082c                HAL_ETH_MspInit
 .text.HAL_ETH_MspDeInit
                0x08000978       0x6c build\board\CubeMX_Config\Src\stm32f4xx_hal_msp.o
                0x08000978                HAL_ETH_MspDeInit
 .text.HAL_UART_MspInit
                0x080009e4      0x110 build\board\CubeMX_Config\Src\stm32f4xx_hal_msp.o
                0x080009e4                HAL_UART_MspInit
 .text.phy_reset
                0x08000af4       0x20 build\board\ports\phy_reset.o
                0x08000af4                phy_reset
 .text.phy_init
                0x08000b14       0x1c build\board\ports\phy_reset.o
                0x08000b14                phy_init
 .text.Reset_Handler
                0x08000b30       0x4c E:\sources\rt-thread\bsp\stm32\libraries\STM32F4xx_HAL\CMSIS\Device\ST\STM32F4xx\Source\Templates\gcc\startup_stm32f407xx.o
                0x08000b30                Reset_Handler
 .text.Default_Handler
                0x08000b7c        0x2 E:\sources\rt-thread\bsp\stm32\libraries\STM32F4xx_HAL\CMSIS\Device\ST\STM32F4xx\Source\Templates\gcc\startup_stm32f407xx.o
                0x08000b7c                RTC_Alarm_IRQHandler
                0x08000b7c                HASH_RNG_IRQHandler
                0x08000b7c                TIM8_CC_IRQHandler
                0x08000b7c                DebugMon_Handler
                0x08000b7c                TIM1_CC_IRQHandler
                0x08000b7c                DMA2_Stream5_IRQHandler
                0x08000b7c                DMA1_Stream5_IRQHandler
                0x08000b7c                PVD_IRQHandler
                0x08000b7c                SDIO_IRQHandler
                0x08000b7c                TAMP_STAMP_IRQHandler
                0x08000b7c                NMI_Handler
                0x08000b7c                CAN2_RX1_IRQHandler
                0x08000b7c                TIM8_TRG_COM_TIM14_IRQHandler
                0x08000b7c                TIM1_UP_TIM10_IRQHandler
                0x08000b7c                TIM8_UP_TIM13_IRQHandler
                0x08000b7c                I2C3_ER_IRQHandler
                0x08000b7c                I2C2_EV_IRQHandler
                0x08000b7c                DMA1_Stream2_IRQHandler
                0x08000b7c                CAN1_RX0_IRQHandler
                0x08000b7c                FPU_IRQHandler
                0x08000b7c                OTG_HS_WKUP_IRQHandler
                0x08000b7c                UsageFault_Handler
                0x08000b7c                CAN2_SCE_IRQHandler
                0x08000b7c                DMA2_Stream2_IRQHandler
                0x08000b7c                SPI1_IRQHandler
                0x08000b7c                TIM6_DAC_IRQHandler
                0x08000b7c                TIM1_BRK_TIM9_IRQHandler
                0x08000b7c                DCMI_IRQHandler
                0x08000b7c                CAN2_RX0_IRQHandler
                0x08000b7c                DMA2_Stream3_IRQHandler
                0x08000b7c                USART6_IRQHandler
                0x08000b7c                USART3_IRQHandler
                0x08000b7c                CAN1_RX1_IRQHandler
                0x08000b7c                UART5_IRQHandler
                0x08000b7c                DMA2_Stream0_IRQHandler
                0x08000b7c                TIM4_IRQHandler
                0x08000b7c                I2C1_EV_IRQHandler
                0x08000b7c                DMA1_Stream6_IRQHandler
                0x08000b7c                DMA1_Stream1_IRQHandler
                0x08000b7c                UART4_IRQHandler
                0x08000b7c                TIM3_IRQHandler
                0x08000b7c                RCC_IRQHandler
                0x08000b7c                TIM8_BRK_TIM12_IRQHandler
                0x08000b7c                Default_Handler
                0x08000b7c                ADC_IRQHandler
                0x08000b7c                DMA1_Stream7_IRQHandler
                0x08000b7c                TIM7_IRQHandler
                0x08000b7c                CAN2_TX_IRQHandler
                0x08000b7c                TIM5_IRQHandler
                0x08000b7c                DMA2_Stream7_IRQHandler
                0x08000b7c                I2C3_EV_IRQHandler
                0x08000b7c                RTC_WKUP_IRQHandler
                0x08000b7c                ETH_WKUP_IRQHandler
                0x08000b7c                SPI2_IRQHandler
                0x08000b7c                OTG_HS_EP1_IN_IRQHandler
                0x08000b7c                MemManage_Handler
                0x08000b7c                DMA1_Stream0_IRQHandler
                0x08000b7c                CAN1_TX_IRQHandler
                0x08000b7c                SVC_Handler
                0x08000b7c                FSMC_IRQHandler
                0x08000b7c                OTG_HS_EP1_OUT_IRQHandler
                0x08000b7c                WWDG_IRQHandler
                0x08000b7c                TIM2_IRQHandler
                0x08000b7c                OTG_FS_WKUP_IRQHandler
                0x08000b7c                TIM1_TRG_COM_TIM11_IRQHandler
                0x08000b7c                OTG_HS_IRQHandler
                0x08000b7c                USART2_IRQHandler
                0x08000b7c                I2C2_ER_IRQHandler
                0x08000b7c                DMA2_Stream1_IRQHandler
                0x08000b7c                CAN1_SCE_IRQHandler
                0x08000b7c                FLASH_IRQHandler
                0x08000b7c                DMA2_Stream4_IRQHandler
                0x08000b7c                BusFault_Handler
                0x08000b7c                OTG_FS_IRQHandler
                0x08000b7c                SPI3_IRQHandler
                0x08000b7c                DMA1_Stream4_IRQHandler
                0x08000b7c                I2C1_ER_IRQHandler
                0x08000b7c                DMA2_Stream6_IRQHandler
                0x08000b7c                DMA1_Stream3_IRQHandler
 *fill*         0x08000b7e        0x2 00000000
 .text.rt_tick_get
                0x08000b80       0x18 build\kernel\src\clock.o
                0x08000b80                rt_tick_get
 .text.rt_tick_increase
                0x08000b98       0x44 build\kernel\src\clock.o
                0x08000b98                rt_tick_increase
 .text.rt_tick_from_millisecond
                0x08000bdc       0x78 build\kernel\src\clock.o
                0x08000bdc                rt_tick_from_millisecond
 .text.rti_start
                0x08000c54       0x10 build\kernel\src\components.o
 .text.rti_board_start
                0x08000c64       0x10 build\kernel\src\components.o
 .text.rti_board_end
                0x08000c74       0x10 build\kernel\src\components.o
 .text.rti_end  0x08000c84       0x10 build\kernel\src\components.o
 .text.rt_components_board_init
                0x08000c94       0x30 build\kernel\src\components.o
                0x08000c94                rt_components_board_init
 .text.rt_components_init
                0x08000cc4       0x30 build\kernel\src\components.o
                0x08000cc4                rt_components_init
 .text.entry    0x08000cf4       0x14 build\kernel\src\components.o
                0x08000cf4                entry
 .text.main_thread_entry
                0x08000d08       0x18 build\kernel\src\components.o
                0x08000d08                main_thread_entry
 .text.rt_application_init
                0x08000d20       0x4c build\kernel\src\components.o
                0x08000d20                rt_application_init
 .text.rtthread_startup
                0x08000d6c       0x30 build\kernel\src\components.o
                0x08000d6c                rtthread_startup
 .text.rt_device_register
                0x08000d9c       0x54 build\kernel\src\device.o
                0x08000d9c                rt_device_register
 .text.rt_device_find
                0x08000df0       0x90 build\kernel\src\device.o
                0x08000df0                rt_device_find
 .text.rt_device_init
                0x08000e80       0x74 build\kernel\src\device.o
                0x08000e80                rt_device_init
 .text.rt_device_open
                0x08000ef4      0x11c build\kernel\src\device.o
                0x08000ef4                rt_device_open
 .text.rt_device_close
                0x08001010       0x9c build\kernel\src\device.o
                0x08001010                rt_device_close
 .text.rt_device_read
                0x080010ac       0x88 build\kernel\src\device.o
                0x080010ac                rt_device_read
 .text.rt_device_write
                0x08001134       0x88 build\kernel\src\device.o
                0x08001134                rt_device_write
 .text.rt_device_control
                0x080011bc       0x68 build\kernel\src\device.o
                0x080011bc                rt_device_control
 .text.rt_device_set_rx_indicate
                0x08001224       0x54 build\kernel\src\device.o
                0x08001224                rt_device_set_rx_indicate
 .text.rt_list_remove
                0x08001278       0x38 build\kernel\src\idle.o
 .text._has_defunct_thread
                0x080012b0       0x2c build\kernel\src\idle.o
 .text.rt_thread_idle_excute
                0x080012dc       0xc8 build\kernel\src\idle.o
                0x080012dc                rt_thread_idle_excute
 .text.rt_thread_idle_entry
                0x080013a4       0x3c build\kernel\src\idle.o
 .text.rt_thread_idle_init
                0x080013e0       0x74 build\kernel\src\idle.o
                0x080013e0                rt_thread_idle_init
 .text.rt_list_init
                0x08001454       0x24 build\kernel\src\ipc.o
 .text.rt_list_insert_before
                0x08001478       0x34 build\kernel\src\ipc.o
 .text.rt_list_isempty
                0x080014ac       0x24 build\kernel\src\ipc.o
 .text.rt_ipc_object_init
                0x080014d0       0x1c build\kernel\src\ipc.o
 .text.rt_ipc_list_suspend
                0x080014ec       0x90 build\kernel\src\ipc.o
 .text.rt_ipc_list_resume
                0x0800157c       0x20 build\kernel\src\ipc.o
 .text.rt_ipc_list_resume_all
                0x0800159c       0x48 build\kernel\src\ipc.o
 .text.rt_sem_init
                0x080015e4       0x54 build\kernel\src\ipc.o
                0x080015e4                rt_sem_init
 .text.rt_sem_detach
                0x08001638       0x74 build\kernel\src\ipc.o
                0x08001638                rt_sem_detach
 .text.rt_sem_take
                0x080016ac      0x160 build\kernel\src\ipc.o
                0x080016ac                rt_sem_take
 .text.rt_sem_trytake
                0x0800180c       0x1c build\kernel\src\ipc.o
                0x0800180c                rt_sem_trytake
 .text.rt_sem_release
                0x08001828       0xa0 build\kernel\src\ipc.o
                0x08001828                rt_sem_release
 .text.rt_mutex_init
                0x080018c8       0x64 build\kernel\src\ipc.o
                0x080018c8                rt_mutex_init
 .text.rt_mutex_create
                0x0800192c       0x88 build\kernel\src\ipc.o
                0x0800192c                rt_mutex_create
 .text.rt_mutex_take
                0x080019b4      0x1d0 build\kernel\src\ipc.o
                0x080019b4                rt_mutex_take
 .text.rt_mutex_release
                0x08001b84      0x190 build\kernel\src\ipc.o
                0x08001b84                rt_mutex_release
 .text.rt_event_init
                0x08001d14       0x54 build\kernel\src\ipc.o
                0x08001d14                rt_event_init
 .text.rt_event_detach
                0x08001d68       0x7c build\kernel\src\ipc.o
                0x08001d68                rt_event_detach
 .text.rt_event_recv
                0x08001de4      0x1fc build\kernel\src\ipc.o
                0x08001de4                rt_event_recv
 .text.rt_mb_init
                0x08001fe0       0x78 build\kernel\src\ipc.o
                0x08001fe0                rt_mb_init
 .text.rt_mb_create
                0x08002058       0xbc build\kernel\src\ipc.o
                0x08002058                rt_mb_create
 .text.rt_mb_send_wait
                0x08002114      0x208 build\kernel\src\ipc.o
                0x08002114                rt_mb_send_wait
 .text.rt_mb_send
                0x0800231c       0x20 build\kernel\src\ipc.o
                0x0800231c                rt_mb_send
 .text.rt_mb_recv
                0x0800233c      0x234 build\kernel\src\ipc.o
                0x0800233c                rt_mb_recv
 .text.rt_interrupt_enter
                0x08002570       0x40 build\kernel\src\irq.o
                0x08002570                rt_interrupt_enter
 .text.rt_interrupt_leave
                0x080025b0       0x40 build\kernel\src\irq.o
                0x080025b0                rt_interrupt_leave
 .text.rt_interrupt_get_nest
                0x080025f0       0x28 build\kernel\src\irq.o
                0x080025f0                rt_interrupt_get_nest
 .text.rt_set_errno
                0x08002618       0x40 build\kernel\src\kservice.o
                0x08002618                rt_set_errno
 .text.rt_memset
                0x08002658       0xb8 build\kernel\src\kservice.o
                0x08002658                rt_memset
                0x08002658                memset
 .text.rt_memcpy
                0x08002710       0xd4 build\kernel\src\kservice.o
                0x08002710                rt_memcpy
                0x08002710                memcpy
 .text.rt_memmove
                0x080027e4       0x84 build\kernel\src\kservice.o
                0x080027e4                rt_memmove
                0x080027e4                memmove
 .text.rt_memcmp
                0x08002868       0x58 build\kernel\src\kservice.o
                0x08002868                rt_memcmp
                0x08002868                memcmp
 .text.rt_strncpy
                0x080028c0       0x64 build\kernel\src\kservice.o
                0x080028c0                rt_strncpy
 .text.rt_strncmp
                0x08002924       0x4c build\kernel\src\kservice.o
                0x08002924                rt_strncmp
 .text.rt_strcmp
                0x08002970       0x44 build\kernel\src\kservice.o
                0x08002970                rt_strcmp
 .text.rt_strlen
                0x080029b4       0x30 build\kernel\src\kservice.o
                0x080029b4                strlen
                0x080029b4                rt_strlen
 .text.rt_show_version
                0x080029e4       0x44 build\kernel\src\kservice.o
                0x080029e4                rt_show_version
 .text.divide   0x08002a28       0x68 build\kernel\src\kservice.o
 .text.skip_atoi
                0x08002a90       0x40 build\kernel\src\kservice.o
 .text.print_number
                0x08002ad0      0x1dc build\kernel\src\kservice.o
 .text.rt_vsnprintf
                0x08002cac      0x548 build\kernel\src\kservice.o
                0x08002cac                rt_vsnprintf
 .text.rt_snprintf
                0x080031f4       0x30 build\kernel\src\kservice.o
                0x080031f4                rt_snprintf
                0x080031f4                snprintf
 .text.rt_vsprintf
                0x08003224       0x24 build\kernel\src\kservice.o
                0x08003224                rt_vsprintf
                0x08003224                vsprintf
 .text.rt_sprintf
                0x08003248       0x2c build\kernel\src\kservice.o
                0x08003248                sprintf
                0x08003248                rt_sprintf
 .text.rt_console_get_device
                0x08003274       0x18 build\kernel\src\kservice.o
                0x08003274                rt_console_get_device
 .text.rt_console_set_device
                0x0800328c       0x4c build\kernel\src\kservice.o
                0x0800328c                rt_console_set_device
 .text.rt_hw_console_output
                0x080032d8       0x14 build\kernel\src\kservice.o
                0x080032d8                rt_hw_console_output
 .text.rt_kprintf
                0x080032ec       0x80 build\kernel\src\kservice.o
                0x080032ec                rt_kprintf
 .text.__rt_ffs
                0x0800336c       0x70 build\kernel\src\kservice.o
                0x0800336c                __rt_ffs
 .text.rt_assert_handler
                0x080033dc       0x4c build\kernel\src\kservice.o
                0x080033dc                rt_assert_handler
 .text.plug_holes
                0x08003428      0x100 build\kernel\src\mem.o
 .text.rt_system_heap_init
                0x08003528      0x118 build\kernel\src\mem.o
                0x08003528                rt_system_heap_init
 .text.rt_malloc
                0x08003640      0x294 build\kernel\src\mem.o
                0x08003640                rt_malloc
 .text.rt_calloc
                0x080038d4       0x3c build\kernel\src\mem.o
                0x080038d4                rt_calloc
 .text.rt_free  0x08003910      0x188 build\kernel\src\mem.o
                0x08003910                rt_free
 .text.list_mem
                0x08003a98       0x44 build\kernel\src\mem.o
                0x08003a98                list_mem
 .text.rt_list_insert_after
                0x08003adc       0x34 build\kernel\src\object.o
 .text.rt_list_remove
                0x08003b10       0x38 build\kernel\src\object.o
 .text.rt_object_get_information
                0x08003b48       0x48 build\kernel\src\object.o
                0x08003b48                rt_object_get_information
 .text.rt_object_init
                0x08003b90       0x80 build\kernel\src\object.o
                0x08003b90                rt_object_init
 .text.rt_object_detach
                0x08003c10       0x5c build\kernel\src\object.o
                0x08003c10                rt_object_detach
 .text.rt_object_allocate
                0x08003c6c       0xd8 build\kernel\src\object.o
                0x08003c6c                rt_object_allocate
 .text.rt_object_delete
                0x08003d44       0x7c build\kernel\src\object.o
                0x08003d44                rt_object_delete
 .text.rt_object_is_systemobject
                0x08003dc0       0x3c build\kernel\src\object.o
                0x08003dc0                rt_object_is_systemobject
 .text.rt_object_get_type
                0x08003dfc       0x34 build\kernel\src\object.o
                0x08003dfc                rt_object_get_type
 .text.rt_list_init
                0x08003e30       0x24 build\kernel\src\scheduler.o
 .text.rt_list_insert_before
                0x08003e54       0x34 build\kernel\src\scheduler.o
 .text.rt_list_remove
                0x08003e88       0x38 build\kernel\src\scheduler.o
 .text.rt_list_isempty
                0x08003ec0       0x24 build\kernel\src\scheduler.o
 .text._rt_scheduler_stack_check
                0x08003ee4       0x98 build\kernel\src\scheduler.o
 .text._get_highest_priority_thread
                0x08003f7c       0x38 build\kernel\src\scheduler.o
 .text.rt_system_scheduler_init
                0x08003fb4       0x40 build\kernel\src\scheduler.o
                0x08003fb4                rt_system_scheduler_init
 .text.rt_system_scheduler_start
                0x08003ff4       0x38 build\kernel\src\scheduler.o
                0x08003ff4                rt_system_scheduler_start
 .text.rt_schedule
                0x0800402c      0x14c build\kernel\src\scheduler.o
                0x0800402c                rt_schedule
 .text.rt_schedule_insert_thread
                0x08004178       0xac build\kernel\src\scheduler.o
                0x08004178                rt_schedule_insert_thread
 .text.rt_schedule_remove_thread
                0x08004224       0x70 build\kernel\src\scheduler.o
                0x08004224                rt_schedule_remove_thread
 .text.rt_enter_critical
                0x08004294       0x2c build\kernel\src\scheduler.o
                0x08004294                rt_enter_critical
 .text.rt_exit_critical
                0x080042c0       0x48 build\kernel\src\scheduler.o
                0x080042c0                rt_exit_critical
 .text.rt_list_init
                0x08004308       0x24 build\kernel\src\thread.o
 .text.rt_list_insert_after
                0x0800432c       0x34 build\kernel\src\thread.o
 .text.rt_list_remove
                0x08004360       0x38 build\kernel\src\thread.o
 .text.rt_thread_exit
                0x08004398       0x68 build\kernel\src\thread.o
                0x08004398                rt_thread_exit
 .text._rt_thread_init
                0x08004400       0xf8 build\kernel\src\thread.o
 .text.rt_thread_init
                0x080044f8       0x6c build\kernel\src\thread.o
                0x080044f8                rt_thread_init
 .text.rt_thread_self
                0x08004564       0x18 build\kernel\src\thread.o
                0x08004564                rt_thread_self
 .text.rt_thread_startup
                0x0800457c       0xa0 build\kernel\src\thread.o
                0x0800457c                rt_thread_startup
 .text.rt_thread_create
                0x0800461c       0x64 build\kernel\src\thread.o
                0x0800461c                rt_thread_create
 .text.rt_thread_delete
                0x08004680       0xa8 build\kernel\src\thread.o
                0x08004680                rt_thread_delete
 .text.rt_thread_yield
                0x08004728       0x10 build\kernel\src\thread.o
                0x08004728                rt_thread_yield
 .text.rt_thread_sleep
                0x08004738       0x8c build\kernel\src\thread.o
                0x08004738                rt_thread_sleep
 .text.rt_thread_delay
                0x080047c4       0x18 build\kernel\src\thread.o
                0x080047c4                rt_thread_delay
 .text.rt_thread_mdelay
                0x080047dc       0x20 build\kernel\src\thread.o
                0x080047dc                rt_thread_mdelay
 .text.rt_thread_control
                0x080047fc       0xd4 build\kernel\src\thread.o
                0x080047fc                rt_thread_control
 .text.rt_thread_suspend
                0x080048d0       0xcc build\kernel\src\thread.o
                0x080048d0                rt_thread_suspend
 .text.rt_thread_resume
                0x0800499c       0x98 build\kernel\src\thread.o
                0x0800499c                rt_thread_resume
 .text.rt_thread_timeout
                0x08004a34       0x84 build\kernel\src\thread.o
                0x08004a34                rt_thread_timeout
 .text.rt_thread_find
                0x08004ab8       0x94 build\kernel\src\thread.o
                0x08004ab8                rt_thread_find
 .text.rt_list_init
                0x08004b4c       0x24 build\kernel\src\timer.o
 .text.rt_list_insert_after
                0x08004b70       0x34 build\kernel\src\timer.o
 .text.rt_list_remove
                0x08004ba4       0x38 build\kernel\src\timer.o
 .text.rt_list_isempty
                0x08004bdc       0x24 build\kernel\src\timer.o
 .text._rt_timer_init
                0x08004c00       0x68 build\kernel\src\timer.o
 .text._rt_timer_remove
                0x08004c68       0x34 build\kernel\src\timer.o
 .text.rt_timer_init
                0x08004c9c       0x48 build\kernel\src\timer.o
                0x08004c9c                rt_timer_init
 .text.rt_timer_detach
                0x08004ce4       0x7c build\kernel\src\timer.o
                0x08004ce4                rt_timer_detach
 .text.rt_timer_start
                0x08004d60      0x1fc build\kernel\src\timer.o
                0x08004d60                rt_timer_start
 .text.rt_timer_stop
                0x08004f5c       0x94 build\kernel\src\timer.o
                0x08004f5c                rt_timer_stop
 .text.rt_timer_control
                0x08004ff0       0xa0 build\kernel\src\timer.o
                0x08004ff0                rt_timer_control
 .text.rt_timer_check
                0x08005090       0xcc build\kernel\src\timer.o
                0x08005090                rt_timer_check
 .text.rt_system_timer_init
                0x0800515c       0x34 build\kernel\src\timer.o
                0x0800515c                rt_system_timer_init
 .text.rt_system_timer_thread_init
                0x08005190       0x10 build\kernel\src\timer.o
                0x08005190                rt_system_timer_thread_init
 .text.rt_hw_stack_init
                0x080051a0       0x90 build\kernel\libcpu\arm\cortex-m4\cpuport.o
                0x080051a0                rt_hw_stack_init
 .text.usage_fault_track
                0x08005230       0xc4 build\kernel\libcpu\arm\cortex-m4\cpuport.o
 .text.bus_fault_track
                0x080052f4       0xcc build\kernel\libcpu\arm\cortex-m4\cpuport.o
 .text.mem_manage_fault_track
                0x080053c0       0xb4 build\kernel\libcpu\arm\cortex-m4\cpuport.o
 .text.hard_fault_track
                0x08005474       0x78 build\kernel\libcpu\arm\cortex-m4\cpuport.o
 .text.rt_hw_hard_fault_exception
                0x080054ec      0x184 build\kernel\libcpu\arm\cortex-m4\cpuport.o
                0x080054ec                rt_hw_hard_fault_exception
 .text.rt_hw_cpu_reset
                0x08005670       0x1c build\kernel\libcpu\arm\cortex-m4\cpuport.o
                0x08005670                rt_hw_cpu_reset
 .text.rt_i2c_bus_device_register
                0x0800568c       0x44 build\kernel\components\drivers\i2c\i2c_core.o
                0x0800568c                rt_i2c_bus_device_register
 .text.rt_i2c_transfer
                0x080056d0       0x4c build\kernel\components\drivers\i2c\i2c_core.o
                0x080056d0                rt_i2c_transfer
 .text.rt_i2c_master_send
                0x0800571c       0x50 build\kernel\components\drivers\i2c\i2c_core.o
                0x0800571c                rt_i2c_master_send
 .text.rt_i2c_master_recv
                0x0800576c       0x74 build\kernel\components\drivers\i2c\i2c_core.o
                0x0800576c                rt_i2c_master_recv
 .text.rt_i2c_core_init
                0x080057e0       0x10 build\kernel\components\drivers\i2c\i2c_core.o
                0x080057e0                rt_i2c_core_init
 .text.i2c_bus_device_read
                0x080057f0       0x64 build\kernel\components\drivers\i2c\i2c_dev.o
 .text.i2c_bus_device_write
                0x08005854       0x64 build\kernel\components\drivers\i2c\i2c_dev.o
 .text.i2c_bus_device_control
                0x080058b8       0xa8 build\kernel\components\drivers\i2c\i2c_dev.o
 .text.rt_i2c_bus_device_device_init
                0x08005960       0x78 build\kernel\components\drivers\i2c\i2c_dev.o
                0x08005960                rt_i2c_bus_device_device_init
 .text.i2c_delay
                0x080059d8       0x20 build\kernel\components\drivers\i2c\i2c-bit-ops.o
 .text.i2c_delay2
                0x080059f8       0x1c build\kernel\components\drivers\i2c\i2c-bit-ops.o
 .text.SCL_H    0x08005a14       0x74 build\kernel\components\drivers\i2c\i2c-bit-ops.o
 .text.i2c_start
                0x08005a88       0x34 build\kernel\components\drivers\i2c\i2c-bit-ops.o
 .text.i2c_restart
                0x08005abc       0x4c build\kernel\components\drivers\i2c\i2c-bit-ops.o
 .text.i2c_stop
                0x08005b08       0x44 build\kernel\components\drivers\i2c\i2c-bit-ops.o
 .text.i2c_waitack
                0x08005b4c       0x60 build\kernel\components\drivers\i2c\i2c-bit-ops.o
 .text.i2c_writeb
                0x08005bac       0x8c build\kernel\components\drivers\i2c\i2c-bit-ops.o
 .text.i2c_readb
                0x08005c38       0x88 build\kernel\components\drivers\i2c\i2c-bit-ops.o
 .text.i2c_send_bytes
                0x08005cc0       0x78 build\kernel\components\drivers\i2c\i2c-bit-ops.o
 .text.i2c_send_ack_or_nack
                0x08005d38       0x54 build\kernel\components\drivers\i2c\i2c-bit-ops.o
 .text.i2c_recv_bytes
                0x08005d8c       0x7c build\kernel\components\drivers\i2c\i2c-bit-ops.o
 .text.i2c_send_address
                0x08005e08       0x64 build\kernel\components\drivers\i2c\i2c-bit-ops.o
 .text.i2c_bit_send_address
                0x08005e6c      0x114 build\kernel\components\drivers\i2c\i2c-bit-ops.o
 .text.i2c_bit_xfer
                0x08005f80       0xf0 build\kernel\components\drivers\i2c\i2c-bit-ops.o
 .text.rt_i2c_bit_add_bus
                0x08006070       0x28 build\kernel\components\drivers\i2c\i2c-bit-ops.o
                0x08006070                rt_i2c_bit_add_bus
 .text._pin_read
                0x08006098       0x60 build\kernel\components\drivers\misc\pin.o
 .text._pin_write
                0x080060f8       0x5c build\kernel\components\drivers\misc\pin.o
 .text._pin_control
                0x08006154       0x58 build\kernel\components\drivers\misc\pin.o
 .text.rt_device_pin_register
                0x080061ac       0x74 build\kernel\components\drivers\misc\pin.o
                0x080061ac                rt_device_pin_register
 .text.rt_pin_mode
                0x08006220       0x40 build\kernel\components\drivers\misc\pin.o
                0x08006220                rt_pin_mode
 .text.rt_pin_write
                0x08006260       0x40 build\kernel\components\drivers\misc\pin.o
                0x08006260                rt_pin_write
 .text.rt_pin_read
                0x080062a0       0x3c build\kernel\components\drivers\misc\pin.o
                0x080062a0                rt_pin_read
 .text._serial_poll_rx
                0x080062dc       0x74 build\kernel\components\drivers\serial\serial.o
 .text._serial_poll_tx
                0x08006350       0x7c build\kernel\components\drivers\serial\serial.o
 .text._serial_int_rx
                0x080063cc       0xd8 build\kernel\components\drivers\serial\serial.o
 .text._serial_int_tx
                0x080064a4       0x90 build\kernel\components\drivers\serial\serial.o
 .text._serial_fifo_calc_recved_len
                0x08006534       0x88 build\kernel\components\drivers\serial\serial.o
 .text.rt_dma_calc_recved_len
                0x080065bc       0x18 build\kernel\components\drivers\serial\serial.o
 .text.rt_dma_recv_update_get_index
                0x080065d4       0xa4 build\kernel\components\drivers\serial\serial.o
 .text.rt_dma_recv_update_put_index
                0x08006678      0x10c build\kernel\components\drivers\serial\serial.o
 .text._serial_dma_rx
                0x08006784      0x198 build\kernel\components\drivers\serial\serial.o
 .text._serial_dma_tx
                0x0800691c       0x70 build\kernel\components\drivers\serial\serial.o
 .text.rt_serial_init
                0x0800698c       0x5c build\kernel\components\drivers\serial\serial.o
 .text.rt_serial_open
                0x080069e8      0x35c build\kernel\components\drivers\serial\serial.o
 .text.rt_serial_close
                0x08006d44      0x1a8 build\kernel\components\drivers\serial\serial.o
 .text.rt_serial_read
                0x08006eec       0x84 build\kernel\components\drivers\serial\serial.o
 .text.rt_serial_write
                0x08006f70       0x84 build\kernel\components\drivers\serial\serial.o
 .text.rt_serial_control
                0x08006ff4       0xd0 build\kernel\components\drivers\serial\serial.o
 .text.rt_hw_serial_register
                0x080070c4       0x9c build\kernel\components\drivers\serial\serial.o
                0x080070c4                rt_hw_serial_register
 .text.rt_hw_serial_isr
                0x08007160      0x260 build\kernel\components\drivers\serial\serial.o
                0x08007160                rt_hw_serial_isr
 .text.rt_list_init
                0x080073c0       0x24 build\kernel\components\drivers\src\completion.o
 .text.rt_list_insert_before
                0x080073e4       0x34 build\kernel\components\drivers\src\completion.o
 .text.rt_list_isempty
                0x08007418       0x24 build\kernel\components\drivers\src\completion.o
 .text.rt_completion_init
                0x0800743c       0x44 build\kernel\components\drivers\src\completion.o
                0x0800743c                rt_completion_init
 .text.rt_completion_wait
                0x08007480       0xfc build\kernel\components\drivers\src\completion.o
                0x08007480                rt_completion_wait
 .text.rt_completion_done
                0x0800757c       0x70 build\kernel\components\drivers\src\completion.o
                0x0800757c                rt_completion_done
 .text.rt_list_init
                0x080075ec       0x24 build\kernel\components\drivers\src\dataqueue.o
 .text.rt_list_insert_before
                0x08007610       0x34 build\kernel\components\drivers\src\dataqueue.o
 .text.rt_list_isempty
                0x08007644       0x24 build\kernel\components\drivers\src\dataqueue.o
 .text.rt_data_queue_init
                0x08007668       0x84 build\kernel\components\drivers\src\dataqueue.o
                0x08007668                rt_data_queue_init
 .text.rt_data_queue_push
                0x080076ec      0x190 build\kernel\components\drivers\src\dataqueue.o
                0x080076ec                rt_data_queue_push
 .text.rt_data_queue_pop
                0x0800787c      0x1e4 build\kernel\components\drivers\src\dataqueue.o
                0x0800787c                rt_data_queue_pop
 .text.rt_data_queue_peak
                0x08007a60       0x9c build\kernel\components\drivers\src\dataqueue.o
                0x08007a60                rt_data_queue_peak
 .text.rt_list_init
                0x08007afc       0x24 build\kernel\components\drivers\src\workqueue.o
 .text.rt_list_insert_after
                0x08007b20       0x34 build\kernel\components\drivers\src\workqueue.o
 .text.rt_list_remove
                0x08007b54       0x38 build\kernel\components\drivers\src\workqueue.o
 .text.rt_list_isempty
                0x08007b8c       0x24 build\kernel\components\drivers\src\workqueue.o
 .text._workqueue_work_completion
                0x08007bb0       0x4c build\kernel\components\drivers\src\workqueue.o
 .text._workqueue_thread_entry
                0x08007bfc       0x8c build\kernel\components\drivers\src\workqueue.o
 .text.rt_workqueue_create
                0x08007c88       0x8c build\kernel\components\drivers\src\workqueue.o
                0x08007c88                rt_workqueue_create
 .text.rt_workqueue_dowork
                0x08007d14       0x98 build\kernel\components\drivers\src\workqueue.o
                0x08007d14                rt_workqueue_dowork
 .text.rt_watchdog_init
                0x08007dac       0x48 build\kernel\components\drivers\watchdog\watchdog.o
 .text.rt_watchdog_open
                0x08007df4       0x1c build\kernel\components\drivers\watchdog\watchdog.o
 .text.rt_watchdog_close
                0x08007e10       0x54 build\kernel\components\drivers\watchdog\watchdog.o
 .text.rt_watchdog_control
                0x08007e64       0x40 build\kernel\components\drivers\watchdog\watchdog.o
 .text.rt_hw_watchdog_register
                0x08007ea4       0x90 build\kernel\components\drivers\watchdog\watchdog.o
                0x08007ea4                rt_hw_watchdog_register
 .text.rt_wlan_cfg_init
                0x08007f34       0x48 build\kernel\components\drivers\wlan\wlan_cfg.o
                0x08007f34                rt_wlan_cfg_init
 .text.rt_wlan_cfg_get_num
                0x08007f7c       0x18 build\kernel\components\drivers\wlan\wlan_cfg.o
                0x08007f7c                rt_wlan_cfg_get_num
 .text.rt_wlan_cfg_read_index
                0x08007f94       0x78 build\kernel\components\drivers\wlan\wlan_cfg.o
                0x08007f94                rt_wlan_cfg_read_index
 .text.wifi_help
                0x0800800c       0x70 build\kernel\components\drivers\wlan\wlan_cmd.o
 .text.wifi_status
                0x0800807c      0x190 build\kernel\components\drivers\wlan\wlan_cmd.o
 .text.wifi_scan
                0x0800820c      0x288 build\kernel\components\drivers\wlan\wlan_cmd.o
 .text.wifi_join
                0x08008494       0x8c build\kernel\components\drivers\wlan\wlan_cmd.o
 .text.wifi_ap  0x08008520       0x4c build\kernel\components\drivers\wlan\wlan_cmd.o
 .text.wifi_list_sta
                0x0800856c      0x110 build\kernel\components\drivers\wlan\wlan_cmd.o
 .text.wifi_disconnect
                0x0800867c       0x24 build\kernel\components\drivers\wlan\wlan_cmd.o
 .text.wifi_ap_stop
                0x080086a0       0x24 build\kernel\components\drivers\wlan\wlan_cmd.o
 .text.wifi_msh
                0x080086c4       0xa0 build\kernel\components\drivers\wlan\wlan_cmd.o
 .text.rt_wlan_dev_connect
                0x08008764       0xdc build\kernel\components\drivers\wlan\wlan_dev.o
                0x08008764                rt_wlan_dev_connect
 .text.rt_wlan_dev_disconnect
                0x08008840       0x30 build\kernel\components\drivers\wlan\wlan_dev.o
                0x08008840                rt_wlan_dev_disconnect
 .text.rt_wlan_dev_ap_start
                0x08008870       0xd0 build\kernel\components\drivers\wlan\wlan_dev.o
                0x08008870                rt_wlan_dev_ap_start
 .text.rt_wlan_dev_ap_stop
                0x08008940       0x30 build\kernel\components\drivers\wlan\wlan_dev.o
                0x08008940                rt_wlan_dev_ap_stop
 .text.rt_wlan_dev_get_rssi
                0x08008970       0x4c build\kernel\components\drivers\wlan\wlan_dev.o
                0x08008970                rt_wlan_dev_get_rssi
 .text.rt_wlan_dev_scan
                0x080089bc       0xb0 build\kernel\components\drivers\wlan\wlan_dev.o
                0x080089bc                rt_wlan_dev_scan
 .text.rt_list_init
                0x08008a6c       0x24 build\kernel\components\drivers\wlan\wlan_lwip.o
 .text.rt_work_init
                0x08008a90       0x28 build\kernel\components\drivers\wlan\wlan_lwip.o
 .text.netif_is_ready
                0x08008ab8       0xf4 build\kernel\components\drivers\wlan\wlan_lwip.o
 .text.timer_callback
                0x08008bac       0x6c build\kernel\components\drivers\wlan\wlan_lwip.o
 .text.netif_set_connected
                0x08008c18       0xdc build\kernel\components\drivers\wlan\wlan_lwip.o
 .text.rt_wlan_lwip_event_handle
                0x08008cf4       0x90 build\kernel\components\drivers\wlan\wlan_lwip.o
 .text.rt_wlan_lwip_protocol_control
                0x08008d84       0x54 build\kernel\components\drivers\wlan\wlan_lwip.o
 .text.rt_wlan_lwip_protocol_recv
                0x08008dd8       0xe0 build\kernel\components\drivers\wlan\wlan_lwip.o
 .text.rt_wlan_lwip_protocol_send
                0x08008eb8       0xac build\kernel\components\drivers\wlan\wlan_lwip.o
 .text.rt_wlan_lwip_protocol_register
                0x08008f64      0x1f8 build\kernel\components\drivers\wlan\wlan_lwip.o
 .text.rt_wlan_lwip_protocol_unregister
                0x0800915c       0x18 build\kernel\components\drivers\wlan\wlan_lwip.o
 .text.rt_wlan_lwip_init
                0x08009174       0x94 build\kernel\components\drivers\wlan\wlan_lwip.o
                0x08009174                rt_wlan_lwip_init
 .text.rt_list_init
                0x08009208       0x24 build\kernel\components\drivers\wlan\wlan_mgnt.o
 .text.rt_work_init
                0x0800922c       0x28 build\kernel\components\drivers\wlan\wlan_mgnt.o
 .text._sta_is_null
                0x08009254       0x20 build\kernel\components\drivers\wlan\wlan_mgnt.o
 .text._ap_is_null
                0x08009274       0x20 build\kernel\components\drivers\wlan\wlan_mgnt.o
 .text._is_do_connect
                0x08009294       0x34 build\kernel\components\drivers\wlan\wlan_mgnt.o
 .text.rt_wlan_auto_connect_run
                0x080092c8       0xdc build\kernel\components\drivers\wlan\wlan_mgnt.o
 .text.rt_wlan_cyclic_check
                0x080093a4       0x70 build\kernel\components\drivers\wlan\wlan_mgnt.o
 .text.rt_wlan_complete_create
                0x08009414       0xc8 build\kernel\components\drivers\wlan\wlan_mgnt.o
 .text.rt_wlan_complete_wait
                0x080094dc       0x5c build\kernel\components\drivers\wlan\wlan_mgnt.o
 .text.rt_wlan_complete_delete
                0x08009538       0x4c build\kernel\components\drivers\wlan\wlan_mgnt.o
 .text.rt_wlan_find_best_by_cache
                0x08009584      0x174 build\kernel\components\drivers\wlan\wlan_mgnt.o
                0x08009584                rt_wlan_find_best_by_cache
 .text.rt_wlan_connect
                0x080096f8      0x204 build\kernel\components\drivers\wlan\wlan_mgnt.o
                0x080096f8                rt_wlan_connect
 .text.rt_wlan_connect_adv
                0x080098fc      0x24c build\kernel\components\drivers\wlan\wlan_mgnt.o
                0x080098fc                rt_wlan_connect_adv
 .text.rt_wlan_disconnect
                0x08009b48      0x114 build\kernel\components\drivers\wlan\wlan_mgnt.o
                0x08009b48                rt_wlan_disconnect
 .text.rt_wlan_is_connected
                0x08009c5c       0x38 build\kernel\components\drivers\wlan\wlan_mgnt.o
                0x08009c5c                rt_wlan_is_connected
 .text.rt_wlan_get_info
                0x08009c94       0x4c build\kernel\components\drivers\wlan\wlan_mgnt.o
                0x08009c94                rt_wlan_get_info
 .text.rt_wlan_get_rssi
                0x08009ce0       0x48 build\kernel\components\drivers\wlan\wlan_mgnt.o
                0x08009ce0                rt_wlan_get_rssi
 .text.rt_wlan_start_ap
                0x08009d28      0x188 build\kernel\components\drivers\wlan\wlan_mgnt.o
                0x08009d28                rt_wlan_start_ap
 .text.rt_wlan_start_ap_adv
                0x08009eb0      0x15c build\kernel\components\drivers\wlan\wlan_mgnt.o
                0x08009eb0                rt_wlan_start_ap_adv
 .text.rt_wlan_ap_is_active
                0x0800a00c       0x3c build\kernel\components\drivers\wlan\wlan_mgnt.o
                0x0800a00c                rt_wlan_ap_is_active
 .text.rt_wlan_ap_stop
                0x0800a048      0x114 build\kernel\components\drivers\wlan\wlan_mgnt.o
                0x0800a048                rt_wlan_ap_stop
 .text.rt_wlan_ap_get_info
                0x0800a15c       0x44 build\kernel\components\drivers\wlan\wlan_mgnt.o
                0x0800a15c                rt_wlan_ap_get_info
 .text.rt_wlan_ap_get_sta_num
                0x0800a1a0       0x34 build\kernel\components\drivers\wlan\wlan_mgnt.o
                0x0800a1a0                rt_wlan_ap_get_sta_num
 .text.rt_wlan_ap_get_sta_info
                0x0800a1d4       0x90 build\kernel\components\drivers\wlan\wlan_mgnt.o
                0x0800a1d4                rt_wlan_ap_get_sta_info
 .text.rt_wlan_get_autoreconnect_mode
                0x0800a264       0x34 build\kernel\components\drivers\wlan\wlan_mgnt.o
                0x0800a264                rt_wlan_get_autoreconnect_mode
 .text.rt_wlan_scan_sync
                0x0800a298       0x2c build\kernel\components\drivers\wlan\wlan_mgnt.o
                0x0800a298                rt_wlan_scan_sync
 .text.rt_wlan_scan_with_info
                0x0800a2c4      0x134 build\kernel\components\drivers\wlan\wlan_mgnt.o
                0x0800a2c4                rt_wlan_scan_with_info
 .text.rt_wlan_scan_result_clean
                0x0800a3f8       0x54 build\kernel\components\drivers\wlan\wlan_mgnt.o
                0x0800a3f8                rt_wlan_scan_result_clean
 .text.rt_wlan_prot_ready_event
                0x0800a44c       0x90 build\kernel\components\drivers\wlan\wlan_mgnt.o
                0x0800a44c                rt_wlan_prot_ready_event
 .text.rt_wlan_init
                0x0800a4dc       0xcc build\kernel\components\drivers\wlan\wlan_mgnt.o
                0x0800a4dc                rt_wlan_init
 .text.rt_wlan_prot_regisetr
                0x0800a5a8       0xf0 build\kernel\components\drivers\wlan\wlan_prot.o
                0x0800a5a8                rt_wlan_prot_regisetr
 .text.rt_wlan_prot_event_register
                0x0800a698       0x78 build\kernel\components\drivers\wlan\wlan_prot.o
                0x0800a698                rt_wlan_prot_event_register
 .text.rt_wlan_prot_transfer_dev
                0x0800a710       0x38 build\kernel\components\drivers\wlan\wlan_prot.o
                0x0800a710                rt_wlan_prot_transfer_dev
 .text.rt_wlan_prot_ready
                0x0800a748       0x1c build\kernel\components\drivers\wlan\wlan_prot.o
                0x0800a748                rt_wlan_prot_ready
 .text.rt_list_init
                0x0800a764       0x24 build\kernel\components\drivers\wlan\wlan_workqueue.o
 .text.rt_work_init
                0x0800a788       0x28 build\kernel\components\drivers\wlan\wlan_workqueue.o
 .text.rt_wlan_workqueue_fun
                0x0800a7b0       0x28 build\kernel\components\drivers\wlan\wlan_workqueue.o
 .text.rt_wlan_get_workqueue
                0x0800a7d8       0x18 build\kernel\components\drivers\wlan\wlan_workqueue.o
                0x0800a7d8                rt_wlan_get_workqueue
 .text.rt_wlan_workqueue_dowork
                0x0800a7f0       0xfc build\kernel\components\drivers\wlan\wlan_workqueue.o
                0x0800a7f0                rt_wlan_workqueue_dowork
 .text.rt_wlan_workqueue_init
                0x0800a8ec       0x70 build\kernel\components\drivers\wlan\wlan_workqueue.o
                0x0800a8ec                rt_wlan_workqueue_init
 .text.finsh_get_prompt
                0x0800a95c       0xa0 build\kernel\components\finsh\shell.o
                0x0800a95c                finsh_get_prompt
 .text.finsh_set_prompt_mode
                0x0800a9fc       0x48 build\kernel\components\finsh\shell.o
                0x0800a9fc                finsh_set_prompt_mode
 .text.finsh_getchar
                0x0800aa44       0x5c build\kernel\components\finsh\shell.o
 .text.finsh_rx_ind
                0x0800aaa0       0x3c build\kernel\components\finsh\shell.o
 .text.finsh_set_device
                0x0800aadc       0xd8 build\kernel\components\finsh\shell.o
                0x0800aadc                finsh_set_device
 .text.shell_auto_complete
                0x0800abb4       0x40 build\kernel\components\finsh\shell.o
 .text.shell_handle_history
                0x0800abf4       0x34 build\kernel\components\finsh\shell.o
 .text.shell_push_history
                0x0800ac28      0x160 build\kernel\components\finsh\shell.o
 .text.finsh_thread_entry
                0x0800ad88      0x5dc build\kernel\components\finsh\shell.o
                0x0800ad88                finsh_thread_entry
 .text.finsh_system_function_init
                0x0800b364       0x2c build\kernel\components\finsh\shell.o
                0x0800b364                finsh_system_function_init
 .text.finsh_system_var_init
                0x0800b390       0x2c build\kernel\components\finsh\shell.o
                0x0800b390                finsh_system_var_init
 .text.finsh_system_init
                0x0800b3bc       0xac build\kernel\components\finsh\shell.o
                0x0800b3bc                finsh_system_init
 .text.rt_list_isempty
                0x0800b468       0x24 build\kernel\components\finsh\cmd.o
 .text.rt_list_len
                0x0800b48c       0x38 build\kernel\components\finsh\cmd.o
 .text.hello    0x0800b4c4       0x14 build\kernel\components\finsh\cmd.o
                0x0800b4c4                hello
 .text.version  0x0800b4d8       0x10 build\kernel\components\finsh\cmd.o
                0x0800b4d8                version
 .text.object_split
                0x0800b4e8       0x28 build\kernel\components\finsh\cmd.o
 .text.list_find_init
                0x0800b510       0x48 build\kernel\components\finsh\cmd.o
 .text.list_get_next
                0x0800b558       0xc8 build\kernel\components\finsh\cmd.o
 .text.list_thread
                0x0800b620      0x208 build\kernel\components\finsh\cmd.o
                0x0800b620                list_thread
 .text.show_wait_queue
                0x0800b828       0x50 build\kernel\components\finsh\cmd.o
 .text.list_sem
                0x0800b878      0x12c build\kernel\components\finsh\cmd.o
                0x0800b878                list_sem
 .text.list_event
                0x0800b9a4      0x118 build\kernel\components\finsh\cmd.o
                0x0800b9a4                list_event
 .text.list_mutex
                0x0800babc       0xe8 build\kernel\components\finsh\cmd.o
                0x0800babc                list_mutex
 .text.list_mailbox
                0x0800bba4      0x13c build\kernel\components\finsh\cmd.o
                0x0800bba4                list_mailbox
 .text.list_msgqueue
                0x0800bce0      0x12c build\kernel\components\finsh\cmd.o
                0x0800bce0                list_msgqueue
 .text.list_mempool
                0x0800be0c      0x128 build\kernel\components\finsh\cmd.o
                0x0800be0c                list_mempool
 .text.list_timer
                0x0800bf34      0x108 build\kernel\components\finsh\cmd.o
                0x0800bf34                list_timer
 .text.list_device
                0x0800c03c       0xf0 build\kernel\components\finsh\cmd.o
                0x0800c03c                list_device
 .text.list     0x0800c12c       0x6c build\kernel\components\finsh\cmd.o
                0x0800c12c                list
 .text.msh_is_used
                0x0800c198       0x10 build\kernel\components\finsh\msh.o
                0x0800c198                msh_is_used
 .text.msh_help
                0x0800c1a8       0x7c build\kernel\components\finsh\msh.o
                0x0800c1a8                msh_help
 .text.msh_split
                0x0800c224      0x170 build\kernel\components\finsh\msh.o
 .text.msh_get_cmd
                0x0800c394       0x80 build\kernel\components\finsh\msh.o
 .text._msh_exec_cmd
                0x0800c414       0xd4 build\kernel\components\finsh\msh.o
 .text.msh_exec
                0x0800c4e8       0x84 build\kernel\components\finsh\msh.o
                0x0800c4e8                msh_exec
 .text.str_common
                0x0800c56c       0x4c build\kernel\components\finsh\msh.o
 .text.msh_auto_complete
                0x0800c5b8       0xd0 build\kernel\components\finsh\msh.o
                0x0800c5b8                msh_auto_complete
 .text.cmd_ifconfig
                0x0800c688       0x98 build\kernel\components\finsh\msh_cmd.o
                0x0800c688                cmd_ifconfig
 .text.cmd_dns  0x0800c720       0x80 build\kernel\components\finsh\msh_cmd.o
                0x0800c720                cmd_dns
 .text.cmd_netstat
                0x0800c7a0       0x1c build\kernel\components\finsh\msh_cmd.o
                0x0800c7a0                cmd_netstat
 .text.cmd_ps   0x0800c7bc       0x18 build\kernel\components\finsh\msh_cmd.o
                0x0800c7bc                cmd_ps
 .text.cmd_time
                0x0800c7d4       0x18 build\kernel\components\finsh\msh_cmd.o
                0x0800c7d4                cmd_time
 .text.cmd_free
                0x0800c7ec       0x18 build\kernel\components\finsh\msh_cmd.o
                0x0800c7ec                cmd_free
 .text.rand_r   0x0800c804       0x74 build\kernel\components\libc\compilers\minilibc\rand.o
                0x0800c804                rand_r
 .text.rand     0x0800c878       0x14 build\kernel\components\libc\compilers\minilibc\rand.o
                0x0800c878                rand
                0x0800c878                random
 .text.malloc   0x0800c88c       0x18 build\kernel\components\libc\compilers\minilibc\stdlib.o
                0x0800c88c                malloc
 .text.strcpy   0x0800c8a4       0x28 build\kernel\components\libc\compilers\minilibc\string.o
                0x0800c8a4                strcpy
 .text.strncpy  0x0800c8cc       0x20 build\kernel\components\libc\compilers\minilibc\string.o
                0x0800c8cc                strncpy
 .text.strncmp  0x0800c8ec       0x4c build\kernel\components\libc\compilers\minilibc\string.o
                0x0800c8ec                strncmp
 .text.strcat   0x0800c938       0x44 build\kernel\components\libc\compilers\minilibc\string.o
                0x0800c938                strcat
 .text.netif_device_init
                0x0800c97c       0x48 build\kernel\components\net\lwip-2.0.2\src\arch\sys_arch.o
 .text.tcpip_init_done_callback
                0x0800c9c4      0x118 build\kernel\components\net\lwip-2.0.2\src\arch\sys_arch.o
 .text.lwip_system_init
                0x0800cadc       0xb8 build\kernel\components\net\lwip-2.0.2\src\arch\sys_arch.o
                0x0800cadc                lwip_system_init
 .text.sys_init
                0x0800cb94       0x10 build\kernel\components\net\lwip-2.0.2\src\arch\sys_arch.o
                0x0800cb94                sys_init
 .text.sys_mutex_new
                0x0800cba4       0x94 build\kernel\components\net\lwip-2.0.2\src\arch\sys_arch.o
                0x0800cba4                sys_mutex_new
 .text.sys_mutex_lock
                0x0800cc38       0x54 build\kernel\components\net\lwip-2.0.2\src\arch\sys_arch.o
                0x0800cc38                sys_mutex_lock
 .text.sys_mutex_unlock
                0x0800cc8c       0x1c build\kernel\components\net\lwip-2.0.2\src\arch\sys_arch.o
                0x0800cc8c                sys_mutex_unlock
 .text.sys_mbox_new
                0x0800cca8       0x98 build\kernel\components\net\lwip-2.0.2\src\arch\sys_arch.o
                0x0800cca8                sys_mbox_new
 .text.sys_mbox_post
                0x0800cd40       0x58 build\kernel\components\net\lwip-2.0.2\src\arch\sys_arch.o
                0x0800cd40                sys_mbox_post
 .text.sys_mbox_trypost
                0x0800cd98       0x30 build\kernel\components\net\lwip-2.0.2\src\arch\sys_arch.o
                0x0800cd98                sys_mbox_trypost
 .text.sys_arch_mbox_fetch
                0x0800cdc8       0xc4 build\kernel\components\net\lwip-2.0.2\src\arch\sys_arch.o
                0x0800cdc8                sys_arch_mbox_fetch
 .text.sys_mbox_valid
                0x0800ce8c       0x18 build\kernel\components\net\lwip-2.0.2\src\arch\sys_arch.o
                0x0800ce8c                sys_mbox_valid
 .text.sys_thread_new
                0x0800cea4       0x84 build\kernel\components\net\lwip-2.0.2\src\arch\sys_arch.o
                0x0800cea4                sys_thread_new
 .text.sys_arch_assert
                0x0800cf28       0x3c build\kernel\components\net\lwip-2.0.2\src\arch\sys_arch.o
                0x0800cf28                sys_arch_assert
 .text.sys_now  0x0800cf64       0x10 build\kernel\components\net\lwip-2.0.2\src\arch\sys_arch.o
                0x0800cf64                sys_now
 .text.mem_init
                0x0800cf74       0x10 build\kernel\components\net\lwip-2.0.2\src\arch\sys_arch.o
                0x0800cf74                mem_init
 .text.mem_trim
                0x0800cf84       0x1c build\kernel\components\net\lwip-2.0.2\src\arch\sys_arch.o
                0x0800cf84                mem_trim
 .text.mem_malloc
                0x0800cfa0       0x1c build\kernel\components\net\lwip-2.0.2\src\arch\sys_arch.o
                0x0800cfa0                mem_malloc
 .text.mem_free
                0x0800cfbc       0x18 build\kernel\components\net\lwip-2.0.2\src\arch\sys_arch.o
                0x0800cfbc                mem_free
 .text.netifapi_do_netif_add
                0x0800cfd4       0x50 build\kernel\components\net\lwip-2.0.2\src\api\netifapi.o
 .text.netifapi_do_netif_common
                0x0800d024       0x3c build\kernel\components\net\lwip-2.0.2\src\api\netifapi.o
 .text.netifapi_netif_add
                0x0800d060       0x70 build\kernel\components\net\lwip-2.0.2\src\api\netifapi.o
                0x0800d060                netifapi_netif_add
 .text.netifapi_netif_common
                0x0800d0d0       0x3c build\kernel\components\net\lwip-2.0.2\src\api\netifapi.o
                0x0800d0d0                netifapi_netif_common
 .text.tcpip_thread
                0x0800d10c       0xcc build\kernel\components\net\lwip-2.0.2\src\api\tcpip.o
 .text.tcpip_inpkt
                0x0800d1d8       0x88 build\kernel\components\net\lwip-2.0.2\src\api\tcpip.o
                0x0800d1d8                tcpip_inpkt
 .text.tcpip_input
                0x0800d260       0x44 build\kernel\components\net\lwip-2.0.2\src\api\tcpip.o
                0x0800d260                tcpip_input
 .text.tcpip_callback_with_block
                0x0800d2a4       0x94 build\kernel\components\net\lwip-2.0.2\src\api\tcpip.o
                0x0800d2a4                tcpip_callback_with_block
 .text.tcpip_api_call
                0x0800d338       0x30 build\kernel\components\net\lwip-2.0.2\src\api\tcpip.o
                0x0800d338                tcpip_api_call
 .text.tcpip_init
                0x0800d368       0x94 build\kernel\components\net\lwip-2.0.2\src\api\tcpip.o
                0x0800d368                tcpip_init
 .text.lwip_htons
                0x0800d3fc       0x1c build\kernel\components\net\lwip-2.0.2\src\core\def.o
                0x0800d3fc                lwip_htons
 .text.lwip_htonl
                0x0800d418       0x34 build\kernel\components\net\lwip-2.0.2\src\core\def.o
                0x0800d418                lwip_htonl
 .text.dns_init
                0x0800d44c       0x10 build\kernel\components\net\lwip-2.0.2\src\core\dns.o
                0x0800d44c                dns_init
 .text.dns_setserver
                0x0800d45c       0x48 build\kernel\components\net\lwip-2.0.2\src\core\dns.o
                0x0800d45c                dns_setserver
 .text.dns_getserver
                0x0800d4a4       0x30 build\kernel\components\net\lwip-2.0.2\src\core\dns.o
                0x0800d4a4                dns_getserver
 .text.dns_tmr  0x0800d4d4        0xc build\kernel\components\net\lwip-2.0.2\src\core\dns.o
                0x0800d4d4                dns_tmr
 .text.dns_send
                0x0800d4e0      0x1bc build\kernel\components\net\lwip-2.0.2\src\core\dns.o
 .text.dns_call_found
                0x0800d69c      0x180 build\kernel\components\net\lwip-2.0.2\src\core\dns.o
 .text.dns_create_txid
                0x0800d81c       0x60 build\kernel\components\net\lwip-2.0.2\src\core\dns.o
 .text.dns_check_entry
                0x0800d87c      0x160 build\kernel\components\net\lwip-2.0.2\src\core\dns.o
 .text.dns_check_entries
                0x0800d9dc       0x28 build\kernel\components\net\lwip-2.0.2\src\core\dns.o
 .text.lwip_standard_chksum
                0x0800da04       0xbc build\kernel\components\net\lwip-2.0.2\src\core\inet_chksum.o
                0x0800da04                lwip_standard_chksum
 .text.inet_cksum_pseudo_base
                0x0800dac0       0xd8 build\kernel\components\net\lwip-2.0.2\src\core\inet_chksum.o
 .text.inet_chksum_pseudo
                0x0800db98       0x70 build\kernel\components\net\lwip-2.0.2\src\core\inet_chksum.o
                0x0800db98                inet_chksum_pseudo
 .text.ip_chksum_pseudo
                0x0800dc08       0x2c build\kernel\components\net\lwip-2.0.2\src\core\inet_chksum.o
                0x0800dc08                ip_chksum_pseudo
 .text.inet_chksum
                0x0800dc34       0x24 build\kernel\components\net\lwip-2.0.2\src\core\inet_chksum.o
                0x0800dc34                inet_chksum
 .text.inet_chksum_pbuf
                0x0800dc58       0x94 build\kernel\components\net\lwip-2.0.2\src\core\inet_chksum.o
                0x0800dc58                inet_chksum_pbuf
 .text.lwip_init
                0x0800dcec       0x34 build\kernel\components\net\lwip-2.0.2\src\core\init.o
                0x0800dcec                lwip_init
 .text.memp_overflow_check_element_overflow
                0x0800dd20       0x98 build\kernel\components\net\lwip-2.0.2\src\core\memp.o
 .text.memp_overflow_check_element_underflow
                0x0800ddb8       0x90 build\kernel\components\net\lwip-2.0.2\src\core\memp.o
 .text.memp_overflow_init_element
                0x0800de48       0x38 build\kernel\components\net\lwip-2.0.2\src\core\memp.o
 .text.memp_init_pool
                0x0800de80       0x64 build\kernel\components\net\lwip-2.0.2\src\core\memp.o
                0x0800de80                memp_init_pool
 .text.memp_init
                0x0800dee4       0x34 build\kernel\components\net\lwip-2.0.2\src\core\memp.o
                0x0800dee4                memp_init
 .text.do_memp_malloc_pool_fn
                0x0800df18       0x84 build\kernel\components\net\lwip-2.0.2\src\core\memp.o
 .text.memp_malloc_fn
                0x0800df9c       0x54 build\kernel\components\net\lwip-2.0.2\src\core\memp.o
                0x0800df9c                memp_malloc_fn
 .text.do_memp_free_pool
                0x0800dff0       0x64 build\kernel\components\net\lwip-2.0.2\src\core\memp.o
 .text.memp_free
                0x0800e054       0x50 build\kernel\components\net\lwip-2.0.2\src\core\memp.o
                0x0800e054                memp_free
 .text.netif_init
                0x0800e0a4       0x10 build\kernel\components\net\lwip-2.0.2\src\core\netif.o
                0x0800e0a4                netif_init
 .text.netif_add
                0x0800e0b4       0xd4 build\kernel\components\net\lwip-2.0.2\src\core\netif.o
                0x0800e0b4                netif_add
 .text.netif_set_addr
                0x0800e188       0x58 build\kernel\components\net\lwip-2.0.2\src\core\netif.o
                0x0800e188                netif_set_addr
 .text.netif_set_ipaddr
                0x0800e1e0       0x80 build\kernel\components\net\lwip-2.0.2\src\core\netif.o
                0x0800e1e0                netif_set_ipaddr
 .text.netif_set_gw
                0x0800e260       0x28 build\kernel\components\net\lwip-2.0.2\src\core\netif.o
                0x0800e260                netif_set_gw
 .text.netif_set_netmask
                0x0800e288       0x28 build\kernel\components\net\lwip-2.0.2\src\core\netif.o
                0x0800e288                netif_set_netmask
 .text.netif_set_default
                0x0800e2b0       0x20 build\kernel\components\net\lwip-2.0.2\src\core\netif.o
                0x0800e2b0                netif_set_default
 .text.netif_set_up
                0x0800e2d0       0x58 build\kernel\components\net\lwip-2.0.2\src\core\netif.o
                0x0800e2d0                netif_set_up
 .text.netif_issue_reports
                0x0800e328       0x58 build\kernel\components\net\lwip-2.0.2\src\core\netif.o
 .text.netif_set_link_up
                0x0800e380       0x4c build\kernel\components\net\lwip-2.0.2\src\core\netif.o
                0x0800e380                netif_set_link_up
 .text.netif_set_link_down
                0x0800e3cc       0x34 build\kernel\components\net\lwip-2.0.2\src\core\netif.o
                0x0800e3cc                netif_set_link_down
 .text.pbuf_free_ooseq
                0x0800e400       0x50 build\kernel\components\net\lwip-2.0.2\src\core\pbuf.o
 .text.pbuf_free_ooseq_callback
                0x0800e450       0x14 build\kernel\components\net\lwip-2.0.2\src\core\pbuf.o
 .text.pbuf_pool_is_empty
                0x0800e464       0x50 build\kernel\components\net\lwip-2.0.2\src\core\pbuf.o
 .text.pbuf_alloc
                0x0800e4b4      0x34c build\kernel\components\net\lwip-2.0.2\src\core\pbuf.o
                0x0800e4b4                pbuf_alloc
 .text.pbuf_realloc
                0x0800e800      0x158 build\kernel\components\net\lwip-2.0.2\src\core\pbuf.o
                0x0800e800                pbuf_realloc
 .text.pbuf_header_impl
                0x0800e958      0x148 build\kernel\components\net\lwip-2.0.2\src\core\pbuf.o
 .text.pbuf_header
                0x0800eaa0       0x24 build\kernel\components\net\lwip-2.0.2\src\core\pbuf.o
                0x0800eaa0                pbuf_header
 .text.pbuf_header_force
                0x0800eac4       0x24 build\kernel\components\net\lwip-2.0.2\src\core\pbuf.o
                0x0800eac4                pbuf_header_force
 .text.pbuf_free
                0x0800eae8      0x100 build\kernel\components\net\lwip-2.0.2\src\core\pbuf.o
                0x0800eae8                pbuf_free
 .text.pbuf_clen
                0x0800ebe8       0x30 build\kernel\components\net\lwip-2.0.2\src\core\pbuf.o
                0x0800ebe8                pbuf_clen
 .text.pbuf_ref
                0x0800ec18       0x4c build\kernel\components\net\lwip-2.0.2\src\core\pbuf.o
                0x0800ec18                pbuf_ref
 .text.pbuf_cat
                0x0800ec64       0xac build\kernel\components\net\lwip-2.0.2\src\core\pbuf.o
                0x0800ec64                pbuf_cat
 .text.pbuf_chain
                0x0800ed10       0x20 build\kernel\components\net\lwip-2.0.2\src\core\pbuf.o
                0x0800ed10                pbuf_chain
 .text.pbuf_copy
                0x0800ed30      0x1a0 build\kernel\components\net\lwip-2.0.2\src\core\pbuf.o
                0x0800ed30                pbuf_copy
 .text.pbuf_copy_partial
                0x0800eed0       0xf4 build\kernel\components\net\lwip-2.0.2\src\core\pbuf.o
                0x0800eed0                pbuf_copy_partial
 .text.pbuf_skip_const
                0x0800efc4       0x54 build\kernel\components\net\lwip-2.0.2\src\core\pbuf.o
 .text.pbuf_skip
                0x0800f018       0x28 build\kernel\components\net\lwip-2.0.2\src\core\pbuf.o
                0x0800f018                pbuf_skip
 .text.pbuf_take
                0x0800f040      0x128 build\kernel\components\net\lwip-2.0.2\src\core\pbuf.o
                0x0800f040                pbuf_take
 .text.pbuf_take_at
                0x0800f168       0xa4 build\kernel\components\net\lwip-2.0.2\src\core\pbuf.o
                0x0800f168                pbuf_take_at
 .text.pbuf_put_at
                0x0800f20c       0x44 build\kernel\components\net\lwip-2.0.2\src\core\pbuf.o
                0x0800f20c                pbuf_put_at
 .text.tcp_init
                0x0800f250       0x10 build\kernel\components\net\lwip-2.0.2\src\core\tcp.o
                0x0800f250                tcp_init
 .text.tcp_tmr  0x0800f260       0x2c build\kernel\components\net\lwip-2.0.2\src\core\tcp.o
                0x0800f260                tcp_tmr
 .text.tcp_remove_listener
                0x0800f28c       0x38 build\kernel\components\net\lwip-2.0.2\src\core\tcp.o
 .text.tcp_listen_closed
                0x0800f2c4       0x70 build\kernel\components\net\lwip-2.0.2\src\core\tcp.o
 .text.tcp_close_shutdown
                0x0800f334      0x1cc build\kernel\components\net\lwip-2.0.2\src\core\tcp.o
 .text.tcp_close_shutdown_fin
                0x0800f500       0xc8 build\kernel\components\net\lwip-2.0.2\src\core\tcp.o
 .text.tcp_close
                0x0800f5c8       0x30 build\kernel\components\net\lwip-2.0.2\src\core\tcp.o
                0x0800f5c8                tcp_close
 .text.tcp_abandon
                0x0800f5f8      0x160 build\kernel\components\net\lwip-2.0.2\src\core\tcp.o
                0x0800f5f8                tcp_abandon
 .text.tcp_abort
                0x0800f758       0x18 build\kernel\components\net\lwip-2.0.2\src\core\tcp.o
                0x0800f758                tcp_abort
 .text.tcp_update_rcv_ann_wnd
                0x0800f770       0xa0 build\kernel\components\net\lwip-2.0.2\src\core\tcp.o
                0x0800f770                tcp_update_rcv_ann_wnd
 .text.tcp_recved
                0x0800f810       0xb4 build\kernel\components\net\lwip-2.0.2\src\core\tcp.o
                0x0800f810                tcp_recved
 .text.tcp_slowtmr
                0x0800f8c4      0x590 build\kernel\components\net\lwip-2.0.2\src\core\tcp.o
                0x0800f8c4                tcp_slowtmr
 .text.tcp_fasttmr
                0x0800fe54       0xc8 build\kernel\components\net\lwip-2.0.2\src\core\tcp.o
                0x0800fe54                tcp_fasttmr
 .text.tcp_process_refused_data
                0x0800ff1c       0xd4 build\kernel\components\net\lwip-2.0.2\src\core\tcp.o
                0x0800ff1c                tcp_process_refused_data
 .text.tcp_segs_free
                0x0800fff0       0x28 build\kernel\components\net\lwip-2.0.2\src\core\tcp.o
                0x0800fff0                tcp_segs_free
 .text.tcp_seg_free
                0x08010018       0x30 build\kernel\components\net\lwip-2.0.2\src\core\tcp.o
                0x08010018                tcp_seg_free
 .text.tcp_seg_copy
                0x08010048       0x44 build\kernel\components\net\lwip-2.0.2\src\core\tcp.o
                0x08010048                tcp_seg_copy
 .text.tcp_recv_null
                0x0801008c       0x44 build\kernel\components\net\lwip-2.0.2\src\core\tcp.o
                0x0801008c                tcp_recv_null
 .text.tcp_kill_prio
                0x080100d0       0x84 build\kernel\components\net\lwip-2.0.2\src\core\tcp.o
 .text.tcp_kill_state
                0x08010154       0x94 build\kernel\components\net\lwip-2.0.2\src\core\tcp.o
 .text.tcp_kill_timewait
                0x080101e8       0x60 build\kernel\components\net\lwip-2.0.2\src\core\tcp.o
 .text.tcp_alloc
                0x08010248      0x138 build\kernel\components\net\lwip-2.0.2\src\core\tcp.o
                0x08010248                tcp_alloc
 .text.tcp_pcb_purge
                0x08010380       0x84 build\kernel\components\net\lwip-2.0.2\src\core\tcp.o
                0x08010380                tcp_pcb_purge
 .text.tcp_pcb_remove
                0x08010404       0xf8 build\kernel\components\net\lwip-2.0.2\src\core\tcp.o
                0x08010404                tcp_pcb_remove
 .text.tcp_next_iss
                0x080104fc       0x30 build\kernel\components\net\lwip-2.0.2\src\core\tcp.o
                0x080104fc                tcp_next_iss
 .text.tcp_eff_send_mss_impl
                0x0801052c       0x48 build\kernel\components\net\lwip-2.0.2\src\core\tcp.o
                0x0801052c                tcp_eff_send_mss_impl
 .text.tcp_netif_ip_addr_changed_pcblist
                0x08010574       0x44 build\kernel\components\net\lwip-2.0.2\src\core\tcp.o
 .text.tcp_netif_ip_addr_changed
                0x080105b8       0x80 build\kernel\components\net\lwip-2.0.2\src\core\tcp.o
                0x080105b8                tcp_netif_ip_addr_changed
 .text.tcp_debug_state_str
                0x08010638       0x24 build\kernel\components\net\lwip-2.0.2\src\core\tcp.o
                0x08010638                tcp_debug_state_str
 .text.tcp_input
                0x0801065c      0x7f8 build\kernel\components\net\lwip-2.0.2\src\core\tcp_in.o
                0x0801065c                tcp_input
 .text.tcp_listen_input
                0x08010e54      0x1c4 build\kernel\components\net\lwip-2.0.2\src\core\tcp_in.o
 .text.tcp_timewait_input
                0x08011018       0xd0 build\kernel\components\net\lwip-2.0.2\src\core\tcp_in.o
 .text.tcp_process
                0x080110e8      0x778 build\kernel\components\net\lwip-2.0.2\src\core\tcp_in.o
 .text.tcp_oos_insert_segment
                0x08011860       0xec build\kernel\components\net\lwip-2.0.2\src\core\tcp_in.o
 .text.tcp_receive
                0x0801194c      0xffc build\kernel\components\net\lwip-2.0.2\src\core\tcp_in.o
 .text.tcp_getoptbyte
                0x08012948       0x78 build\kernel\components\net\lwip-2.0.2\src\core\tcp_in.o
 .text.tcp_parseopt
                0x080129c0       0xc8 build\kernel\components\net\lwip-2.0.2\src\core\tcp_in.o
 .text.tcp_trigger_input_pcb_close
                0x08012a88       0x20 build\kernel\components\net\lwip-2.0.2\src\core\tcp_in.o
                0x08012a88                tcp_trigger_input_pcb_close
 .text.tcp_output_alloc_header
                0x08012aa8       0xf4 build\kernel\components\net\lwip-2.0.2\src\core\tcp_out.o
 .text.tcp_send_fin
                0x08012b9c       0x7c build\kernel\components\net\lwip-2.0.2\src\core\tcp_out.o
                0x08012b9c                tcp_send_fin
 .text.tcp_create_segment
                0x08012c18      0x118 build\kernel\components\net\lwip-2.0.2\src\core\tcp_out.o
 .text.tcp_enqueue_flags
                0x08012d30      0x204 build\kernel\components\net\lwip-2.0.2\src\core\tcp_out.o
                0x08012d30                tcp_enqueue_flags
 .text.tcp_send_empty_ack
                0x08012f34       0xdc build\kernel\components\net\lwip-2.0.2\src\core\tcp_out.o
                0x08012f34                tcp_send_empty_ack
 .text.tcp_output
                0x08013010      0x3c4 build\kernel\components\net\lwip-2.0.2\src\core\tcp_out.o
                0x08013010                tcp_output
 .text.tcp_output_segment
                0x080133d4      0x160 build\kernel\components\net\lwip-2.0.2\src\core\tcp_out.o
 .text.tcp_rst  0x08013534      0x104 build\kernel\components\net\lwip-2.0.2\src\core\tcp_out.o
                0x08013534                tcp_rst
 .text.tcp_rexmit_rto
                0x08013638       0x6c build\kernel\components\net\lwip-2.0.2\src\core\tcp_out.o
                0x08013638                tcp_rexmit_rto
 .text.tcp_rexmit
                0x080136a4       0xa0 build\kernel\components\net\lwip-2.0.2\src\core\tcp_out.o
                0x080136a4                tcp_rexmit
 .text.tcp_rexmit_fast
                0x08013744       0x9c build\kernel\components\net\lwip-2.0.2\src\core\tcp_out.o
                0x08013744                tcp_rexmit_fast
 .text.tcp_keepalive
                0x080137e0       0xa0 build\kernel\components\net\lwip-2.0.2\src\core\tcp_out.o
                0x080137e0                tcp_keepalive
 .text.tcp_zero_window_probe
                0x08013880      0x158 build\kernel\components\net\lwip-2.0.2\src\core\tcp_out.o
                0x08013880                tcp_zero_window_probe
 .text.tcpip_tcp_timer
                0x080139d8       0x48 build\kernel\components\net\lwip-2.0.2\src\core\timeouts.o
 .text.tcp_timer_needed
                0x08013a20       0x40 build\kernel\components\net\lwip-2.0.2\src\core\timeouts.o
                0x08013a20                tcp_timer_needed
 .text.cyclic_timer
                0x08013a60       0x2c build\kernel\components\net\lwip-2.0.2\src\core\timeouts.o
 .text.sys_timeouts_init
                0x08013a8c       0x50 build\kernel\components\net\lwip-2.0.2\src\core\timeouts.o
                0x08013a8c                sys_timeouts_init
 .text.sys_timeout
                0x08013adc      0x148 build\kernel\components\net\lwip-2.0.2\src\core\timeouts.o
                0x08013adc                sys_timeout
 .text.sys_check_timeouts
                0x08013c24       0xa4 build\kernel\components\net\lwip-2.0.2\src\core\timeouts.o
 .text.sys_timeouts_sleeptime
                0x08013cc8       0x4c build\kernel\components\net\lwip-2.0.2\src\core\timeouts.o
 .text.sys_timeouts_mbox_fetch
                0x08013d14       0x4c build\kernel\components\net\lwip-2.0.2\src\core\timeouts.o
                0x08013d14                sys_timeouts_mbox_fetch
 .text.udp_init
                0x08013d60       0x10 build\kernel\components\net\lwip-2.0.2\src\core\udp.o
                0x08013d60                udp_init
 .text.udp_new_port
                0x08013d70       0x70 build\kernel\components\net\lwip-2.0.2\src\core\udp.o
 .text.udp_input_local_match
                0x08013de0       0x84 build\kernel\components\net\lwip-2.0.2\src\core\udp.o
 .text.udp_input
                0x08013e64      0x208 build\kernel\components\net\lwip-2.0.2\src\core\udp.o
                0x08013e64                udp_input
 .text.udp_sendto
                0x0801406c       0x80 build\kernel\components\net\lwip-2.0.2\src\core\udp.o
                0x0801406c                udp_sendto
 .text.udp_sendto_if
                0x080140ec       0x7c build\kernel\components\net\lwip-2.0.2\src\core\udp.o
                0x080140ec                udp_sendto_if
 .text.udp_sendto_if_src
                0x08014168      0x1c0 build\kernel\components\net\lwip-2.0.2\src\core\udp.o
                0x08014168                udp_sendto_if_src
 .text.udp_bind
                0x08014328       0xf8 build\kernel\components\net\lwip-2.0.2\src\core\udp.o
                0x08014328                udp_bind
 .text.udp_connect
                0x08014420       0xac build\kernel\components\net\lwip-2.0.2\src\core\udp.o
                0x08014420                udp_connect
 .text.udp_recv
                0x080144cc       0x24 build\kernel\components\net\lwip-2.0.2\src\core\udp.o
                0x080144cc                udp_recv
 .text.udp_remove
                0x080144f0       0x64 build\kernel\components\net\lwip-2.0.2\src\core\udp.o
                0x080144f0                udp_remove
 .text.udp_new  0x08014554       0x40 build\kernel\components\net\lwip-2.0.2\src\core\udp.o
                0x08014554                udp_new
 .text.udp_netif_ip_addr_changed
                0x08014594       0x60 build\kernel\components\net\lwip-2.0.2\src\core\udp.o
                0x08014594                udp_netif_ip_addr_changed
 .text.ethernet_input
                0x080145f4      0x124 build\kernel\components\net\lwip-2.0.2\src\netif\ethernet.o
                0x080145f4                ethernet_input
 .text.ethernet_output
                0x08014718       0x8c build\kernel\components\net\lwip-2.0.2\src\netif\ethernet.o
                0x08014718                ethernet_output
 .text.ethernetif_linkoutput
                0x080147a4       0x60 build\kernel\components\net\lwip-2.0.2\src\netif\ethernetif.o
 .text.eth_netif_device_init
                0x08014804       0x8c build\kernel\components\net\lwip-2.0.2\src\netif\ethernetif.o
 .text.eth_device_init_with_flag
                0x08014890      0x104 build\kernel\components\net\lwip-2.0.2\src\netif\ethernetif.o
                0x08014890                eth_device_init_with_flag
 .text.eth_device_init
                0x08014994       0x2c build\kernel\components\net\lwip-2.0.2\src\netif\ethernetif.o
                0x08014994                eth_device_init
 .text.eth_device_ready
                0x080149c0       0x2c build\kernel\components\net\lwip-2.0.2\src\netif\ethernetif.o
                0x080149c0                eth_device_ready
 .text.eth_device_linkchange
                0x080149ec       0x6c build\kernel\components\net\lwip-2.0.2\src\netif\ethernetif.o
                0x080149ec                eth_device_linkchange
 .text.eth_tx_thread_entry
                0x08014a58       0x80 build\kernel\components\net\lwip-2.0.2\src\netif\ethernetif.o
 .text.eth_rx_thread_entry
                0x08014ad8       0xd8 build\kernel\components\net\lwip-2.0.2\src\netif\ethernetif.o
 .text.eth_system_device_init_private
                0x08014bb0      0x134 build\kernel\components\net\lwip-2.0.2\src\netif\ethernetif.o
                0x08014bb0                eth_system_device_init_private
 .text.set_if   0x08014ce4       0xd4 build\kernel\components\net\lwip-2.0.2\src\netif\ethernetif.o
                0x08014ce4                set_if
 .text.set_dns  0x08014db8       0x34 build\kernel\components\net\lwip-2.0.2\src\netif\ethernetif.o
                0x08014db8                set_dns
 .text.list_if  0x08014dec      0x1d4 build\kernel\components\net\lwip-2.0.2\src\netif\ethernetif.o
                0x08014dec                list_if
 .text.list_tcps
                0x08014fc0      0x1a0 build\kernel\components\net\lwip-2.0.2\src\netif\ethernetif.o
                0x08014fc0                list_tcps
 .text.list_udps
                0x08015160       0x9c build\kernel\components\net\lwip-2.0.2\src\netif\ethernetif.o
                0x08015160                list_udps
 .text.dhcp_inc_pcb_refcount
                0x080151fc       0xa0 build\kernel\components\net\lwip-2.0.2\src\core\ipv4\dhcp.o
 .text.dhcp_dec_pcb_refcount
                0x0801529c       0x54 build\kernel\components\net\lwip-2.0.2\src\core\ipv4\dhcp.o
 .text.dhcp_handle_nak
                0x080152f0       0x34 build\kernel\components\net\lwip-2.0.2\src\core\ipv4\dhcp.o
 .text.dhcp_check
                0x08015324       0x68 build\kernel\components\net\lwip-2.0.2\src\core\ipv4\dhcp.o
 .text.dhcp_handle_offer
                0x0801538c       0x48 build\kernel\components\net\lwip-2.0.2\src\core\ipv4\dhcp.o
 .text.dhcp_select
                0x080153d4      0x14c build\kernel\components\net\lwip-2.0.2\src\core\ipv4\dhcp.o
 .text.dhcp_coarse_tmr
                0x08015520       0xa8 build\kernel\components\net\lwip-2.0.2\src\core\ipv4\dhcp.o
                0x08015520                dhcp_coarse_tmr
 .text.dhcp_fine_tmr
                0x080155c8       0x64 build\kernel\components\net\lwip-2.0.2\src\core\ipv4\dhcp.o
                0x080155c8                dhcp_fine_tmr
 .text.dhcp_timeout
                0x0801562c       0x94 build\kernel\components\net\lwip-2.0.2\src\core\ipv4\dhcp.o
 .text.dhcp_t1_timeout
                0x080156c0       0x5c build\kernel\components\net\lwip-2.0.2\src\core\ipv4\dhcp.o
 .text.dhcp_t2_timeout
                0x0801571c       0x64 build\kernel\components\net\lwip-2.0.2\src\core\ipv4\dhcp.o
 .text.dhcp_handle_ack
                0x08015780      0x100 build\kernel\components\net\lwip-2.0.2\src\core\ipv4\dhcp.o
 .text.dhcp_start
                0x08015880      0x11c build\kernel\components\net\lwip-2.0.2\src\core\ipv4\dhcp.o
                0x08015880                dhcp_start
 .text.dhcp_network_changed
                0x0801599c       0x7c build\kernel\components\net\lwip-2.0.2\src\core\ipv4\dhcp.o
                0x0801599c                dhcp_network_changed
 .text.dhcp_arp_reply
                0x08015a18       0x58 build\kernel\components\net\lwip-2.0.2\src\core\ipv4\dhcp.o
                0x08015a18                dhcp_arp_reply
 .text.dhcp_decline
                0x08015a70       0xd4 build\kernel\components\net\lwip-2.0.2\src\core\ipv4\dhcp.o
 .text.dhcp_discover
                0x08015b44      0x118 build\kernel\components\net\lwip-2.0.2\src\core\ipv4\dhcp.o
 .text.dhcp_bind
                0x08015c5c      0x1b4 build\kernel\components\net\lwip-2.0.2\src\core\ipv4\dhcp.o
 .text.dhcp_renew
                0x08015e10      0x10c build\kernel\components\net\lwip-2.0.2\src\core\ipv4\dhcp.o
                0x08015e10                dhcp_renew
 .text.dhcp_rebind
                0x08015f1c      0x10c build\kernel\components\net\lwip-2.0.2\src\core\ipv4\dhcp.o
 .text.dhcp_reboot
                0x08016028      0x128 build\kernel\components\net\lwip-2.0.2\src\core\ipv4\dhcp.o
 .text.dhcp_release
                0x08016150      0x110 build\kernel\components\net\lwip-2.0.2\src\core\ipv4\dhcp.o
                0x08016150                dhcp_release
 .text.dhcp_stop
                0x08016260       0x70 build\kernel\components\net\lwip-2.0.2\src\core\ipv4\dhcp.o
                0x08016260                dhcp_stop
 .text.dhcp_set_state
                0x080162d0       0x34 build\kernel\components\net\lwip-2.0.2\src\core\ipv4\dhcp.o
 .text.dhcp_option